Eeprom.c:10:9:flash_ready	0	static
Eeprom.c:15:6:flash_erase_page	0	static
Eeprom.c:32:6:flash_unlock	0	static
Eeprom.c:38:6:flash_lock	0	static
Eeprom.c:45:6:flash_write	8	static
Eeprom.c:72:6:flash_write_block	16	static,ignoring_inline_asm
Eeprom.c:96:9:flash_read_block	8	static
Eeprom.c:114:10:flash_read	16	static
Eeprom.c:292:9:CalibrationWriteToFlash	8	static
Eeprom.c:308:9:CalibrationFactoryWriteToFlash	8	static
Eeprom.c:323:9:CalibrationReadFromFlash	16	static
Eeprom.c:337:9:CalibrationReadFromFlashForVerify	16	static
Eeprom.c:352:9:SettingsWriteToFlash	8	static
Eeprom.c:366:9:SettingsFactoryWriteToFlash	8	static
Eeprom.c:380:9:SettingsReadFromFlash	8	static
Eeprom.c:393:9:SettingsReadFromFlashForVerify	8	static
Eeprom.c:407:9:DataWhenPowerOffWriteToFlash	8	static
Eeprom.c:417:9:DataWhenPowerOff_Factory_WriteToFlash	8	static
Eeprom.c:426:9:DataWhenPowerOffReadFromFlash	16	static
Eeprom.c:434:9:DataWhenPowerOffReadFromFlashForVerify	16	static
Eeprom.c:448:9:ReadFromFlash	16	static,ignoring_inline_asm
Eeprom.c:475:6:CalcCRC8	272	static
Eeprom.c:133:9:CalibrationWriteToFlash_CRC	16	static,ignoring_inline_asm
Eeprom.c:160:9:SettingsWriteToFlash_CRC	16	static,ignoring_inline_asm
Eeprom.c:191:9:DataWhenPowerOffWriteToFlash_CRC	16	static,ignoring_inline_asm
Eeprom.c:219:9:FactoryWriteToFlash_CRC	16	static,ignoring_inline_asm
