hd44780_driver.c:6:6:strobe	8	static
hd44780_driver.c:261:6:lcd_set_4bit_mode	16	static
hd44780_driver.c:288:6:lcd_send	16	static
hd44780_driver.c:22:6:lcd_set_user_char	16	static
hd44780_driver.c:63:6:SetSymbols	24	static
hd44780_driver.c:31:6:lcd_set_CGRAM_char	16	static
hd44780_driver.c:39:6:lcd_set_xy	0	static
hd44780_driver.c:51:6:lcd_out	16	static
hd44780_driver.c:186:6:LcdOutbyNumber	0	static
hd44780_driver.c:191:6:LcdOut	32	static
hd44780_driver.c:236:6:lcd_clear	0	static
hd44780_driver.c:241:6:lcd_set_state	0	static
hd44780_driver.c:14:6:lcd_init	8	static
hd44780_driver.c:338:6:PrintToLCD	0	static
hd44780_driver.c:344:6:PrintToLCD_xy	8	static
hd44780_driver.c:352:6:PrintToLCD_int32	8	static
hd44780_driver.c:356:6:PrintToLCD_int32_koma	8	static
hd44780_driver.c:361:6:InitLCD	8	static
