Eeprom.c:10:9:flash_ready	0	static
Eeprom.c:15:6:flash_erase_page	0	static
Eeprom.c:32:6:flash_unlock	0	static
Eeprom.c:38:6:flash_lock	0	static
Eeprom.c:45:6:flash_write	8	static
Eeprom.c:72:6:flash_write_block	16	static,ignoring_inline_asm
Eeprom.c:96:9:flash_read_block	8	static
Eeprom.c:114:10:flash_read	24	static
Eeprom.c:293:9:CalibrationWriteToFlash	8	static
Eeprom.c:309:9:CalibrationFactoryWriteToFlash	8	static
Eeprom.c:324:9:CalibrationReadFromFlash	16	static
Eeprom.c:338:9:CalibrationReadFromFlashForVerify	16	static
Eeprom.c:353:9:SettingsWriteToFlash	8	static
Eeprom.c:367:9:SettingsFactoryWriteToFlash	8	static
Eeprom.c:381:9:SettingsReadFromFlash	8	static
Eeprom.c:394:9:SettingsReadFromFlashForVerify	8	static
Eeprom.c:408:9:DataWhenPowerOffWriteToFlash	16	static
Eeprom.c:418:9:DataWhenPowerOff_Factory_WriteToFlash	8	static
Eeprom.c:427:9:DataWhenPowerOffReadFromFlash	16	static
Eeprom.c:435:9:DataWhenPowerOffReadFromFlashForVerify	16	static
Eeprom.c:449:9:ReadFromFlash	16	static,ignoring_inline_asm
Eeprom.c:476:6:CalcCRC8	272	static
Eeprom.c:133:9:CalibrationWriteToFlash_CRC	16	static,ignoring_inline_asm
Eeprom.c:160:9:SettingsWriteToFlash_CRC	16	static,ignoring_inline_asm
Eeprom.c:191:9:DataWhenPowerOffWriteToFlash_CRC	16	static,ignoring_inline_asm
Eeprom.c:219:9:FactoryWriteToFlash_CRC	16	static,ignoring_inline_asm
