stm32f1xx_ll_bus.h:763:22:LL_APB2_GRP1_EnableClock	8	static
main.c:1195:6:MenuLog_Enter	0	static
main.c:1776:6:MenuCalibrationWriteToFlash_Enter	8	static
main.c:1545:6:MenuSettingsBatteryType_Enter	8	static
main.c:1782:6:MenuSettingsWriteToFlash_Enter	0	static
main.c:1817:6:MenuOption_Enter	8	static
main.c:1826:6:MenuOption_Enter1	8	static
main.c:159:6:Generic_Write	0	static
main.c:1787:6:MenuDischarge_Enter	72	static
main.c:1801:6:MenuCharge_Enter	72	static
main.c:1669:6:SelectedOption.part.8	8	static
stm32f1xx_ll_adc.h:2837:22:LL_ADC_SetChannelSamplingTime.constprop	16	static,ignoring_inline_asm
stm32f1xx_ll_adc.h:2131:22:LL_ADC_REG_SetSequencerRanks.constprop	12	static,ignoring_inline_asm
core_cm3.h:1686:26:NVIC_EncodePriority.constprop	0	static
main.c:622:6:MenuTraining_WriteInLOG	96	static
main.c:1199:6:MenuLog	16	static
main.c:1326:6:MenuCalibration_CURRENT_Out_to_0	8	static
main.c:1338:6:MenuCalibration_CURRENT_Load_to_0	8	static
main.c:1449:6:MenuCalibration_BackToFactory	8	static
main.c:1481:6:MenuSettingsChargeTime_Enter	0	static
main.c:1485:6:MenuSettingsChargeTime	8	static
main.c:1497:6:MenuSettingsBatteryType	8	static
main.c:1599:6:MenuSettingsLowVolt_Enter	0	static
main.c:1603:6:MenuSettingsLowVolt	8	static
main.c:1612:6:MenuSettingsMaxVolt_Enter	0	static
main.c:1616:6:MenuSettingsMaxVolt	8	static
main.c:1626:6:MenuSettingsSwngChrgTime_Enter	0	static
main.c:1630:6:MenuSettingsSwngChrgTime	8	static
main.c:1639:6:MenuSettingsSwngDChrgTime_Enter	0	static
main.c:1643:6:MenuSettingsSwngDChrgTime	8	static
main.c:1652:6:MenuSettingsChargeAddapt_Enter	0	static
main.c:1656:6:MenuSettingsChargeAddapt	16	static
main.c:1669:6:SelectedOption	0	static
main.c:1678:6:SelectedOption1	0	static
main.c:1690:6:MenuSettingsSaveMenuPosWhenOFF	8	static
main.c:1741:6:MenuSettingsOutAfterPowerUp	8	static
main.c:1836:6:BUT_Debrief	0	static
main.c:1872:15:BUT_GetKey	0	static
main.c:1880:6:Start_Timer_sec	0	static
main.c:1885:6:ReStart_Timer_sec	0	static
main.c:1890:6:Stop_Timer_sec	0	static
main.c:1897:6:ClockOnLCD	16	static
main.c:1916:6:ClockOnLCD_noSec	16	static
main.c:2032:6:OUT_OFF	0	static
main.c:2041:6:OUT_ON	0	static
main.c:163:6:OUTStateAfterPowerUpFunction	8	static
main.c:180:6:MenuPowerSupply	24	static
main.c:1349:6:MenuCalibration_CURRENT_Out	8	static
main.c:1377:6:MenuCalibration_VoltagePS	8	static
main.c:1391:6:MenuCalibration_VoltageOut	8	static
main.c:1405:6:MenuCalibration_VoltageIn	8	static
main.c:1420:6:MenuCalibration_Resist_Comp_5V1A	24	static
main.c:2051:6:LOAD_ON	0	static
main.c:1984:6:discharge	8	static
main.c:1363:6:MenuCalibration_CURRENT_Load	16	static
main.c:2005:6:discharge1	8	static
main.c:2061:6:LOAD_OFF	0	static
main.c:220:6:MenuLoad	8	static
main.c:1066:6:MenuBatterySimilation	24	static
main.c:1977:6:charge	8	static
main.c:1992:6:charge1	8	static
main.c:896:6:MenuTraining_new	64	static
main.c:1106:6:MenuSwing	24	static
main.c:2017:6:OFF	8	static
main.c:258:6:MenuChargeCC_CV	40	static
main.c:374:6:MenuChargeAdapt	40	static
main.c:512:6:MenuDisCharge	32	static
main.c:644:6:MenuCheckingCapacity	56	static
main.c:1931:6:All_OUT_OFF_When_Power_OFF	88	static
main.c:1218:6:MenuDIAGNOSTIC	48	static
main.c:2070:6:LOAD_ON_OFF_Toggle	0	static
main.c:2076:6:OUT_ON_OFF_Toggle	0	static
main.c:2127:6:adc_func	40	static
main.c:2083:6:SysTick_Callback	24	static
main.c:2435:6:SystemClock_Config	8	static
main.c:2234:5:main	96	static
main.c:2729:6:Error_Handler	0	static
