Archive member included to satisfy reference by file (symbol)

c:/st/stm32cubeide_1.4.0/stm32cubeide/plugins/com.st.stm32cube.ide.mcu.externaltools.gnu-tools-for-stm32.7-2018-q2-update.win32_1.4.0.202007081208/tools/bin/../lib/gcc/arm-none-eabi/7.3.1/../../../../arm-none-eabi/lib/thumb/v7-m\libc_nano.a(lib_a-errno.o)
                              Core/Src/syscalls.o (__errno)
c:/st/stm32cubeide_1.4.0/stm32cubeide/plugins/com.st.stm32cube.ide.mcu.externaltools.gnu-tools-for-stm32.7-2018-q2-update.win32_1.4.0.202007081208/tools/bin/../lib/gcc/arm-none-eabi/7.3.1/../../../../arm-none-eabi/lib/thumb/v7-m\libc_nano.a(lib_a-exit.o)
                              c:/st/stm32cubeide_1.4.0/stm32cubeide/plugins/com.st.stm32cube.ide.mcu.externaltools.gnu-tools-for-stm32.7-2018-q2-update.win32_1.4.0.202007081208/tools/bin/../lib/gcc/arm-none-eabi/7.3.1/../../../../arm-none-eabi/lib/thumb/v7-m/crt0.o (exit)
c:/st/stm32cubeide_1.4.0/stm32cubeide/plugins/com.st.stm32cube.ide.mcu.externaltools.gnu-tools-for-stm32.7-2018-q2-update.win32_1.4.0.202007081208/tools/bin/../lib/gcc/arm-none-eabi/7.3.1/../../../../arm-none-eabi/lib/thumb/v7-m\libc_nano.a(lib_a-impure.o)
                              c:/st/stm32cubeide_1.4.0/stm32cubeide/plugins/com.st.stm32cube.ide.mcu.externaltools.gnu-tools-for-stm32.7-2018-q2-update.win32_1.4.0.202007081208/tools/bin/../lib/gcc/arm-none-eabi/7.3.1/../../../../arm-none-eabi/lib/thumb/v7-m\libc_nano.a(lib_a-exit.o) (_global_impure_ptr)
c:/st/stm32cubeide_1.4.0/stm32cubeide/plugins/com.st.stm32cube.ide.mcu.externaltools.gnu-tools-for-stm32.7-2018-q2-update.win32_1.4.0.202007081208/tools/bin/../lib/gcc/arm-none-eabi/7.3.1/../../../../arm-none-eabi/lib/thumb/v7-m\libc_nano.a(lib_a-init.o)
                              c:/st/stm32cubeide_1.4.0/stm32cubeide/plugins/com.st.stm32cube.ide.mcu.externaltools.gnu-tools-for-stm32.7-2018-q2-update.win32_1.4.0.202007081208/tools/bin/../lib/gcc/arm-none-eabi/7.3.1/../../../../arm-none-eabi/lib/thumb/v7-m/crt0.o (__libc_init_array)
c:/st/stm32cubeide_1.4.0/stm32cubeide/plugins/com.st.stm32cube.ide.mcu.externaltools.gnu-tools-for-stm32.7-2018-q2-update.win32_1.4.0.202007081208/tools/bin/../lib/gcc/arm-none-eabi/7.3.1/../../../../arm-none-eabi/lib/thumb/v7-m\libc_nano.a(lib_a-memcpy-stub.o)
                              Core/Src/Eeprom.o (memcpy)
c:/st/stm32cubeide_1.4.0/stm32cubeide/plugins/com.st.stm32cube.ide.mcu.externaltools.gnu-tools-for-stm32.7-2018-q2-update.win32_1.4.0.202007081208/tools/bin/../lib/gcc/arm-none-eabi/7.3.1/../../../../arm-none-eabi/lib/thumb/v7-m\libc_nano.a(lib_a-memset.o)
                              c:/st/stm32cubeide_1.4.0/stm32cubeide/plugins/com.st.stm32cube.ide.mcu.externaltools.gnu-tools-for-stm32.7-2018-q2-update.win32_1.4.0.202007081208/tools/bin/../lib/gcc/arm-none-eabi/7.3.1/../../../../arm-none-eabi/lib/thumb/v7-m/crt0.o (memset)

Allocating common symbols
Common symbol       size              file

Current_RAW         0x2               Core/Src/Eeprom.o
LoggingData         0x19c             Core/Src/Eeprom.o

Discarded input sections

 .text          0x0000000000000000        0x0 c:/st/stm32cubeide_1.4.0/stm32cubeide/plugins/com.st.stm32cube.ide.mcu.externaltools.gnu-tools-for-stm32.7-2018-q2-update.win32_1.4.0.202007081208/tools/bin/../lib/gcc/arm-none-eabi/7.3.1/thumb/v7-m/crti.o
 .data          0x0000000000000000        0x0 c:/st/stm32cubeide_1.4.0/stm32cubeide/plugins/com.st.stm32cube.ide.mcu.externaltools.gnu-tools-for-stm32.7-2018-q2-update.win32_1.4.0.202007081208/tools/bin/../lib/gcc/arm-none-eabi/7.3.1/thumb/v7-m/crti.o
 .bss           0x0000000000000000        0x0 c:/st/stm32cubeide_1.4.0/stm32cubeide/plugins/com.st.stm32cube.ide.mcu.externaltools.gnu-tools-for-stm32.7-2018-q2-update.win32_1.4.0.202007081208/tools/bin/../lib/gcc/arm-none-eabi/7.3.1/thumb/v7-m/crti.o
 .data          0x0000000000000000        0x4 c:/st/stm32cubeide_1.4.0/stm32cubeide/plugins/com.st.stm32cube.ide.mcu.externaltools.gnu-tools-for-stm32.7-2018-q2-update.win32_1.4.0.202007081208/tools/bin/../lib/gcc/arm-none-eabi/7.3.1/thumb/v7-m/crtbegin.o
 .text          0x0000000000000000       0x74 c:/st/stm32cubeide_1.4.0/stm32cubeide/plugins/com.st.stm32cube.ide.mcu.externaltools.gnu-tools-for-stm32.7-2018-q2-update.win32_1.4.0.202007081208/tools/bin/../lib/gcc/arm-none-eabi/7.3.1/../../../../arm-none-eabi/lib/thumb/v7-m/crt0.o
 .data          0x0000000000000000        0x0 c:/st/stm32cubeide_1.4.0/stm32cubeide/plugins/com.st.stm32cube.ide.mcu.externaltools.gnu-tools-for-stm32.7-2018-q2-update.win32_1.4.0.202007081208/tools/bin/../lib/gcc/arm-none-eabi/7.3.1/../../../../arm-none-eabi/lib/thumb/v7-m/crt0.o
 .bss           0x0000000000000000        0x0 c:/st/stm32cubeide_1.4.0/stm32cubeide/plugins/com.st.stm32cube.ide.mcu.externaltools.gnu-tools-for-stm32.7-2018-q2-update.win32_1.4.0.202007081208/tools/bin/../lib/gcc/arm-none-eabi/7.3.1/../../../../arm-none-eabi/lib/thumb/v7-m/crt0.o
 .ARM.extab     0x0000000000000000        0x0 c:/st/stm32cubeide_1.4.0/stm32cubeide/plugins/com.st.stm32cube.ide.mcu.externaltools.gnu-tools-for-stm32.7-2018-q2-update.win32_1.4.0.202007081208/tools/bin/../lib/gcc/arm-none-eabi/7.3.1/../../../../arm-none-eabi/lib/thumb/v7-m/crt0.o
 .ARM.exidx     0x0000000000000000        0x8 c:/st/stm32cubeide_1.4.0/stm32cubeide/plugins/com.st.stm32cube.ide.mcu.externaltools.gnu-tools-for-stm32.7-2018-q2-update.win32_1.4.0.202007081208/tools/bin/../lib/gcc/arm-none-eabi/7.3.1/../../../../arm-none-eabi/lib/thumb/v7-m/crt0.o
 .ARM.attributes
                0x0000000000000000       0x1b c:/st/stm32cubeide_1.4.0/stm32cubeide/plugins/com.st.stm32cube.ide.mcu.externaltools.gnu-tools-for-stm32.7-2018-q2-update.win32_1.4.0.202007081208/tools/bin/../lib/gcc/arm-none-eabi/7.3.1/../../../../arm-none-eabi/lib/thumb/v7-m/crt0.o
 .text          0x0000000000000000        0x0 Core/Src/Eeprom.o
 .data          0x0000000000000000        0x0 Core/Src/Eeprom.o
 .bss           0x0000000000000000        0x0 Core/Src/Eeprom.o
 .text.flash_ready
                0x0000000000000000       0x14 Core/Src/Eeprom.o
 .text.flash_erase_page
                0x0000000000000000       0x40 Core/Src/Eeprom.o
 .text.flash_unlock
                0x0000000000000000       0x18 Core/Src/Eeprom.o
 .text.flash_lock
                0x0000000000000000       0x10 Core/Src/Eeprom.o
 .text.flash_write
                0x0000000000000000       0x4c Core/Src/Eeprom.o
 .text.flash_write_block
                0x0000000000000000       0x5c Core/Src/Eeprom.o
 .text.flash_read_block
                0x0000000000000000       0x2c Core/Src/Eeprom.o
 .text.flash_read
                0x0000000000000000       0x4c Core/Src/Eeprom.o
 .text.CalibrationWriteToFlash
                0x0000000000000000       0x6c Core/Src/Eeprom.o
 .text.CalibrationFactoryWriteToFlash
                0x0000000000000000       0x6c Core/Src/Eeprom.o
 .text.CalibrationReadFromFlash
                0x0000000000000000       0x98 Core/Src/Eeprom.o
 .text.CalibrationReadFromFlashForVerify
                0x0000000000000000       0x98 Core/Src/Eeprom.o
 .text.SettingsWriteToFlash
                0x0000000000000000       0x64 Core/Src/Eeprom.o
 .text.SettingsFactoryWriteToFlash
                0x0000000000000000       0x64 Core/Src/Eeprom.o
 .text.SettingsReadFromFlash
                0x0000000000000000       0x8c Core/Src/Eeprom.o
 .text.SettingsReadFromFlashForVerify
                0x0000000000000000       0x8c Core/Src/Eeprom.o
 .text.DataWhenPowerOffWriteToFlash
                0x0000000000000000       0x48 Core/Src/Eeprom.o
 .text.DataWhenPowerOff_Factory_WriteToFlash
                0x0000000000000000       0x3c Core/Src/Eeprom.o
 .text.DataWhenPowerOffReadFromFlash
                0x0000000000000000       0x4c Core/Src/Eeprom.o
 .text.DataWhenPowerOffReadFromFlashForVerify
                0x0000000000000000       0x4c Core/Src/Eeprom.o
 .text.ReadFromFlash
                0x0000000000000000       0x40 Core/Src/Eeprom.o
 .text.CalcCRC8
                0x0000000000000000       0x38 Core/Src/Eeprom.o
 .text.CalibrationWriteToFlash_CRC
                0x0000000000000000       0x5c Core/Src/Eeprom.o
 .text.SettingsWriteToFlash_CRC
                0x0000000000000000       0x8c Core/Src/Eeprom.o
 .text.DataWhenPowerOffWriteToFlash_CRC
                0x0000000000000000       0x78 Core/Src/Eeprom.o
 .text.FactoryWriteToFlash_CRC
                0x0000000000000000      0x11c Core/Src/Eeprom.o
 .rodata        0x0000000000000000      0x100 Core/Src/Eeprom.o
 .data.EEpromReadStatus
                0x0000000000000000        0x1 Core/Src/Eeprom.o
 .rodata.CalibrationFactoryWriteToFlash.str1.1
                0x0000000000000000       0x20 Core/Src/Eeprom.o
 .rodata.CalibrationReadFromFlash.str1.1
                0x0000000000000000       0x1a Core/Src/Eeprom.o
 .rodata.CalibrationReadFromFlashForVerify.str1.1
                0x0000000000000000       0x23 Core/Src/Eeprom.o
 .rodata.CalibrationWriteToFlash.str1.1
                0x0000000000000000       0x19 Core/Src/Eeprom.o
 .rodata.CalibrationWriteToFlash_CRC.str1.1
                0x0000000000000000       0x53 Core/Src/Eeprom.o
 .rodata.DataWhenPowerOffReadFromFlash.str1.1
                0x0000000000000000       0x1f Core/Src/Eeprom.o
 .rodata.DataWhenPowerOffReadFromFlashForVerify.str1.1
                0x0000000000000000       0x28 Core/Src/Eeprom.o
 .rodata.DataWhenPowerOffWriteToFlash.str1.1
                0x0000000000000000       0x2d Core/Src/Eeprom.o
 .rodata.DataWhenPowerOffWriteToFlash_CRC.str1.1
                0x0000000000000000       0x69 Core/Src/Eeprom.o
 .rodata.DataWhenPowerOff_Factory_WriteToFlash.str1.1
                0x0000000000000000       0x27 Core/Src/Eeprom.o
 .rodata.FactoryWriteToFlash_CRC.str1.1
                0x0000000000000000      0x11a Core/Src/Eeprom.o
 .rodata.ReadFromFlash.str1.1
                0x0000000000000000       0x34 Core/Src/Eeprom.o
 .rodata.SettingsFactoryWriteToFlash.str1.1
                0x0000000000000000       0x1d Core/Src/Eeprom.o
 .rodata.SettingsReadFromFlash.str1.1
                0x0000000000000000       0x17 Core/Src/Eeprom.o
 .rodata.SettingsReadFromFlashForVerify.str1.1
                0x0000000000000000       0x20 Core/Src/Eeprom.o
 .rodata.SettingsWriteToFlash.str1.1
                0x0000000000000000       0x16 Core/Src/Eeprom.o
 .rodata.SettingsWriteToFlash_CRC.str1.1
                0x0000000000000000       0x62 Core/Src/Eeprom.o
 .rodata.flash_read.str1.1
                0x0000000000000000       0x40 Core/Src/Eeprom.o
 .rodata.flash_write_block.str1.1
                0x0000000000000000        0xd Core/Src/Eeprom.o
 .comment       0x0000000000000000       0x7c Core/Src/Eeprom.o
 .ARM.attributes
                0x0000000000000000       0x33 Core/Src/Eeprom.o
 COMMON         0x0000000000000000      0x1a0 Core/Src/Eeprom.o
 .text          0x0000000000000000        0x0 Core/Src/General.o
 .data          0x0000000000000000        0x0 Core/Src/General.o
 .bss           0x0000000000000000        0x0 Core/Src/General.o
 .text.WriteInLOG
                0x0000000000000000      0x154 Core/Src/General.o
 .text.WriteInLOGc
                0x0000000000000000      0x154 Core/Src/General.o
 .bss.CountAnymSecond
                0x0000000000000000        0x2 Core/Src/General.o
 .bss.Current_Out
                0x0000000000000000        0x2 Core/Src/General.o
 .bss.Current_load
                0x0000000000000000        0x2 Core/Src/General.o
 .bss.U_OUT_ForSetResistance
                0x0000000000000000        0x2 Core/Src/General.o
 .data.CalibrationDataFactory
                0x0000000000000000       0x50 Core/Src/General.o
 .data.CalibrationDataForVerify
                0x0000000000000000       0x50 Core/Src/General.o
 .data.SaveDataWhenPowerOffFactory
                0x0000000000000000       0x20 Core/Src/General.o
 .data.SaveDataWhenPowerOffForVerify
                0x0000000000000000       0x20 Core/Src/General.o
 .data.SettingsDataFactory
                0x0000000000000000       0x48 Core/Src/General.o
 .data.SettingsDataForVerify
                0x0000000000000000       0x48 Core/Src/General.o
 .rodata.WriteInLOG.str1.1
                0x0000000000000000        0x9 Core/Src/General.o
 .text          0x0000000000000000        0x0 Core/Src/Lib.o
 .data          0x0000000000000000        0x0 Core/Src/Lib.o
 .bss           0x0000000000000000        0x0 Core/Src/Lib.o
 .text.itoaP    0x0000000000000000       0x72 Core/Src/Lib.o
 .text.itoa_komaP
                0x0000000000000000       0xd2 Core/Src/Lib.o
 .text.Module16
                0x0000000000000000        0xc Core/Src/Lib.o
 .text.Module8  0x0000000000000000        0xc Core/Src/Lib.o
 .text.Module32
                0x0000000000000000        0xa Core/Src/Lib.o
 .text.Merge2Strings
                0x0000000000000000       0x2a Core/Src/Lib.o
 .text.Merge3Strings
                0x0000000000000000       0x3e Core/Src/Lib.o
 .text.ClockStringWithSec
                0x0000000000000000       0xde Core/Src/Lib.o
 .text.ClockStringNoSec
                0x0000000000000000       0x96 Core/Src/Lib.o
 .text          0x0000000000000000        0x0 Core/Src/MicroMenu2_1.o
 .data          0x0000000000000000        0x0 Core/Src/MicroMenu2_1.o
 .bss           0x0000000000000000        0x0 Core/Src/MicroMenu2_1.o
 .text.Menu_GetCurrentMenu
                0x0000000000000000        0xc Core/Src/MicroMenu2_1.o
 .text.Menu_Navigate
                0x0000000000000000       0x34 Core/Src/MicroMenu2_1.o
 .text.Menu_SetGenericWriteCallback
                0x0000000000000000       0x14 Core/Src/MicroMenu2_1.o
 .text.Menu_SelectItem
                0x0000000000000000       0x1c Core/Src/MicroMenu2_1.o
 .bss.MenuWriteFunc
                0x0000000000000000        0x4 Core/Src/MicroMenu2_1.o
 .data.CurrentMenuItem
                0x0000000000000000        0x4 Core/Src/MicroMenu2_1.o
 .rodata.NULL_MENU
                0x0000000000000000       0x18 Core/Src/MicroMenu2_1.o
 .comment       0x0000000000000000       0x7c Core/Src/MicroMenu2_1.o
 .ARM.attributes
                0x0000000000000000       0x33 Core/Src/MicroMenu2_1.o
 .text          0x0000000000000000        0x0 Core/Src/hd44780_driver.o
 .data          0x0000000000000000        0x0 Core/Src/hd44780_driver.o
 .bss           0x0000000000000000        0x0 Core/Src/hd44780_driver.o
 .text.lcd_set_CGRAM_char
                0x0000000000000000       0x32 Core/Src/hd44780_driver.o
 .text.LcdOutbyNumber
                0x0000000000000000        0x8 Core/Src/hd44780_driver.o
 .text.lcd_set_state
                0x0000000000000000       0x24 Core/Src/hd44780_driver.o
 .text.PrintToLCD_xy
                0x0000000000000000       0x18 Core/Src/hd44780_driver.o
 .text.PrintToLCD_int32
                0x0000000000000000        0xe Core/Src/hd44780_driver.o
 .text.PrintToLCD_int32_koma
                0x0000000000000000        0xe Core/Src/hd44780_driver.o
 .text          0x0000000000000000        0x0 Core/Src/main.o
 .data          0x0000000000000000        0x0 Core/Src/main.o
 .bss           0x0000000000000000        0x0 Core/Src/main.o
 .text.Error_Handler
                0x0000000000000000        0x2 Core/Src/main.o
 .rodata.Menu_1
                0x0000000000000000       0x29 Core/Src/main.o
 .rodata.Menu_10
                0x0000000000000000       0x29 Core/Src/main.o
 .rodata.Menu_10_1
                0x0000000000000000       0x29 Core/Src/main.o
 .rodata.Menu_10_10
                0x0000000000000000       0x29 Core/Src/main.o
 .rodata.Menu_10_1_1
                0x0000000000000000       0x29 Core/Src/main.o
 .rodata.Menu_10_2
                0x0000000000000000       0x29 Core/Src/main.o
 .rodata.Menu_10_2_1
                0x0000000000000000       0x29 Core/Src/main.o
 .rodata.Menu_10_3
                0x0000000000000000       0x29 Core/Src/main.o
 .rodata.Menu_10_3_1
                0x0000000000000000       0x29 Core/Src/main.o
 .rodata.Menu_10_4
                0x0000000000000000       0x29 Core/Src/main.o
 .rodata.Menu_10_4_1
                0x0000000000000000       0x29 Core/Src/main.o
 .rodata.Menu_10_5
                0x0000000000000000       0x29 Core/Src/main.o
 .rodata.Menu_10_5_1
                0x0000000000000000       0x29 Core/Src/main.o
 .rodata.Menu_10_6
                0x0000000000000000       0x29 Core/Src/main.o
 .rodata.Menu_10_6_1
                0x0000000000000000       0x29 Core/Src/main.o
 .rodata.Menu_10_7
                0x0000000000000000       0x29 Core/Src/main.o
 .rodata.Menu_10_7_1
                0x0000000000000000       0x19 Core/Src/main.o
 .rodata.Menu_10_8
                0x0000000000000000       0x29 Core/Src/main.o
 .rodata.Menu_10_8_1
                0x0000000000000000       0x19 Core/Src/main.o
 .rodata.Menu_10_9
                0x0000000000000000       0x29 Core/Src/main.o
 .rodata.Menu_10_9_1
                0x0000000000000000       0x19 Core/Src/main.o
 .rodata.Menu_11
                0x0000000000000000       0x29 Core/Src/main.o
 .rodata.Menu_11_1
                0x0000000000000000       0x29 Core/Src/main.o
 .rodata.Menu_1_1
                0x0000000000000000       0x29 Core/Src/main.o
 .rodata.Menu_1_1_1
                0x0000000000000000       0x29 Core/Src/main.o
 .rodata.Menu_1_1_1a
                0x0000000000000000       0x29 Core/Src/main.o
 .rodata.Menu_1_1a
                0x0000000000000000       0x29 Core/Src/main.o
 .rodata.Menu_1_2
                0x0000000000000000       0x29 Core/Src/main.o
 .rodata.Menu_1_2_1
                0x0000000000000000       0x29 Core/Src/main.o
 .rodata.Menu_1_3
                0x0000000000000000       0x29 Core/Src/main.o
 .rodata.Menu_1_3_1
                0x0000000000000000       0x29 Core/Src/main.o
 .rodata.Menu_1_4
                0x0000000000000000       0x29 Core/Src/main.o
 .rodata.Menu_1_4_1
                0x0000000000000000       0x29 Core/Src/main.o
 .rodata.Menu_1_5
                0x0000000000000000       0x29 Core/Src/main.o
 .rodata.Menu_1_5_1
                0x0000000000000000       0x29 Core/Src/main.o
 .rodata.Menu_1_6
                0x0000000000000000       0x29 Core/Src/main.o
 .rodata.Menu_1_6_1
                0x0000000000000000       0x29 Core/Src/main.o
 .rodata.Menu_1_7
                0x0000000000000000       0x29 Core/Src/main.o
 .rodata.Menu_1_S
                0x0000000000000000       0x29 Core/Src/main.o
 .rodata.Menu_1_SO
                0x0000000000000000       0x29 Core/Src/main.o
 .rodata.Menu_1_SO_1
                0x0000000000000000       0x29 Core/Src/main.o
 .rodata.Menu_1_S_1
                0x0000000000000000       0x29 Core/Src/main.o
 .rodata.Menu_2
                0x0000000000000000       0x29 Core/Src/main.o
 .rodata.Menu_2_1
                0x0000000000000000       0x29 Core/Src/main.o
 .rodata.Menu_3
                0x0000000000000000       0x29 Core/Src/main.o
 .rodata.Menu_3_1
                0x0000000000000000       0x29 Core/Src/main.o
 .rodata.Menu_4
                0x0000000000000000       0x29 Core/Src/main.o
 .rodata.Menu_4_1
                0x0000000000000000       0x29 Core/Src/main.o
 .rodata.Menu_5
                0x0000000000000000       0x29 Core/Src/main.o
 .rodata.Menu_5_1
                0x0000000000000000       0x29 Core/Src/main.o
 .rodata.Menu_6
                0x0000000000000000       0x29 Core/Src/main.o
 .rodata.Menu_6_1
                0x0000000000000000       0x29 Core/Src/main.o
 .rodata.Menu_6_1a
                0x0000000000000000       0x29 Core/Src/main.o
 .rodata.Menu_6a
                0x0000000000000000       0x29 Core/Src/main.o
 .rodata.Menu_7
                0x0000000000000000       0x29 Core/Src/main.o
 .rodata.Menu_7_1
                0x0000000000000000       0x29 Core/Src/main.o
 .rodata.Menu_8
                0x0000000000000000       0x29 Core/Src/main.o
 .rodata.Menu_8_1
                0x0000000000000000       0x29 Core/Src/main.o
 .rodata.Menu_8a
                0x0000000000000000       0x29 Core/Src/main.o
 .rodata.Menu_8a_1
                0x0000000000000000       0x29 Core/Src/main.o
 .rodata.Menu_9
                0x0000000000000000       0x29 Core/Src/main.o
 .rodata.Menu_9_1
                0x0000000000000000       0x29 Core/Src/main.o
 .text          0x0000000000000000        0x0 Core/Src/stm32f1xx_it.o
 .data          0x0000000000000000        0x0 Core/Src/stm32f1xx_it.o
 .bss           0x0000000000000000        0x0 Core/Src/stm32f1xx_it.o
 .text          0x0000000000000000        0x0 Core/Src/syscalls.o
 .data          0x0000000000000000        0x0 Core/Src/syscalls.o
 .bss           0x0000000000000000        0x0 Core/Src/syscalls.o
 .text.initialise_monitor_handles
                0x0000000000000000        0x2 Core/Src/syscalls.o
 .text._getpid  0x0000000000000000        0x4 Core/Src/syscalls.o
 .text._kill    0x0000000000000000       0x10 Core/Src/syscalls.o
 .text._exit    0x0000000000000000        0xc Core/Src/syscalls.o
 .text._read    0x0000000000000000       0x1c Core/Src/syscalls.o
 .text._write   0x0000000000000000       0x1c Core/Src/syscalls.o
 .text._close   0x0000000000000000        0x6 Core/Src/syscalls.o
 .text._fstat   0x0000000000000000        0xa Core/Src/syscalls.o
 .text._isatty  0x0000000000000000        0x4 Core/Src/syscalls.o
 .text._lseek   0x0000000000000000        0x4 Core/Src/syscalls.o
 .text._open    0x0000000000000000        0xa Core/Src/syscalls.o
 .text._wait    0x0000000000000000       0x10 Core/Src/syscalls.o
 .text._unlink  0x0000000000000000       0x10 Core/Src/syscalls.o
 .text._times   0x0000000000000000        0x6 Core/Src/syscalls.o
 .text._stat    0x0000000000000000        0xa Core/Src/syscalls.o
 .text._link    0x0000000000000000       0x10 Core/Src/syscalls.o
 .text._fork    0x0000000000000000       0x10 Core/Src/syscalls.o
 .text._execve  0x0000000000000000       0x10 Core/Src/syscalls.o
 .bss.__env     0x0000000000000000        0x4 Core/Src/syscalls.o
 .data.environ  0x0000000000000000        0x4 Core/Src/syscalls.o
 .comment       0x0000000000000000       0x7c Core/Src/syscalls.o
 .ARM.attributes
                0x0000000000000000       0x33 Core/Src/syscalls.o
 .text          0x0000000000000000        0x0 Core/Src/sysmem.o
 .data          0x0000000000000000        0x0 Core/Src/sysmem.o
 .bss           0x0000000000000000        0x0 Core/Src/sysmem.o
 .text._sbrk    0x0000000000000000       0x40 Core/Src/sysmem.o
 .bss.__sbrk_heap_end
                0x0000000000000000        0x4 Core/Src/sysmem.o
 .comment       0x0000000000000000       0x7c Core/Src/sysmem.o
 .ARM.attributes
                0x0000000000000000       0x33 Core/Src/sysmem.o
 .text          0x0000000000000000        0x0 Core/Src/system_stm32f1xx.o
 .data          0x0000000000000000        0x0 Core/Src/system_stm32f1xx.o
 .bss           0x0000000000000000        0x0 Core/Src/system_stm32f1xx.o
 .text.SystemCoreClockUpdate
                0x0000000000000000       0x60 Core/Src/system_stm32f1xx.o
 .text          0x0000000000000000        0x0 Core/Src/usart.o
 .data          0x0000000000000000        0x0 Core/Src/usart.o
 .bss           0x0000000000000000        0x0 Core/Src/usart.o
 .text.putCharInBufferUart1
                0x0000000000000000       0x60 Core/Src/usart.o
 .text.putStringInBufferUart1
                0x0000000000000000       0x14 Core/Src/usart.o
 .text.Print_to_USART1
                0x0000000000000000       0x10 Core/Src/usart.o
 .text          0x0000000000000000       0x14 Core/Startup/startup_stm32f100c8tx.o
 .data          0x0000000000000000        0x0 Core/Startup/startup_stm32f100c8tx.o
 .bss           0x0000000000000000        0x0 Core/Startup/startup_stm32f100c8tx.o
 .text          0x0000000000000000        0x0 Drivers/STM32F1xx_HAL_Driver/Src/stm32f1xx_ll_dma.o
 .data          0x0000000000000000        0x0 Drivers/STM32F1xx_HAL_Driver/Src/stm32f1xx_ll_dma.o
 .bss           0x0000000000000000        0x0 Drivers/STM32F1xx_HAL_Driver/Src/stm32f1xx_ll_dma.o
 .text.LL_DMA_DeInit
                0x0000000000000000       0xb8 Drivers/STM32F1xx_HAL_Driver/Src/stm32f1xx_ll_dma.o
 .text.LL_DMA_Init
                0x0000000000000000       0x50 Drivers/STM32F1xx_HAL_Driver/Src/stm32f1xx_ll_dma.o
 .text.LL_DMA_StructInit
                0x0000000000000000       0x18 Drivers/STM32F1xx_HAL_Driver/Src/stm32f1xx_ll_dma.o
 .rodata.CHANNEL_OFFSET_TAB
                0x0000000000000000        0x7 Drivers/STM32F1xx_HAL_Driver/Src/stm32f1xx_ll_dma.o
 .comment       0x0000000000000000       0x7c Drivers/STM32F1xx_HAL_Driver/Src/stm32f1xx_ll_dma.o
 .ARM.attributes
                0x0000000000000000       0x33 Drivers/STM32F1xx_HAL_Driver/Src/stm32f1xx_ll_dma.o
 .text          0x0000000000000000        0x0 Drivers/STM32F1xx_HAL_Driver/Src/stm32f1xx_ll_exti.o
 .data          0x0000000000000000        0x0 Drivers/STM32F1xx_HAL_Driver/Src/stm32f1xx_ll_exti.o
 .bss           0x0000000000000000        0x0 Drivers/STM32F1xx_HAL_Driver/Src/stm32f1xx_ll_exti.o
 .text.LL_EXTI_DeInit
                0x0000000000000000       0x1c Drivers/STM32F1xx_HAL_Driver/Src/stm32f1xx_ll_exti.o
 .text.LL_EXTI_Init
                0x0000000000000000       0xa8 Drivers/STM32F1xx_HAL_Driver/Src/stm32f1xx_ll_exti.o
 .text.LL_EXTI_StructInit
                0x0000000000000000        0xe Drivers/STM32F1xx_HAL_Driver/Src/stm32f1xx_ll_exti.o
 .comment       0x0000000000000000       0x7c Drivers/STM32F1xx_HAL_Driver/Src/stm32f1xx_ll_exti.o
 .ARM.attributes
                0x0000000000000000       0x33 Drivers/STM32F1xx_HAL_Driver/Src/stm32f1xx_ll_exti.o
 .text          0x0000000000000000        0x0 Drivers/STM32F1xx_HAL_Driver/Src/stm32f1xx_ll_gpio.o
 .data          0x0000000000000000        0x0 Drivers/STM32F1xx_HAL_Driver/Src/stm32f1xx_ll_gpio.o
 .bss           0x0000000000000000        0x0 Drivers/STM32F1xx_HAL_Driver/Src/stm32f1xx_ll_gpio.o
 .text.LL_GPIO_DeInit
                0x0000000000000000       0xa0 Drivers/STM32F1xx_HAL_Driver/Src/stm32f1xx_ll_gpio.o
 .text.LL_GPIO_StructInit
                0x0000000000000000       0x16 Drivers/STM32F1xx_HAL_Driver/Src/stm32f1xx_ll_gpio.o
 .text          0x0000000000000000        0x0 Drivers/STM32F1xx_HAL_Driver/Src/stm32f1xx_ll_pwr.o
 .data          0x0000000000000000        0x0 Drivers/STM32F1xx_HAL_Driver/Src/stm32f1xx_ll_pwr.o
 .bss           0x0000000000000000        0x0 Drivers/STM32F1xx_HAL_Driver/Src/stm32f1xx_ll_pwr.o
 .text.LL_PWR_DeInit
                0x0000000000000000       0x1c Drivers/STM32F1xx_HAL_Driver/Src/stm32f1xx_ll_pwr.o
 .comment       0x0000000000000000       0x7c Drivers/STM32F1xx_HAL_Driver/Src/stm32f1xx_ll_pwr.o
 .ARM.attributes
                0x0000000000000000       0x33 Drivers/STM32F1xx_HAL_Driver/Src/stm32f1xx_ll_pwr.o
 .text          0x0000000000000000        0x0 Drivers/STM32F1xx_HAL_Driver/Src/stm32f1xx_ll_rcc.o
 .data          0x0000000000000000        0x0 Drivers/STM32F1xx_HAL_Driver/Src/stm32f1xx_ll_rcc.o
 .bss           0x0000000000000000        0x0 Drivers/STM32F1xx_HAL_Driver/Src/stm32f1xx_ll_rcc.o
 .text.LL_RCC_DeInit
                0x0000000000000000       0x58 Drivers/STM32F1xx_HAL_Driver/Src/stm32f1xx_ll_rcc.o
 .text.LL_RCC_GetADCClockFreq
                0x0000000000000000       0x30 Drivers/STM32F1xx_HAL_Driver/Src/stm32f1xx_ll_rcc.o
 .text          0x0000000000000000        0x0 Drivers/STM32F1xx_HAL_Driver/Src/stm32f1xx_ll_usart.o
 .data          0x0000000000000000        0x0 Drivers/STM32F1xx_HAL_Driver/Src/stm32f1xx_ll_usart.o
 .bss           0x0000000000000000        0x0 Drivers/STM32F1xx_HAL_Driver/Src/stm32f1xx_ll_usart.o
 .text.LL_USART_DeInit
                0x0000000000000000       0x64 Drivers/STM32F1xx_HAL_Driver/Src/stm32f1xx_ll_usart.o
 .text.LL_USART_StructInit
                0x0000000000000000       0x18 Drivers/STM32F1xx_HAL_Driver/Src/stm32f1xx_ll_usart.o
 .text.LL_USART_ClockInit
                0x0000000000000000       0x3a Drivers/STM32F1xx_HAL_Driver/Src/stm32f1xx_ll_usart.o
 .text.LL_USART_ClockStructInit
                0x0000000000000000        0xc Drivers/STM32F1xx_HAL_Driver/Src/stm32f1xx_ll_usart.o
 .text          0x0000000000000000        0x0 Drivers/STM32F1xx_HAL_Driver/Src/stm32f1xx_ll_utils.o
 .data          0x0000000000000000        0x0 Drivers/STM32F1xx_HAL_Driver/Src/stm32f1xx_ll_utils.o
 .bss           0x0000000000000000        0x0 Drivers/STM32F1xx_HAL_Driver/Src/stm32f1xx_ll_utils.o
 .text.UTILS_EnablePLLAndSwitchSystem
                0x0000000000000000       0x6c Drivers/STM32F1xx_HAL_Driver/Src/stm32f1xx_ll_utils.o
 .text.LL_mDelay
                0x0000000000000000       0x28 Drivers/STM32F1xx_HAL_Driver/Src/stm32f1xx_ll_utils.o
 .text.LL_PLL_ConfigSystemClock_HSI
                0x0000000000000000       0x54 Drivers/STM32F1xx_HAL_Driver/Src/stm32f1xx_ll_utils.o
 .text.LL_PLL_ConfigSystemClock_HSE
                0x0000000000000000       0x74 Drivers/STM32F1xx_HAL_Driver/Src/stm32f1xx_ll_utils.o
 .text          0x0000000000000000        0x0 c:/st/stm32cubeide_1.4.0/stm32cubeide/plugins/com.st.stm32cube.ide.mcu.externaltools.gnu-tools-for-stm32.7-2018-q2-update.win32_1.4.0.202007081208/tools/bin/../lib/gcc/arm-none-eabi/7.3.1/../../../../arm-none-eabi/lib/thumb/v7-m\libc_nano.a(lib_a-errno.o)
 .data          0x0000000000000000        0x0 c:/st/stm32cubeide_1.4.0/stm32cubeide/plugins/com.st.stm32cube.ide.mcu.externaltools.gnu-tools-for-stm32.7-2018-q2-update.win32_1.4.0.202007081208/tools/bin/../lib/gcc/arm-none-eabi/7.3.1/../../../../arm-none-eabi/lib/thumb/v7-m\libc_nano.a(lib_a-errno.o)
 .bss           0x0000000000000000        0x0 c:/st/stm32cubeide_1.4.0/stm32cubeide/plugins/com.st.stm32cube.ide.mcu.externaltools.gnu-tools-for-stm32.7-2018-q2-update.win32_1.4.0.202007081208/tools/bin/../lib/gcc/arm-none-eabi/7.3.1/../../../../arm-none-eabi/lib/thumb/v7-m\libc_nano.a(lib_a-errno.o)
 .text.__errno  0x0000000000000000        0xc c:/st/stm32cubeide_1.4.0/stm32cubeide/plugins/com.st.stm32cube.ide.mcu.externaltools.gnu-tools-for-stm32.7-2018-q2-update.win32_1.4.0.202007081208/tools/bin/../lib/gcc/arm-none-eabi/7.3.1/../../../../arm-none-eabi/lib/thumb/v7-m\libc_nano.a(lib_a-errno.o)
 .debug_frame   0x0000000000000000       0x20 c:/st/stm32cubeide_1.4.0/stm32cubeide/plugins/com.st.stm32cube.ide.mcu.externaltools.gnu-tools-for-stm32.7-2018-q2-update.win32_1.4.0.202007081208/tools/bin/../lib/gcc/arm-none-eabi/7.3.1/../../../../arm-none-eabi/lib/thumb/v7-m\libc_nano.a(lib_a-errno.o)
 .ARM.attributes
                0x0000000000000000       0x2d c:/st/stm32cubeide_1.4.0/stm32cubeide/plugins/com.st.stm32cube.ide.mcu.externaltools.gnu-tools-for-stm32.7-2018-q2-update.win32_1.4.0.202007081208/tools/bin/../lib/gcc/arm-none-eabi/7.3.1/../../../../arm-none-eabi/lib/thumb/v7-m\libc_nano.a(lib_a-errno.o)
 .text          0x0000000000000000        0x0 c:/st/stm32cubeide_1.4.0/stm32cubeide/plugins/com.st.stm32cube.ide.mcu.externaltools.gnu-tools-for-stm32.7-2018-q2-update.win32_1.4.0.202007081208/tools/bin/../lib/gcc/arm-none-eabi/7.3.1/../../../../arm-none-eabi/lib/thumb/v7-m\libc_nano.a(lib_a-exit.o)
 .data          0x0000000000000000        0x0 c:/st/stm32cubeide_1.4.0/stm32cubeide/plugins/com.st.stm32cube.ide.mcu.externaltools.gnu-tools-for-stm32.7-2018-q2-update.win32_1.4.0.202007081208/tools/bin/../lib/gcc/arm-none-eabi/7.3.1/../../../../arm-none-eabi/lib/thumb/v7-m\libc_nano.a(lib_a-exit.o)
 .bss           0x0000000000000000        0x0 c:/st/stm32cubeide_1.4.0/stm32cubeide/plugins/com.st.stm32cube.ide.mcu.externaltools.gnu-tools-for-stm32.7-2018-q2-update.win32_1.4.0.202007081208/tools/bin/../lib/gcc/arm-none-eabi/7.3.1/../../../../arm-none-eabi/lib/thumb/v7-m\libc_nano.a(lib_a-exit.o)
 .text.exit     0x0000000000000000       0x28 c:/st/stm32cubeide_1.4.0/stm32cubeide/plugins/com.st.stm32cube.ide.mcu.externaltools.gnu-tools-for-stm32.7-2018-q2-update.win32_1.4.0.202007081208/tools/bin/../lib/gcc/arm-none-eabi/7.3.1/../../../../arm-none-eabi/lib/thumb/v7-m\libc_nano.a(lib_a-exit.o)
 .debug_frame   0x0000000000000000       0x28 c:/st/stm32cubeide_1.4.0/stm32cubeide/plugins/com.st.stm32cube.ide.mcu.externaltools.gnu-tools-for-stm32.7-2018-q2-update.win32_1.4.0.202007081208/tools/bin/../lib/gcc/arm-none-eabi/7.3.1/../../../../arm-none-eabi/lib/thumb/v7-m\libc_nano.a(lib_a-exit.o)
 .ARM.attributes
                0x0000000000000000       0x2d c:/st/stm32cubeide_1.4.0/stm32cubeide/plugins/com.st.stm32cube.ide.mcu.externaltools.gnu-tools-for-stm32.7-2018-q2-update.win32_1.4.0.202007081208/tools/bin/../lib/gcc/arm-none-eabi/7.3.1/../../../../arm-none-eabi/lib/thumb/v7-m\libc_nano.a(lib_a-exit.o)
 .text          0x0000000000000000        0x0 c:/st/stm32cubeide_1.4.0/stm32cubeide/plugins/com.st.stm32cube.ide.mcu.externaltools.gnu-tools-for-stm32.7-2018-q2-update.win32_1.4.0.202007081208/tools/bin/../lib/gcc/arm-none-eabi/7.3.1/../../../../arm-none-eabi/lib/thumb/v7-m\libc_nano.a(lib_a-impure.o)
 .data          0x0000000000000000        0x0 c:/st/stm32cubeide_1.4.0/stm32cubeide/plugins/com.st.stm32cube.ide.mcu.externaltools.gnu-tools-for-stm32.7-2018-q2-update.win32_1.4.0.202007081208/tools/bin/../lib/gcc/arm-none-eabi/7.3.1/../../../../arm-none-eabi/lib/thumb/v7-m\libc_nano.a(lib_a-impure.o)
 .bss           0x0000000000000000        0x0 c:/st/stm32cubeide_1.4.0/stm32cubeide/plugins/com.st.stm32cube.ide.mcu.externaltools.gnu-tools-for-stm32.7-2018-q2-update.win32_1.4.0.202007081208/tools/bin/../lib/gcc/arm-none-eabi/7.3.1/../../../../arm-none-eabi/lib/thumb/v7-m\libc_nano.a(lib_a-impure.o)
 .data._impure_ptr
                0x0000000000000000        0x4 c:/st/stm32cubeide_1.4.0/stm32cubeide/plugins/com.st.stm32cube.ide.mcu.externaltools.gnu-tools-for-stm32.7-2018-q2-update.win32_1.4.0.202007081208/tools/bin/../lib/gcc/arm-none-eabi/7.3.1/../../../../arm-none-eabi/lib/thumb/v7-m\libc_nano.a(lib_a-impure.o)
 .data.impure_data
                0x0000000000000000       0x60 c:/st/stm32cubeide_1.4.0/stm32cubeide/plugins/com.st.stm32cube.ide.mcu.externaltools.gnu-tools-for-stm32.7-2018-q2-update.win32_1.4.0.202007081208/tools/bin/../lib/gcc/arm-none-eabi/7.3.1/../../../../arm-none-eabi/lib/thumb/v7-m\libc_nano.a(lib_a-impure.o)
 .rodata._global_impure_ptr
                0x0000000000000000        0x4 c:/st/stm32cubeide_1.4.0/stm32cubeide/plugins/com.st.stm32cube.ide.mcu.externaltools.gnu-tools-for-stm32.7-2018-q2-update.win32_1.4.0.202007081208/tools/bin/../lib/gcc/arm-none-eabi/7.3.1/../../../../arm-none-eabi/lib/thumb/v7-m\libc_nano.a(lib_a-impure.o)
 .ARM.attributes
                0x0000000000000000       0x2d c:/st/stm32cubeide_1.4.0/stm32cubeide/plugins/com.st.stm32cube.ide.mcu.externaltools.gnu-tools-for-stm32.7-2018-q2-update.win32_1.4.0.202007081208/tools/bin/../lib/gcc/arm-none-eabi/7.3.1/../../../../arm-none-eabi/lib/thumb/v7-m\libc_nano.a(lib_a-impure.o)
 .text          0x0000000000000000        0x0 c:/st/stm32cubeide_1.4.0/stm32cubeide/plugins/com.st.stm32cube.ide.mcu.externaltools.gnu-tools-for-stm32.7-2018-q2-update.win32_1.4.0.202007081208/tools/bin/../lib/gcc/arm-none-eabi/7.3.1/../../../../arm-none-eabi/lib/thumb/v7-m\libc_nano.a(lib_a-init.o)
 .data          0x0000000000000000        0x0 c:/st/stm32cubeide_1.4.0/stm32cubeide/plugins/com.st.stm32cube.ide.mcu.externaltools.gnu-tools-for-stm32.7-2018-q2-update.win32_1.4.0.202007081208/tools/bin/../lib/gcc/arm-none-eabi/7.3.1/../../../../arm-none-eabi/lib/thumb/v7-m\libc_nano.a(lib_a-init.o)
 .bss           0x0000000000000000        0x0 c:/st/stm32cubeide_1.4.0/stm32cubeide/plugins/com.st.stm32cube.ide.mcu.externaltools.gnu-tools-for-stm32.7-2018-q2-update.win32_1.4.0.202007081208/tools/bin/../lib/gcc/arm-none-eabi/7.3.1/../../../../arm-none-eabi/lib/thumb/v7-m\libc_nano.a(lib_a-init.o)
 .text          0x0000000000000000        0x0 c:/st/stm32cubeide_1.4.0/stm32cubeide/plugins/com.st.stm32cube.ide.mcu.externaltools.gnu-tools-for-stm32.7-2018-q2-update.win32_1.4.0.202007081208/tools/bin/../lib/gcc/arm-none-eabi/7.3.1/../../../../arm-none-eabi/lib/thumb/v7-m\libc_nano.a(lib_a-memcpy-stub.o)
 .data          0x0000000000000000        0x0 c:/st/stm32cubeide_1.4.0/stm32cubeide/plugins/com.st.stm32cube.ide.mcu.externaltools.gnu-tools-for-stm32.7-2018-q2-update.win32_1.4.0.202007081208/tools/bin/../lib/gcc/arm-none-eabi/7.3.1/../../../../arm-none-eabi/lib/thumb/v7-m\libc_nano.a(lib_a-memcpy-stub.o)
 .bss           0x0000000000000000        0x0 c:/st/stm32cubeide_1.4.0/stm32cubeide/plugins/com.st.stm32cube.ide.mcu.externaltools.gnu-tools-for-stm32.7-2018-q2-update.win32_1.4.0.202007081208/tools/bin/../lib/gcc/arm-none-eabi/7.3.1/../../../../arm-none-eabi/lib/thumb/v7-m\libc_nano.a(lib_a-memcpy-stub.o)
 .text.memcpy   0x0000000000000000       0x16 c:/st/stm32cubeide_1.4.0/stm32cubeide/plugins/com.st.stm32cube.ide.mcu.externaltools.gnu-tools-for-stm32.7-2018-q2-update.win32_1.4.0.202007081208/tools/bin/../lib/gcc/arm-none-eabi/7.3.1/../../../../arm-none-eabi/lib/thumb/v7-m\libc_nano.a(lib_a-memcpy-stub.o)
 .debug_frame   0x0000000000000000       0x28 c:/st/stm32cubeide_1.4.0/stm32cubeide/plugins/com.st.stm32cube.ide.mcu.externaltools.gnu-tools-for-stm32.7-2018-q2-update.win32_1.4.0.202007081208/tools/bin/../lib/gcc/arm-none-eabi/7.3.1/../../../../arm-none-eabi/lib/thumb/v7-m\libc_nano.a(lib_a-memcpy-stub.o)
 .ARM.attributes
                0x0000000000000000       0x2d c:/st/stm32cubeide_1.4.0/stm32cubeide/plugins/com.st.stm32cube.ide.mcu.externaltools.gnu-tools-for-stm32.7-2018-q2-update.win32_1.4.0.202007081208/tools/bin/../lib/gcc/arm-none-eabi/7.3.1/../../../../arm-none-eabi/lib/thumb/v7-m\libc_nano.a(lib_a-memcpy-stub.o)
 .text          0x0000000000000000        0x0 c:/st/stm32cubeide_1.4.0/stm32cubeide/plugins/com.st.stm32cube.ide.mcu.externaltools.gnu-tools-for-stm32.7-2018-q2-update.win32_1.4.0.202007081208/tools/bin/../lib/gcc/arm-none-eabi/7.3.1/../../../../arm-none-eabi/lib/thumb/v7-m\libc_nano.a(lib_a-memset.o)
 .data          0x0000000000000000        0x0 c:/st/stm32cubeide_1.4.0/stm32cubeide/plugins/com.st.stm32cube.ide.mcu.externaltools.gnu-tools-for-stm32.7-2018-q2-update.win32_1.4.0.202007081208/tools/bin/../lib/gcc/arm-none-eabi/7.3.1/../../../../arm-none-eabi/lib/thumb/v7-m\libc_nano.a(lib_a-memset.o)
 .bss           0x0000000000000000        0x0 c:/st/stm32cubeide_1.4.0/stm32cubeide/plugins/com.st.stm32cube.ide.mcu.externaltools.gnu-tools-for-stm32.7-2018-q2-update.win32_1.4.0.202007081208/tools/bin/../lib/gcc/arm-none-eabi/7.3.1/../../../../arm-none-eabi/lib/thumb/v7-m\libc_nano.a(lib_a-memset.o)
 .text          0x0000000000000000        0x0 c:/st/stm32cubeide_1.4.0/stm32cubeide/plugins/com.st.stm32cube.ide.mcu.externaltools.gnu-tools-for-stm32.7-2018-q2-update.win32_1.4.0.202007081208/tools/bin/../lib/gcc/arm-none-eabi/7.3.1/thumb/v7-m/crtend.o
 .data          0x0000000000000000        0x0 c:/st/stm32cubeide_1.4.0/stm32cubeide/plugins/com.st.stm32cube.ide.mcu.externaltools.gnu-tools-for-stm32.7-2018-q2-update.win32_1.4.0.202007081208/tools/bin/../lib/gcc/arm-none-eabi/7.3.1/thumb/v7-m/crtend.o
 .bss           0x0000000000000000        0x0 c:/st/stm32cubeide_1.4.0/stm32cubeide/plugins/com.st.stm32cube.ide.mcu.externaltools.gnu-tools-for-stm32.7-2018-q2-update.win32_1.4.0.202007081208/tools/bin/../lib/gcc/arm-none-eabi/7.3.1/thumb/v7-m/crtend.o
 .eh_frame      0x0000000000000000        0x4 c:/st/stm32cubeide_1.4.0/stm32cubeide/plugins/com.st.stm32cube.ide.mcu.externaltools.gnu-tools-for-stm32.7-2018-q2-update.win32_1.4.0.202007081208/tools/bin/../lib/gcc/arm-none-eabi/7.3.1/thumb/v7-m/crtend.o
 .ARM.attributes
                0x0000000000000000       0x2d c:/st/stm32cubeide_1.4.0/stm32cubeide/plugins/com.st.stm32cube.ide.mcu.externaltools.gnu-tools-for-stm32.7-2018-q2-update.win32_1.4.0.202007081208/tools/bin/../lib/gcc/arm-none-eabi/7.3.1/thumb/v7-m/crtend.o
 .text          0x0000000000000000        0x0 c:/st/stm32cubeide_1.4.0/stm32cubeide/plugins/com.st.stm32cube.ide.mcu.externaltools.gnu-tools-for-stm32.7-2018-q2-update.win32_1.4.0.202007081208/tools/bin/../lib/gcc/arm-none-eabi/7.3.1/thumb/v7-m/crtn.o
 .data          0x0000000000000000        0x0 c:/st/stm32cubeide_1.4.0/stm32cubeide/plugins/com.st.stm32cube.ide.mcu.externaltools.gnu-tools-for-stm32.7-2018-q2-update.win32_1.4.0.202007081208/tools/bin/../lib/gcc/arm-none-eabi/7.3.1/thumb/v7-m/crtn.o
 .bss           0x0000000000000000        0x0 c:/st/stm32cubeide_1.4.0/stm32cubeide/plugins/com.st.stm32cube.ide.mcu.externaltools.gnu-tools-for-stm32.7-2018-q2-update.win32_1.4.0.202007081208/tools/bin/../lib/gcc/arm-none-eabi/7.3.1/thumb/v7-m/crtn.o

Memory Configuration

Name             Origin             Length             Attributes
RAM              0x0000000020000000 0x0000000000002000 xrw
FLASH            0x0000000008000000 0x0000000000010000 xr
*default*        0x0000000000000000 0xffffffffffffffff

Linker script and memory map

LOAD c:/st/stm32cubeide_1.4.0/stm32cubeide/plugins/com.st.stm32cube.ide.mcu.externaltools.gnu-tools-for-stm32.7-2018-q2-update.win32_1.4.0.202007081208/tools/bin/../lib/gcc/arm-none-eabi/7.3.1/thumb/v7-m/crti.o
LOAD c:/st/stm32cubeide_1.4.0/stm32cubeide/plugins/com.st.stm32cube.ide.mcu.externaltools.gnu-tools-for-stm32.7-2018-q2-update.win32_1.4.0.202007081208/tools/bin/../lib/gcc/arm-none-eabi/7.3.1/thumb/v7-m/crtbegin.o
LOAD c:/st/stm32cubeide_1.4.0/stm32cubeide/plugins/com.st.stm32cube.ide.mcu.externaltools.gnu-tools-for-stm32.7-2018-q2-update.win32_1.4.0.202007081208/tools/bin/../lib/gcc/arm-none-eabi/7.3.1/../../../../arm-none-eabi/lib/thumb/v7-m/crt0.o
LOAD Core/Src/Eeprom.o
LOAD Core/Src/General.o
LOAD Core/Src/Lib.o
LOAD Core/Src/MicroMenu2_1.o
LOAD Core/Src/hd44780_driver.o
LOAD Core/Src/main.o
LOAD Core/Src/stm32f1xx_it.o
LOAD Core/Src/syscalls.o
LOAD Core/Src/sysmem.o
LOAD Core/Src/system_stm32f1xx.o
LOAD Core/Src/usart.o
LOAD Core/Startup/startup_stm32f100c8tx.o
LOAD Drivers/STM32F1xx_HAL_Driver/Src/stm32f1xx_ll_dma.o
LOAD Drivers/STM32F1xx_HAL_Driver/Src/stm32f1xx_ll_exti.o
LOAD Drivers/STM32F1xx_HAL_Driver/Src/stm32f1xx_ll_gpio.o
LOAD Drivers/STM32F1xx_HAL_Driver/Src/stm32f1xx_ll_pwr.o
LOAD Drivers/STM32F1xx_HAL_Driver/Src/stm32f1xx_ll_rcc.o
LOAD Drivers/STM32F1xx_HAL_Driver/Src/stm32f1xx_ll_usart.o
LOAD Drivers/STM32F1xx_HAL_Driver/Src/stm32f1xx_ll_utils.o
START GROUP
LOAD c:/st/stm32cubeide_1.4.0/stm32cubeide/plugins/com.st.stm32cube.ide.mcu.externaltools.gnu-tools-for-stm32.7-2018-q2-update.win32_1.4.0.202007081208/tools/bin/../lib/gcc/arm-none-eabi/7.3.1/../../../../arm-none-eabi/lib/thumb/v7-m\libc_nano.a
LOAD c:/st/stm32cubeide_1.4.0/stm32cubeide/plugins/com.st.stm32cube.ide.mcu.externaltools.gnu-tools-for-stm32.7-2018-q2-update.win32_1.4.0.202007081208/tools/bin/../lib/gcc/arm-none-eabi/7.3.1/../../../../arm-none-eabi/lib/thumb/v7-m\libm.a
END GROUP
START GROUP
LOAD c:/st/stm32cubeide_1.4.0/stm32cubeide/plugins/com.st.stm32cube.ide.mcu.externaltools.gnu-tools-for-stm32.7-2018-q2-update.win32_1.4.0.202007081208/tools/bin/../lib/gcc/arm-none-eabi/7.3.1/thumb/v7-m\libgcc.a
LOAD c:/st/stm32cubeide_1.4.0/stm32cubeide/plugins/com.st.stm32cube.ide.mcu.externaltools.gnu-tools-for-stm32.7-2018-q2-update.win32_1.4.0.202007081208/tools/bin/../lib/gcc/arm-none-eabi/7.3.1/../../../../arm-none-eabi/lib/thumb/v7-m\libc_nano.a
END GROUP
START GROUP
LOAD c:/st/stm32cubeide_1.4.0/stm32cubeide/plugins/com.st.stm32cube.ide.mcu.externaltools.gnu-tools-for-stm32.7-2018-q2-update.win32_1.4.0.202007081208/tools/bin/../lib/gcc/arm-none-eabi/7.3.1/thumb/v7-m\libgcc.a
LOAD c:/st/stm32cubeide_1.4.0/stm32cubeide/plugins/com.st.stm32cube.ide.mcu.externaltools.gnu-tools-for-stm32.7-2018-q2-update.win32_1.4.0.202007081208/tools/bin/../lib/gcc/arm-none-eabi/7.3.1/../../../../arm-none-eabi/lib/thumb/v7-m\libc_nano.a
LOAD c:/st/stm32cubeide_1.4.0/stm32cubeide/plugins/com.st.stm32cube.ide.mcu.externaltools.gnu-tools-for-stm32.7-2018-q2-update.win32_1.4.0.202007081208/tools/bin/../lib/gcc/arm-none-eabi/7.3.1/../../../../arm-none-eabi/lib/thumb/v7-m\libnosys.a
END GROUP
START GROUP
LOAD c:/st/stm32cubeide_1.4.0/stm32cubeide/plugins/com.st.stm32cube.ide.mcu.externaltools.gnu-tools-for-stm32.7-2018-q2-update.win32_1.4.0.202007081208/tools/bin/../lib/gcc/arm-none-eabi/7.3.1/thumb/v7-m\libgcc.a
LOAD c:/st/stm32cubeide_1.4.0/stm32cubeide/plugins/com.st.stm32cube.ide.mcu.externaltools.gnu-tools-for-stm32.7-2018-q2-update.win32_1.4.0.202007081208/tools/bin/../lib/gcc/arm-none-eabi/7.3.1/../../../../arm-none-eabi/lib/thumb/v7-m\libc_nano.a
LOAD c:/st/stm32cubeide_1.4.0/stm32cubeide/plugins/com.st.stm32cube.ide.mcu.externaltools.gnu-tools-for-stm32.7-2018-q2-update.win32_1.4.0.202007081208/tools/bin/../lib/gcc/arm-none-eabi/7.3.1/../../../../arm-none-eabi/lib/thumb/v7-m\libnosys.a
END GROUP
LOAD c:/st/stm32cubeide_1.4.0/stm32cubeide/plugins/com.st.stm32cube.ide.mcu.externaltools.gnu-tools-for-stm32.7-2018-q2-update.win32_1.4.0.202007081208/tools/bin/../lib/gcc/arm-none-eabi/7.3.1/thumb/v7-m/crtend.o
LOAD c:/st/stm32cubeide_1.4.0/stm32cubeide/plugins/com.st.stm32cube.ide.mcu.externaltools.gnu-tools-for-stm32.7-2018-q2-update.win32_1.4.0.202007081208/tools/bin/../lib/gcc/arm-none-eabi/7.3.1/thumb/v7-m/crtn.o
                0x0000000020002000                _estack = (ORIGIN (RAM) + LENGTH (RAM))
                0x0000000000000200                _Min_Heap_Size = 0x200
                0x0000000000000400                _Min_Stack_Size = 0x400

.isr_vector     0x0000000008000000      0x1d0
                0x0000000008000000                . = ALIGN (0x4)
 *(.isr_vector)
 .isr_vector    0x0000000008000000      0x1d0 Core/Startup/startup_stm32f100c8tx.o
                0x0000000008000000                g_pfnVectors
                0x00000000080001d0                . = ALIGN (0x4)

.text           0x00000000080001d0     0x1178
                0x00000000080001d0                . = ALIGN (0x4)
 *(.text)
 .text          0x00000000080001d0       0x40 c:/st/stm32cubeide_1.4.0/stm32cubeide/plugins/com.st.stm32cube.ide.mcu.externaltools.gnu-tools-for-stm32.7-2018-q2-update.win32_1.4.0.202007081208/tools/bin/../lib/gcc/arm-none-eabi/7.3.1/thumb/v7-m/crtbegin.o
 *(.text*)
 .text.InfoToUARTBeforeStart
                0x0000000008000210      0x15c Core/Src/General.o
                0x0000000008000210                InfoToUARTBeforeStart
 .text.delay_us
                0x000000000800036c       0x6c Core/Src/General.o
                0x000000000800036c                delay_us
 .text.delay_ms
                0x00000000080003d8       0x1e Core/Src/General.o
                0x00000000080003d8                delay_ms
 *fill*         0x00000000080003f6        0x2 
 .text.itoa     0x00000000080003f8       0x74 Core/Src/Lib.o
                0x00000000080003f8                itoa
 .text.itoa_koma
                0x000000000800046c       0xd0 Core/Src/Lib.o
                0x000000000800046c                itoa_koma
 .text.strlen1  0x000000000800053c       0x10 Core/Src/Lib.o
                0x000000000800053c                strlen1
 .text.strobe   0x000000000800054c       0x24 Core/Src/hd44780_driver.o
                0x000000000800054c                strobe
 .text.lcd_set_4bit_mode
                0x0000000008000570       0x44 Core/Src/hd44780_driver.o
                0x0000000008000570                lcd_set_4bit_mode
 .text.lcd_send
                0x00000000080005b4       0x9c Core/Src/hd44780_driver.o
                0x00000000080005b4                lcd_send
 .text.lcd_set_user_char
                0x0000000008000650       0x32 Core/Src/hd44780_driver.o
                0x0000000008000650                lcd_set_user_char
 *fill*         0x0000000008000682        0x2 
 .text.SetSymbols
                0x0000000008000684       0xb0 Core/Src/hd44780_driver.o
                0x0000000008000684                SetSymbols
 .text.lcd_set_xy
                0x0000000008000734       0x24 Core/Src/hd44780_driver.o
                0x0000000008000734                lcd_set_xy
 .text.lcd_out  0x0000000008000758       0x2c Core/Src/hd44780_driver.o
                0x0000000008000758                lcd_out
 .text.LcdOut   0x0000000008000784       0x84 Core/Src/hd44780_driver.o
                0x0000000008000784                LcdOut
 .text.lcd_clear
                0x0000000008000808        0x8 Core/Src/hd44780_driver.o
                0x0000000008000808                lcd_clear
 .text.lcd_init
                0x0000000008000810       0x1c Core/Src/hd44780_driver.o
                0x0000000008000810                lcd_init
 .text.PrintToLCD
                0x000000000800082c        0x6 Core/Src/hd44780_driver.o
                0x000000000800082c                PrintToLCD
 .text.InitLCD  0x0000000008000832       0x16 Core/Src/hd44780_driver.o
                0x0000000008000832                InitLCD
 .text.LL_APB2_GRP1_EnableClock
                0x0000000008000848       0x1c Core/Src/main.o
 .text.NVIC_EncodePriority.constprop.6
                0x0000000008000864        0x4 Core/Src/main.o
 .text.ClockOnLCD
                0x0000000008000868       0x9c Core/Src/main.o
                0x0000000008000868                ClockOnLCD
 .text.SystemClock_Config
                0x0000000008000904       0x7c Core/Src/main.o
                0x0000000008000904                SystemClock_Config
 .text.startup.main
                0x0000000008000980      0x348 Core/Src/main.o
                0x0000000008000980                main
 .text.NMI_Handler
                0x0000000008000cc8        0x2 Core/Src/stm32f1xx_it.o
                0x0000000008000cc8                NMI_Handler
 .text.HardFault_Handler
                0x0000000008000cca        0x2 Core/Src/stm32f1xx_it.o
                0x0000000008000cca                HardFault_Handler
 .text.MemManage_Handler
                0x0000000008000ccc        0x2 Core/Src/stm32f1xx_it.o
                0x0000000008000ccc                MemManage_Handler
 .text.BusFault_Handler
                0x0000000008000cce        0x2 Core/Src/stm32f1xx_it.o
                0x0000000008000cce                BusFault_Handler
 .text.UsageFault_Handler
                0x0000000008000cd0        0x2 Core/Src/stm32f1xx_it.o
                0x0000000008000cd0                UsageFault_Handler
 .text.SVC_Handler
                0x0000000008000cd2        0x2 Core/Src/stm32f1xx_it.o
                0x0000000008000cd2                SVC_Handler
 .text.DebugMon_Handler
                0x0000000008000cd4        0x2 Core/Src/stm32f1xx_it.o
                0x0000000008000cd4                DebugMon_Handler
 .text.PendSV_Handler
                0x0000000008000cd6        0x2 Core/Src/stm32f1xx_it.o
                0x0000000008000cd6                PendSV_Handler
 .text.SysTick_Handler
                0x0000000008000cd8       0x98 Core/Src/stm32f1xx_it.o
                0x0000000008000cd8                SysTick_Handler
 .text.USART1_IRQHandler
                0x0000000008000d70       0x5c Core/Src/stm32f1xx_it.o
                0x0000000008000d70                USART1_IRQHandler
 .text.USART2_IRQHandler
                0x0000000008000dcc        0x2 Core/Src/stm32f1xx_it.o
                0x0000000008000dcc                USART2_IRQHandler
 .text.SystemInit
                0x0000000008000dce        0x2 Core/Src/system_stm32f1xx.o
                0x0000000008000dce                SystemInit
 .text.debug    0x0000000008000dd0       0xa4 Core/Src/usart.o
                0x0000000008000dd0                debug
 .text.debugD   0x0000000008000e74      0x100 Core/Src/usart.o
                0x0000000008000e74                debugD
 .text.putCharDirectToUart1
                0x0000000008000f74       0x10 Core/Src/usart.o
                0x0000000008000f74                putCharDirectToUart1
 .text.putStringDirectToUart1
                0x0000000008000f84       0x14 Core/Src/usart.o
                0x0000000008000f84                putStringDirectToUart1
 .text.Print_to_USART1_d
                0x0000000008000f98       0x30 Core/Src/usart.o
                0x0000000008000f98                Print_to_USART1_d
 .text.Reset_Handler
                0x0000000008000fc8       0x48 Core/Startup/startup_stm32f100c8tx.o
                0x0000000008000fc8                Reset_Handler
 .text.Default_Handler
                0x0000000008001010        0x2 Core/Startup/startup_stm32f100c8tx.o
                0x0000000008001010                RTC_Alarm_IRQHandler
                0x0000000008001010                EXTI2_IRQHandler
                0x0000000008001010                TIM1_CC_IRQHandler
                0x0000000008001010                PVD_IRQHandler
                0x0000000008001010                EXTI3_IRQHandler
                0x0000000008001010                EXTI0_IRQHandler
                0x0000000008001010                TIM1_UP_TIM16_IRQHandler
                0x0000000008001010                SPI1_IRQHandler
                0x0000000008001010                TAMPER_IRQHandler
                0x0000000008001010                TIM6_DAC_IRQHandler
                0x0000000008001010                DMA1_Channel4_IRQHandler
                0x0000000008001010                ADC1_IRQHandler
                0x0000000008001010                USART3_IRQHandler
                0x0000000008001010                RTC_IRQHandler
                0x0000000008001010                DMA1_Channel7_IRQHandler
                0x0000000008001010                TIM4_IRQHandler
                0x0000000008001010                I2C1_EV_IRQHandler
                0x0000000008001010                DMA1_Channel6_IRQHandler
                0x0000000008001010                TIM3_IRQHandler
                0x0000000008001010                RCC_IRQHandler
                0x0000000008001010                DMA1_Channel1_IRQHandler
                0x0000000008001010                Default_Handler
                0x0000000008001010                CEC_IRQHandler
                0x0000000008001010                EXTI15_10_IRQHandler
                0x0000000008001010                TIM7_IRQHandler
                0x0000000008001010                EXTI9_5_IRQHandler
                0x0000000008001010                DMA1_Channel5_IRQHandler
                0x0000000008001010                EXTI4_IRQHandler
                0x0000000008001010                TIM1_TRG_COM_TIM17_IRQHandler
                0x0000000008001010                DMA1_Channel3_IRQHandler
                0x0000000008001010                WWDG_IRQHandler
                0x0000000008001010                TIM2_IRQHandler
                0x0000000008001010                EXTI1_IRQHandler
                0x0000000008001010                DMA1_Channel2_IRQHandler
                0x0000000008001010                FLASH_IRQHandler
                0x0000000008001010                I2C1_ER_IRQHandler
                0x0000000008001010                TIM1_BRK_TIM15_IRQHandler
 .text.LL_GPIO_Init
                0x0000000008001012      0x108 Drivers/STM32F1xx_HAL_Driver/Src/stm32f1xx_ll_gpio.o
                0x0000000008001012                LL_GPIO_Init
 *fill*         0x000000000800111a        0x2 
 .text.RCC_GetHCLKClockFreq
                0x000000000800111c       0x18 Drivers/STM32F1xx_HAL_Driver/Src/stm32f1xx_ll_rcc.o
                0x000000000800111c                RCC_GetHCLKClockFreq
 .text.RCC_GetPCLK1ClockFreq
                0x0000000008001134       0x18 Drivers/STM32F1xx_HAL_Driver/Src/stm32f1xx_ll_rcc.o
                0x0000000008001134                RCC_GetPCLK1ClockFreq
 .text.RCC_GetPCLK2ClockFreq
                0x000000000800114c       0x18 Drivers/STM32F1xx_HAL_Driver/Src/stm32f1xx_ll_rcc.o
                0x000000000800114c                RCC_GetPCLK2ClockFreq
 .text.RCC_PLL_GetFreqDomain_SYS
                0x0000000008001164       0x34 Drivers/STM32F1xx_HAL_Driver/Src/stm32f1xx_ll_rcc.o
                0x0000000008001164                RCC_PLL_GetFreqDomain_SYS
 .text.RCC_GetSystemClockFreq
                0x0000000008001198       0x1c Drivers/STM32F1xx_HAL_Driver/Src/stm32f1xx_ll_rcc.o
                0x0000000008001198                RCC_GetSystemClockFreq
 .text.LL_RCC_GetSystemClocksFreq
                0x00000000080011b4       0x20 Drivers/STM32F1xx_HAL_Driver/Src/stm32f1xx_ll_rcc.o
                0x00000000080011b4                LL_RCC_GetSystemClocksFreq
 .text.LL_USART_Init
                0x00000000080011d4       0xdc Drivers/STM32F1xx_HAL_Driver/Src/stm32f1xx_ll_usart.o
                0x00000000080011d4                LL_USART_Init
 .text.LL_Init1msTick
                0x00000000080012b0       0x1c Drivers/STM32F1xx_HAL_Driver/Src/stm32f1xx_ll_utils.o
                0x00000000080012b0                LL_Init1msTick
 .text.LL_SetSystemCoreClock
                0x00000000080012cc        0xc Drivers/STM32F1xx_HAL_Driver/Src/stm32f1xx_ll_utils.o
                0x00000000080012cc                LL_SetSystemCoreClock
 .text.__libc_init_array
                0x00000000080012d8       0x48 c:/st/stm32cubeide_1.4.0/stm32cubeide/plugins/com.st.stm32cube.ide.mcu.externaltools.gnu-tools-for-stm32.7-2018-q2-update.win32_1.4.0.202007081208/tools/bin/../lib/gcc/arm-none-eabi/7.3.1/../../../../arm-none-eabi/lib/thumb/v7-m\libc_nano.a(lib_a-init.o)
                0x00000000080012d8                __libc_init_array
 .text.memset   0x0000000008001320       0x10 c:/st/stm32cubeide_1.4.0/stm32cubeide/plugins/com.st.stm32cube.ide.mcu.externaltools.gnu-tools-for-stm32.7-2018-q2-update.win32_1.4.0.202007081208/tools/bin/../lib/gcc/arm-none-eabi/7.3.1/../../../../arm-none-eabi/lib/thumb/v7-m\libc_nano.a(lib_a-memset.o)
                0x0000000008001320                memset
 *(.glue_7)
 .glue_7        0x0000000008001330        0x0 linker stubs
 *(.glue_7t)
 .glue_7t       0x0000000008001330        0x0 linker stubs
 *(.eh_frame)
 .eh_frame      0x0000000008001330        0x0 c:/st/stm32cubeide_1.4.0/stm32cubeide/plugins/com.st.stm32cube.ide.mcu.externaltools.gnu-tools-for-stm32.7-2018-q2-update.win32_1.4.0.202007081208/tools/bin/../lib/gcc/arm-none-eabi/7.3.1/thumb/v7-m/crtbegin.o
 *(.init)
 .init          0x0000000008001330        0x4 c:/st/stm32cubeide_1.4.0/stm32cubeide/plugins/com.st.stm32cube.ide.mcu.externaltools.gnu-tools-for-stm32.7-2018-q2-update.win32_1.4.0.202007081208/tools/bin/../lib/gcc/arm-none-eabi/7.3.1/thumb/v7-m/crti.o
                0x0000000008001330                _init
 .init          0x0000000008001334        0x8 c:/st/stm32cubeide_1.4.0/stm32cubeide/plugins/com.st.stm32cube.ide.mcu.externaltools.gnu-tools-for-stm32.7-2018-q2-update.win32_1.4.0.202007081208/tools/bin/../lib/gcc/arm-none-eabi/7.3.1/thumb/v7-m/crtn.o
 *(.fini)
 .fini          0x000000000800133c        0x4 c:/st/stm32cubeide_1.4.0/stm32cubeide/plugins/com.st.stm32cube.ide.mcu.externaltools.gnu-tools-for-stm32.7-2018-q2-update.win32_1.4.0.202007081208/tools/bin/../lib/gcc/arm-none-eabi/7.3.1/thumb/v7-m/crti.o
                0x000000000800133c                _fini
 .fini          0x0000000008001340        0x8 c:/st/stm32cubeide_1.4.0/stm32cubeide/plugins/com.st.stm32cube.ide.mcu.externaltools.gnu-tools-for-stm32.7-2018-q2-update.win32_1.4.0.202007081208/tools/bin/../lib/gcc/arm-none-eabi/7.3.1/thumb/v7-m/crtn.o
                0x0000000008001348                . = ALIGN (0x4)
                0x0000000008001348                _etext = .

.vfp11_veneer   0x0000000008001348        0x0
 .vfp11_veneer  0x0000000008001348        0x0 linker stubs

.v4_bx          0x0000000008001348        0x0
 .v4_bx         0x0000000008001348        0x0 linker stubs

.iplt           0x0000000008001348        0x0
 .iplt          0x0000000008001348        0x0 c:/st/stm32cubeide_1.4.0/stm32cubeide/plugins/com.st.stm32cube.ide.mcu.externaltools.gnu-tools-for-stm32.7-2018-q2-update.win32_1.4.0.202007081208/tools/bin/../lib/gcc/arm-none-eabi/7.3.1/thumb/v7-m/crtbegin.o

.rodata         0x0000000008001348      0x2bc
                0x0000000008001348                . = ALIGN (0x4)
 *(.rodata)
 *(.rodata*)
 .rodata.InfoToUARTBeforeStart.str1.1
                0x0000000008001348      0x230 Core/Src/General.o
 .rodata.ClockOnLCD.str1.1
                0x0000000008001578        0x2 Core/Src/main.o
                                          0x4 (size before relaxing)
 .rodata.main.str1.1
                0x000000000800157a       0x64 Core/Src/main.o
                                         0x68 (size before relaxing)
 .rodata.SysTick_Handler.str1.1
                0x00000000080015de        0xe Core/Src/stm32f1xx_it.o
 .rodata.AHBPrescTable
                0x00000000080015ec       0x10 Core/Src/system_stm32f1xx.o
                0x00000000080015ec                AHBPrescTable
 .rodata.APBPrescTable
                0x00000000080015fc        0x8 Core/Src/system_stm32f1xx.o
                0x00000000080015fc                APBPrescTable
                0x0000000008001604                . = ALIGN (0x4)

.rel.dyn        0x0000000008001604        0x0
 .rel.iplt      0x0000000008001604        0x0 c:/st/stm32cubeide_1.4.0/stm32cubeide/plugins/com.st.stm32cube.ide.mcu.externaltools.gnu-tools-for-stm32.7-2018-q2-update.win32_1.4.0.202007081208/tools/bin/../lib/gcc/arm-none-eabi/7.3.1/thumb/v7-m/crtbegin.o

.ARM.extab      0x0000000008001604        0x0
                0x0000000008001604                . = ALIGN (0x4)
 *(.ARM.extab* .gnu.linkonce.armextab.*)
                0x0000000008001604                . = ALIGN (0x4)

.ARM            0x0000000008001604        0x0
                0x0000000008001604                . = ALIGN (0x4)
                0x0000000008001604                __exidx_start = .
 *(.ARM.exidx*)
                0x0000000008001604                __exidx_end = .
                0x0000000008001604                . = ALIGN (0x4)

.preinit_array  0x0000000008001604        0x0
                0x0000000008001604                . = ALIGN (0x4)
                0x0000000008001604                PROVIDE (__preinit_array_start = .)
 *(.preinit_array*)
                0x0000000008001604                PROVIDE (__preinit_array_end = .)
                0x0000000008001604                . = ALIGN (0x4)

.init_array     0x0000000008001604        0x4
                0x0000000008001604                . = ALIGN (0x4)
                0x0000000008001604                PROVIDE (__init_array_start = .)
 *(SORT_BY_NAME(.init_array.*))
 *(.init_array*)
 .init_array    0x0000000008001604        0x4 c:/st/stm32cubeide_1.4.0/stm32cubeide/plugins/com.st.stm32cube.ide.mcu.externaltools.gnu-tools-for-stm32.7-2018-q2-update.win32_1.4.0.202007081208/tools/bin/../lib/gcc/arm-none-eabi/7.3.1/thumb/v7-m/crtbegin.o
                0x0000000008001608                PROVIDE (__init_array_end = .)
                0x0000000008001608                . = ALIGN (0x4)

.fini_array     0x0000000008001608        0x4
                0x0000000008001608                . = ALIGN (0x4)
                [!provide]                        PROVIDE (__fini_array_start = .)
 *(SORT_BY_NAME(.fini_array.*))
 *(.fini_array*)
 .fini_array    0x0000000008001608        0x4 c:/st/stm32cubeide_1.4.0/stm32cubeide/plugins/com.st.stm32cube.ide.mcu.externaltools.gnu-tools-for-stm32.7-2018-q2-update.win32_1.4.0.202007081208/tools/bin/../lib/gcc/arm-none-eabi/7.3.1/thumb/v7-m/crtbegin.o
                [!provide]                        PROVIDE (__fini_array_end = .)
                0x000000000800160c                . = ALIGN (0x4)
                0x000000000800160c                _sidata = LOADADDR (.data)

.data           0x0000000020000000       0xf0 load address 0x000000000800160c
                0x0000000020000000                . = ALIGN (0x4)
                0x0000000020000000                _sdata = .
 *(.data)
 *(.data*)
 .data.CalibrationData
                0x0000000020000000       0x50 Core/Src/General.o
                0x0000000020000000                CalibrationData
 .data.SaveDataWhenPowerOff
                0x0000000020000050       0x20 Core/Src/General.o
                0x0000000020000050                SaveDataWhenPowerOff
 .data.SettingsData
                0x0000000020000070       0x48 Core/Src/General.o
                0x0000000020000070                SettingsData
 .data.russ     0x00000000200000b8       0x20 Core/Src/hd44780_driver.o
                0x00000000200000b8                russ
 .data.Version  0x00000000200000d8       0x11 Core/Src/main.o
                0x00000000200000d8                Version
 *fill*         0x00000000200000e9        0x3 
 .data.SystemCoreClock
                0x00000000200000ec        0x4 Core/Src/system_stm32f1xx.o
                0x00000000200000ec                SystemCoreClock
                0x00000000200000f0                . = ALIGN (0x4)
                0x00000000200000f0                _edata = .

.igot.plt       0x00000000200000f0        0x0 load address 0x00000000080016fc
 .igot.plt      0x00000000200000f0        0x0 c:/st/stm32cubeide_1.4.0/stm32cubeide/plugins/com.st.stm32cube.ide.mcu.externaltools.gnu-tools-for-stm32.7-2018-q2-update.win32_1.4.0.202007081208/tools/bin/../lib/gcc/arm-none-eabi/7.3.1/thumb/v7-m/crtbegin.o
                0x00000000200000f0                . = ALIGN (0x4)

.bss            0x00000000200000f0      0x328 load address 0x00000000080016fc
                0x00000000200000f0                _sbss = .
                0x00000000200000f0                __bss_start__ = _sbss
 *(.bss)
 .bss           0x00000000200000f0       0x1c c:/st/stm32cubeide_1.4.0/stm32cubeide/plugins/com.st.stm32cube.ide.mcu.externaltools.gnu-tools-for-stm32.7-2018-q2-update.win32_1.4.0.202007081208/tools/bin/../lib/gcc/arm-none-eabi/7.3.1/thumb/v7-m/crtbegin.o
 *(.bss*)
 .bss.Count1000mSecond
                0x000000002000010c        0x2 Core/Src/General.o
                0x000000002000010c                Count1000mSecond
 .bss.Count100mSecond
                0x000000002000010e        0x2 Core/Src/General.o
                0x000000002000010e                Count100mSecond
 .bss.Count10mSecond
                0x0000000020000110        0x2 Core/Src/General.o
                0x0000000020000110                Count10mSecond
 *fill*         0x0000000020000112        0x2 
 .bss.Seconds   0x0000000020000114        0x4 Core/Src/General.o
                0x0000000020000114                Seconds
 .bss.bufferUart1
                0x0000000020000118      0x2ca Core/Src/General.o
                0x0000000020000118                bufferUart1
 *fill*         0x00000000200003e2        0x2 
 .bss.f1        0x00000000200003e4        0x4 Core/Src/General.o
                0x00000000200003e4                f1
 .bss.f2        0x00000000200003e8        0x4 Core/Src/General.o
                0x00000000200003e8                f2
 .bss.f3        0x00000000200003ec        0x4 Core/Src/General.o
                0x00000000200003ec                f3
 .bss.f4        0x00000000200003f0        0x4 Core/Src/General.o
                0x00000000200003f0                f4
 .bss.s1.4930   0x00000000200003f4       0x10 Core/Src/Lib.o
 .bss.s1.4959   0x0000000020000404       0x11 Core/Src/Lib.o
 .bss.pos_x     0x0000000020000415        0x1 Core/Src/hd44780_driver.o
                0x0000000020000415                pos_x
 .bss.pos_y     0x0000000020000416        0x1 Core/Src/hd44780_driver.o
                0x0000000020000416                pos_y
 *(COMMON)
                0x0000000020000418                . = ALIGN (0x4)
 *fill*         0x0000000020000417        0x1 
                0x0000000020000418                _ebss = .
                0x0000000020000418                __bss_end__ = _ebss

._user_heap_stack
                0x0000000020000418      0x600 load address 0x00000000080016fc
                0x0000000020000418                . = ALIGN (0x8)
                [!provide]                        PROVIDE (end = .)
                0x0000000020000418                PROVIDE (_end = .)
                0x0000000020000618                . = (. + _Min_Heap_Size)
 *fill*         0x0000000020000418      0x200 
                0x0000000020000a18                . = (. + _Min_Stack_Size)
 *fill*         0x0000000020000618      0x400 
                0x0000000020000a18                . = ALIGN (0x8)

/DISCARD/
 libc.a(*)
 libm.a(*)
 libgcc.a(*)

.ARM.attributes
                0x0000000000000000       0x29
 *(.ARM.attributes)
 .ARM.attributes
                0x0000000000000000       0x1d c:/st/stm32cubeide_1.4.0/stm32cubeide/plugins/com.st.stm32cube.ide.mcu.externaltools.gnu-tools-for-stm32.7-2018-q2-update.win32_1.4.0.202007081208/tools/bin/../lib/gcc/arm-none-eabi/7.3.1/thumb/v7-m/crti.o
 .ARM.attributes
                0x000000000000001d       0x2d c:/st/stm32cubeide_1.4.0/stm32cubeide/plugins/com.st.stm32cube.ide.mcu.externaltools.gnu-tools-for-stm32.7-2018-q2-update.win32_1.4.0.202007081208/tools/bin/../lib/gcc/arm-none-eabi/7.3.1/thumb/v7-m/crtbegin.o
 .ARM.attributes
                0x000000000000004a       0x33 Core/Src/General.o
 .ARM.attributes
                0x000000000000007d       0x33 Core/Src/Lib.o
 .ARM.attributes
                0x00000000000000b0       0x33 Core/Src/hd44780_driver.o
 .ARM.attributes
                0x00000000000000e3       0x33 Core/Src/main.o
 .ARM.attributes
                0x0000000000000116       0x33 Core/Src/stm32f1xx_it.o
 .ARM.attributes
                0x0000000000000149       0x33 Core/Src/system_stm32f1xx.o
 .ARM.attributes
                0x000000000000017c       0x33 Core/Src/usart.o
 .ARM.attributes
                0x00000000000001af       0x21 Core/Startup/startup_stm32f100c8tx.o
 .ARM.attributes
                0x00000000000001d0       0x33 Drivers/STM32F1xx_HAL_Driver/Src/stm32f1xx_ll_gpio.o
 .ARM.attributes
                0x0000000000000203       0x33 Drivers/STM32F1xx_HAL_Driver/Src/stm32f1xx_ll_rcc.o
 .ARM.attributes
                0x0000000000000236       0x33 Drivers/STM32F1xx_HAL_Driver/Src/stm32f1xx_ll_usart.o
 .ARM.attributes
                0x0000000000000269       0x33 Drivers/STM32F1xx_HAL_Driver/Src/stm32f1xx_ll_utils.o
 .ARM.attributes
                0x000000000000029c       0x2d c:/st/stm32cubeide_1.4.0/stm32cubeide/plugins/com.st.stm32cube.ide.mcu.externaltools.gnu-tools-for-stm32.7-2018-q2-update.win32_1.4.0.202007081208/tools/bin/../lib/gcc/arm-none-eabi/7.3.1/../../../../arm-none-eabi/lib/thumb/v7-m\libc_nano.a(lib_a-init.o)
 .ARM.attributes
                0x00000000000002c9       0x2d c:/st/stm32cubeide_1.4.0/stm32cubeide/plugins/com.st.stm32cube.ide.mcu.externaltools.gnu-tools-for-stm32.7-2018-q2-update.win32_1.4.0.202007081208/tools/bin/../lib/gcc/arm-none-eabi/7.3.1/../../../../arm-none-eabi/lib/thumb/v7-m\libc_nano.a(lib_a-memset.o)
 .ARM.attributes
                0x00000000000002f6       0x1d c:/st/stm32cubeide_1.4.0/stm32cubeide/plugins/com.st.stm32cube.ide.mcu.externaltools.gnu-tools-for-stm32.7-2018-q2-update.win32_1.4.0.202007081208/tools/bin/../lib/gcc/arm-none-eabi/7.3.1/thumb/v7-m/crtn.o
OUTPUT(stm32f100c8.elf elf32-littlearm)

.comment        0x0000000000000000       0x7b
 .comment       0x0000000000000000       0x7b Core/Src/General.o
                                         0x7c (size before relaxing)
 .comment       0x000000000000007b       0x7c Core/Src/Lib.o
 .comment       0x000000000000007b       0x7c Core/Src/hd44780_driver.o
 .comment       0x000000000000007b       0x7c Core/Src/main.o
 .comment       0x000000000000007b       0x7c Core/Src/stm32f1xx_it.o
 .comment       0x000000000000007b       0x7c Core/Src/system_stm32f1xx.o
 .comment       0x000000000000007b       0x7c Core/Src/usart.o
 .comment       0x000000000000007b       0x7c Drivers/STM32F1xx_HAL_Driver/Src/stm32f1xx_ll_gpio.o
 .comment       0x000000000000007b       0x7c Drivers/STM32F1xx_HAL_Driver/Src/stm32f1xx_ll_rcc.o
 .comment       0x000000000000007b       0x7c Drivers/STM32F1xx_HAL_Driver/Src/stm32f1xx_ll_usart.o
 .comment       0x000000000000007b       0x7c Drivers/STM32F1xx_HAL_Driver/Src/stm32f1xx_ll_utils.o

.debug_frame    0x0000000000000000       0x4c
 .debug_frame   0x0000000000000000       0x2c c:/st/stm32cubeide_1.4.0/stm32cubeide/plugins/com.st.stm32cube.ide.mcu.externaltools.gnu-tools-for-stm32.7-2018-q2-update.win32_1.4.0.202007081208/tools/bin/../lib/gcc/arm-none-eabi/7.3.1/../../../../arm-none-eabi/lib/thumb/v7-m\libc_nano.a(lib_a-init.o)
 .debug_frame   0x000000000000002c       0x20 c:/st/stm32cubeide_1.4.0/stm32cubeide/plugins/com.st.stm32cube.ide.mcu.externaltools.gnu-tools-for-stm32.7-2018-q2-update.win32_1.4.0.202007081208/tools/bin/../lib/gcc/arm-none-eabi/7.3.1/../../../../arm-none-eabi/lib/thumb/v7-m\libc_nano.a(lib_a-memset.o)
