Archive member included because of file (symbol)

c:/program files (x86)/gnu tools arm embedded/4.6 2012q4/bin/../lib/gcc/arm-none-eabi/4.6.2/../../../../arm-none-eabi/lib/armv7-m\libg.a(lib_a-memcpy.o)
                              ..\obj\Eeprom.o (memcpy)

Allocating common symbols
Common symbol       size              file

Current_RAW         0x2               ..\obj\General.o
ChargeDurationSec   0x4               ..\obj\main.o
RegularConvData     0x10              ..\obj\main.o
RXBuf               0xc8              ..\obj\usart.o
SelectedOptionValue
                    0x4               ..\obj\main.o
TXBuf               0xc8              ..\obj\usart.o
LoggingData         0x19c             ..\obj\General.o

Discarded input sections

 .text          0x00000000        0x0 ..\obj\MicroMenu2_1.o
 .text          0x00000000        0x0 ..\obj\stm32f10x_tim.o
 .data          0x00000000        0x0 ..\obj\stm32f10x_tim.o
 .bss           0x00000000        0x0 ..\obj\stm32f10x_tim.o
 .text.TI1_Config
                0x00000000       0x68 ..\obj\stm32f10x_tim.o
 .text.TI2_Config
                0x00000000       0x78 ..\obj\stm32f10x_tim.o
 .text.TIM_DeInit
                0x00000000      0x1ac ..\obj\stm32f10x_tim.o
 .text.TIM_OC1Init
                0x00000000       0x88 ..\obj\stm32f10x_tim.o
 .text.TIM_OC2Init
                0x00000000       0x88 ..\obj\stm32f10x_tim.o
 .text.TIM_OC3Init
                0x00000000       0x84 ..\obj\stm32f10x_tim.o
 .text.TIM_OC4Init
                0x00000000       0x68 ..\obj\stm32f10x_tim.o
 .text.TIM_BDTRConfig
                0x00000000       0x22 ..\obj\stm32f10x_tim.o
 .text.TIM_OCStructInit
                0x00000000       0x14 ..\obj\stm32f10x_tim.o
 .text.TIM_ICStructInit
                0x00000000       0x10 ..\obj\stm32f10x_tim.o
 .text.TIM_BDTRStructInit
                0x00000000       0x12 ..\obj\stm32f10x_tim.o
 .text.TIM_CtrlPWMOutputs
                0x00000000       0x1c ..\obj\stm32f10x_tim.o
 .text.TIM_GenerateEvent
                0x00000000        0x4 ..\obj\stm32f10x_tim.o
 .text.TIM_DMAConfig
                0x00000000        0x8 ..\obj\stm32f10x_tim.o
 .text.TIM_DMACmd
                0x00000000       0x12 ..\obj\stm32f10x_tim.o
 .text.TIM_InternalClockConfig
                0x00000000        0xe ..\obj\stm32f10x_tim.o
 .text.TIM_ITRxExternalClockConfig
                0x00000000       0x1a ..\obj\stm32f10x_tim.o
 .text.TIM_TIxExternalClockConfig
                0x00000000       0x32 ..\obj\stm32f10x_tim.o
 .text.TIM_ETRConfig
                0x00000000       0x14 ..\obj\stm32f10x_tim.o
 .text.TIM_ETRClockMode2Config
                0x00000000       0x14 ..\obj\stm32f10x_tim.o
 .text.TIM_ETRClockMode1Config
                0x00000000       0x1a ..\obj\stm32f10x_tim.o
 .text.TIM_PrescalerConfig
                0x00000000        0x6 ..\obj\stm32f10x_tim.o
 .text.TIM_CounterModeConfig
                0x00000000       0x10 ..\obj\stm32f10x_tim.o
 .text.TIM_SelectInputTrigger
                0x00000000       0x10 ..\obj\stm32f10x_tim.o
 .text.TIM_EncoderInterfaceConfig
                0x00000000       0x3c ..\obj\stm32f10x_tim.o
 .text.TIM_ForcedOC1Config
                0x00000000       0x10 ..\obj\stm32f10x_tim.o
 .text.TIM_ForcedOC2Config
                0x00000000       0x14 ..\obj\stm32f10x_tim.o
 .text.TIM_ForcedOC3Config
                0x00000000       0x10 ..\obj\stm32f10x_tim.o
 .text.TIM_ForcedOC4Config
                0x00000000       0x14 ..\obj\stm32f10x_tim.o
 .text.TIM_ARRPreloadConfig
                0x00000000       0x18 ..\obj\stm32f10x_tim.o
 .text.TIM_SelectCOM
                0x00000000       0x18 ..\obj\stm32f10x_tim.o
 .text.TIM_SelectCCDMA
                0x00000000       0x18 ..\obj\stm32f10x_tim.o
 .text.TIM_CCPreloadControl
                0x00000000       0x18 ..\obj\stm32f10x_tim.o
 .text.TIM_OC1PreloadConfig
                0x00000000       0x10 ..\obj\stm32f10x_tim.o
 .text.TIM_OC2PreloadConfig
                0x00000000       0x14 ..\obj\stm32f10x_tim.o
 .text.TIM_OC3PreloadConfig
                0x00000000       0x10 ..\obj\stm32f10x_tim.o
 .text.TIM_OC4PreloadConfig
                0x00000000       0x14 ..\obj\stm32f10x_tim.o
 .text.TIM_OC1FastConfig
                0x00000000       0x10 ..\obj\stm32f10x_tim.o
 .text.TIM_OC2FastConfig
                0x00000000       0x14 ..\obj\stm32f10x_tim.o
 .text.TIM_OC3FastConfig
                0x00000000       0x10 ..\obj\stm32f10x_tim.o
 .text.TIM_OC4FastConfig
                0x00000000       0x14 ..\obj\stm32f10x_tim.o
 .text.TIM_ClearOC1Ref
                0x00000000       0x10 ..\obj\stm32f10x_tim.o
 .text.TIM_ClearOC2Ref
                0x00000000       0x10 ..\obj\stm32f10x_tim.o
 .text.TIM_ClearOC3Ref
                0x00000000       0x10 ..\obj\stm32f10x_tim.o
 .text.TIM_ClearOC4Ref
                0x00000000       0x10 ..\obj\stm32f10x_tim.o
 .text.TIM_OC1PolarityConfig
                0x00000000       0x10 ..\obj\stm32f10x_tim.o
 .text.TIM_OC1NPolarityConfig
                0x00000000       0x10 ..\obj\stm32f10x_tim.o
 .text.TIM_OC2PolarityConfig
                0x00000000       0x14 ..\obj\stm32f10x_tim.o
 .text.TIM_OC2NPolarityConfig
                0x00000000       0x14 ..\obj\stm32f10x_tim.o
 .text.TIM_OC3PolarityConfig
                0x00000000       0x14 ..\obj\stm32f10x_tim.o
 .text.TIM_OC3NPolarityConfig
                0x00000000       0x14 ..\obj\stm32f10x_tim.o
 .text.TIM_OC4PolarityConfig
                0x00000000       0x14 ..\obj\stm32f10x_tim.o
 .text.TIM_CCxCmd
                0x00000000       0x20 ..\obj\stm32f10x_tim.o
 .text.TIM_CCxNCmd
                0x00000000       0x20 ..\obj\stm32f10x_tim.o
 .text.TIM_SelectOCxM
                0x00000000       0x44 ..\obj\stm32f10x_tim.o
 .text.TIM_UpdateDisableConfig
                0x00000000       0x18 ..\obj\stm32f10x_tim.o
 .text.TIM_UpdateRequestConfig
                0x00000000       0x18 ..\obj\stm32f10x_tim.o
 .text.TIM_SelectHallSensor
                0x00000000       0x18 ..\obj\stm32f10x_tim.o
 .text.TIM_SelectOnePulseMode
                0x00000000       0x16 ..\obj\stm32f10x_tim.o
 .text.TIM_SelectOutputTrigger
                0x00000000       0x16 ..\obj\stm32f10x_tim.o
 .text.TIM_SelectSlaveMode
                0x00000000       0x16 ..\obj\stm32f10x_tim.o
 .text.TIM_SelectMasterSlaveMode
                0x00000000       0x16 ..\obj\stm32f10x_tim.o
 .text.TIM_SetCounter
                0x00000000        0x4 ..\obj\stm32f10x_tim.o
 .text.TIM_SetAutoreload
                0x00000000        0x4 ..\obj\stm32f10x_tim.o
 .text.TIM_SetCompare1
                0x00000000        0x4 ..\obj\stm32f10x_tim.o
 .text.TIM_SetCompare2
                0x00000000        0x4 ..\obj\stm32f10x_tim.o
 .text.TIM_SetCompare3
                0x00000000        0x4 ..\obj\stm32f10x_tim.o
 .text.TIM_SetCompare4
                0x00000000        0x6 ..\obj\stm32f10x_tim.o
 .text.TIM_SetIC1Prescaler
                0x00000000       0x16 ..\obj\stm32f10x_tim.o
 .text.TIM_SetIC2Prescaler
                0x00000000       0x1a ..\obj\stm32f10x_tim.o
 .text.TIM_PWMIConfig
                0x00000000       0x6c ..\obj\stm32f10x_tim.o
 .text.TIM_SetIC3Prescaler
                0x00000000       0x16 ..\obj\stm32f10x_tim.o
 .text.TIM_SetIC4Prescaler
                0x00000000       0x1a ..\obj\stm32f10x_tim.o
 .text.TIM_ICInit
                0x00000000      0x134 ..\obj\stm32f10x_tim.o
 .text.TIM_SetClockDivision
                0x00000000       0x16 ..\obj\stm32f10x_tim.o
 .text.TIM_GetCapture1
                0x00000000        0x6 ..\obj\stm32f10x_tim.o
 .text.TIM_GetCapture2
                0x00000000        0x6 ..\obj\stm32f10x_tim.o
 .text.TIM_GetCapture3
                0x00000000        0x6 ..\obj\stm32f10x_tim.o
 .text.TIM_GetCapture4
                0x00000000        0x8 ..\obj\stm32f10x_tim.o
 .text.TIM_GetCounter
                0x00000000        0x6 ..\obj\stm32f10x_tim.o
 .text.TIM_GetPrescaler
                0x00000000        0x6 ..\obj\stm32f10x_tim.o
 .text.TIM_GetFlagStatus
                0x00000000        0xc ..\obj\stm32f10x_tim.o
 .text.TIM_ClearFlag
                0x00000000        0x8 ..\obj\stm32f10x_tim.o
 .text          0x00000000        0x0 ..\obj\startup_stm32f10x_ld_vl.o
 .data          0x00000000        0x0 ..\obj\startup_stm32f10x_ld_vl.o
 .bss           0x00000000        0x0 ..\obj\startup_stm32f10x_ld_vl.o
 .text          0x00000000        0x0 ..\obj\General.o
 .text          0x00000000        0x0 ..\obj\system_stm32f10x.o
 .data          0x00000000       0x14 ..\obj\system_stm32f10x.o
 .bss           0x00000000        0x0 ..\obj\system_stm32f10x.o
 .text.SystemCoreClockUpdate
                0x00000000       0x64 ..\obj\system_stm32f10x.o
 .text          0x00000000        0x0 ..\obj\hd44780_driver.o
 .text.lcd_set_CGRAM_char
                0x00000000       0x2e ..\obj\hd44780_driver.o
 .text.PrintToLCD_int32
                0x00000000        0xe ..\obj\hd44780_driver.o
 .text.PrintToLCD_int32_koma
                0x00000000        0xe ..\obj\hd44780_driver.o
 .text          0x00000000        0x0 ..\obj\stm32f10x_gpio.o
 .data          0x00000000        0x0 ..\obj\stm32f10x_gpio.o
 .bss           0x00000000        0x0 ..\obj\stm32f10x_gpio.o
 .text.GPIO_DeInit
                0x00000000       0xac ..\obj\stm32f10x_gpio.o
 .text.GPIO_AFIODeInit
                0x00000000       0x16 ..\obj\stm32f10x_gpio.o
 .text.GPIO_StructInit
                0x00000000       0x10 ..\obj\stm32f10x_gpio.o
 .text.GPIO_ReadInputData
                0x00000000        0x6 ..\obj\stm32f10x_gpio.o
 .text.GPIO_ReadOutputDataBit
                0x00000000        0xc ..\obj\stm32f10x_gpio.o
 .text.GPIO_ReadOutputData
                0x00000000        0x6 ..\obj\stm32f10x_gpio.o
 .text.GPIO_SetBits
                0x00000000        0x4 ..\obj\stm32f10x_gpio.o
 .text.GPIO_ResetBits
                0x00000000        0x4 ..\obj\stm32f10x_gpio.o
 .text.GPIO_WriteBit
                0x00000000        0xa ..\obj\stm32f10x_gpio.o
 .text.GPIO_Write
                0x00000000        0x4 ..\obj\stm32f10x_gpio.o
 .text.GPIO_PinLockConfig
                0x00000000       0x10 ..\obj\stm32f10x_gpio.o
 .text.GPIO_EventOutputConfig
                0x00000000       0x1c ..\obj\stm32f10x_gpio.o
 .text.GPIO_EventOutputCmd
                0x00000000        0xc ..\obj\stm32f10x_gpio.o
 .text.GPIO_PinRemapConfig
                0x00000000       0x64 ..\obj\stm32f10x_gpio.o
 .text.GPIO_EXTILineConfig
                0x00000000       0x34 ..\obj\stm32f10x_gpio.o
 .text.GPIO_ETH_MediaInterfaceConfig
                0x00000000        0xc ..\obj\stm32f10x_gpio.o
 .text          0x00000000        0x0 ..\obj\main.o
 .text.MenuSettingsChargeTime_Enter
                0x00000000        0x2 ..\obj\main.o
 .text.MenuSettingsLowVolt_Enter
                0x00000000        0x2 ..\obj\main.o
 .text.MenuSettingsMaxVolt_Enter
                0x00000000        0x2 ..\obj\main.o
 .text.MenuSettingsSwngChrgTime_Enter
                0x00000000        0x2 ..\obj\main.o
 .text.MenuSettingsSwngDChrgTime_Enter
                0x00000000        0x2 ..\obj\main.o
 .text.MenuSettingsChargeAddapt_Enter
                0x00000000        0x2 ..\obj\main.o
 .text.Stop_Timer_sec
                0x00000000       0x10 ..\obj\main.o
 .text.ClockOnLCD
                0x00000000       0x9c ..\obj\main.o
 .text.LOAD_ON_OFF_Toggle
                0x00000000       0x14 ..\obj\main.o
 .text.OUT_ON_OFF_Toggle
                0x00000000       0x14 ..\obj\main.o
 .text          0x00000000        0x0 ..\obj\ADC.o
 .text.middle_of_3
                0x00000000       0x2a ..\obj\ADC.o
 .text          0x00000000        0x0 ..\obj\stm32f10x_rcc.o
 .bss           0x00000000        0x0 ..\obj\stm32f10x_rcc.o
 .text.RCC_DeInit
                0x00000000       0x44 ..\obj\stm32f10x_rcc.o
 .text.RCC_HSEConfig
                0x00000000       0x38 ..\obj\stm32f10x_rcc.o
 .text.RCC_AdjustHSICalibrationValue
                0x00000000       0x14 ..\obj\stm32f10x_rcc.o
 .text.RCC_HSICmd
                0x00000000        0xc ..\obj\stm32f10x_rcc.o
 .text.RCC_PLLConfig
                0x00000000       0x14 ..\obj\stm32f10x_rcc.o
 .text.RCC_PLLCmd
                0x00000000        0xc ..\obj\stm32f10x_rcc.o
 .text.RCC_PREDIV1Config
                0x00000000       0x18 ..\obj\stm32f10x_rcc.o
 .text.RCC_SYSCLKConfig
                0x00000000       0x14 ..\obj\stm32f10x_rcc.o
 .text.RCC_GetSYSCLKSource
                0x00000000       0x10 ..\obj\stm32f10x_rcc.o
 .text.RCC_HCLKConfig
                0x00000000       0x14 ..\obj\stm32f10x_rcc.o
 .text.RCC_PCLK1Config
                0x00000000       0x14 ..\obj\stm32f10x_rcc.o
 .text.RCC_PCLK2Config
                0x00000000       0x14 ..\obj\stm32f10x_rcc.o
 .text.RCC_ITConfig
                0x00000000       0x18 ..\obj\stm32f10x_rcc.o
 .text.RCC_USBCLKConfig
                0x00000000        0xc ..\obj\stm32f10x_rcc.o
 .text.RCC_LSEConfig
                0x00000000       0x20 ..\obj\stm32f10x_rcc.o
 .text.RCC_LSICmd
                0x00000000        0xc ..\obj\stm32f10x_rcc.o
 .text.RCC_RTCCLKConfig
                0x00000000       0x10 ..\obj\stm32f10x_rcc.o
 .text.RCC_RTCCLKCmd
                0x00000000        0xc ..\obj\stm32f10x_rcc.o
 .text.RCC_APB2PeriphResetCmd
                0x00000000       0x18 ..\obj\stm32f10x_rcc.o
 .text.RCC_APB1PeriphResetCmd
                0x00000000       0x18 ..\obj\stm32f10x_rcc.o
 .text.RCC_BackupResetCmd
                0x00000000        0xc ..\obj\stm32f10x_rcc.o
 .text.RCC_ClockSecuritySystemCmd
                0x00000000        0xc ..\obj\stm32f10x_rcc.o
 .text.RCC_MCOConfig
                0x00000000        0xc ..\obj\stm32f10x_rcc.o
 .text.RCC_GetFlagStatus
                0x00000000       0x28 ..\obj\stm32f10x_rcc.o
 .text.RCC_WaitForHSEStartUp
                0x00000000       0x2c ..\obj\stm32f10x_rcc.o
 .text.RCC_ClearFlag
                0x00000000       0x10 ..\obj\stm32f10x_rcc.o
 .text.RCC_GetITStatus
                0x00000000       0x14 ..\obj\stm32f10x_rcc.o
 .text.RCC_ClearITPendingBit
                0x00000000        0xc ..\obj\stm32f10x_rcc.o
 .text          0x00000000        0x0 ..\obj\Init_.o
 .data          0x00000000        0x0 ..\obj\Init_.o
 .bss           0x00000000        0x0 ..\obj\Init_.o
 .text          0x00000000        0x0 ..\obj\stm32f10x_adc.o
 .data          0x00000000        0x0 ..\obj\stm32f10x_adc.o
 .bss           0x00000000        0x0 ..\obj\stm32f10x_adc.o
 .text.ADC_DeInit
                0x00000000       0x5c ..\obj\stm32f10x_adc.o
 .text.ADC_StructInit
                0x00000000       0x12 ..\obj\stm32f10x_adc.o
 .text.ADC_ITConfig
                0x00000000       0x12 ..\obj\stm32f10x_adc.o
 .text.ADC_GetSoftwareStartConvStatus
                0x00000000        0x8 ..\obj\stm32f10x_adc.o
 .text.ADC_DiscModeChannelCountConfig
                0x00000000       0x10 ..\obj\stm32f10x_adc.o
 .text.ADC_DiscModeCmd
                0x00000000       0x12 ..\obj\stm32f10x_adc.o
 .text.ADC_ExternalTrigConvCmd
                0x00000000       0x12 ..\obj\stm32f10x_adc.o
 .text.ADC_GetConversionValue
                0x00000000        0x6 ..\obj\stm32f10x_adc.o
 .text.ADC_GetDualModeConversionValue
                0x00000000        0xc ..\obj\stm32f10x_adc.o
 .text.ADC_AutoInjectedConvCmd
                0x00000000       0x12 ..\obj\stm32f10x_adc.o
 .text.ADC_InjectedDiscModeCmd
                0x00000000       0x12 ..\obj\stm32f10x_adc.o
 .text.ADC_ExternalTrigInjectedConvConfig
                0x00000000        0xc ..\obj\stm32f10x_adc.o
 .text.ADC_ExternalTrigInjectedConvCmd
                0x00000000       0x12 ..\obj\stm32f10x_adc.o
 .text.ADC_SoftwareStartInjectedConvCmd
                0x00000000       0x12 ..\obj\stm32f10x_adc.o
 .text.ADC_GetSoftwareStartInjectedConvCmdStatus
                0x00000000        0x8 ..\obj\stm32f10x_adc.o
 .text.ADC_InjectedChannelConfig
                0x00000000       0x62 ..\obj\stm32f10x_adc.o
 .text.ADC_InjectedSequencerLengthConfig
                0x00000000       0x10 ..\obj\stm32f10x_adc.o
 .text.ADC_SetInjectedOffset
                0x00000000       0x16 ..\obj\stm32f10x_adc.o
 .text.ADC_GetInjectedConversionValue
                0x00000000       0x1a ..\obj\stm32f10x_adc.o
 .text.ADC_AnalogWatchdogCmd
                0x00000000       0x10 ..\obj\stm32f10x_adc.o
 .text.ADC_AnalogWatchdogThresholdsConfig
                0x00000000        0x6 ..\obj\stm32f10x_adc.o
 .text.ADC_AnalogWatchdogSingleChannelConfig
                0x00000000        0xc ..\obj\stm32f10x_adc.o
 .text.ADC_GetFlagStatus
                0x00000000        0xc ..\obj\stm32f10x_adc.o
 .text.ADC_ClearFlag
                0x00000000        0x6 ..\obj\stm32f10x_adc.o
 .text.ADC_GetITStatus
                0x00000000       0x16 ..\obj\stm32f10x_adc.o
 .text.ADC_ClearITPendingBit
                0x00000000        0x8 ..\obj\stm32f10x_adc.o
 .text          0x00000000        0x0 ..\obj\stm32f10x_usart.o
 .data          0x00000000        0x0 ..\obj\stm32f10x_usart.o
 .bss           0x00000000        0x0 ..\obj\stm32f10x_usart.o
 .text.USART_DeInit
                0x00000000       0x98 ..\obj\stm32f10x_usart.o
 .text.USART_StructInit
                0x00000000       0x16 ..\obj\stm32f10x_usart.o
 .text.USART_ClockInit
                0x00000000       0x22 ..\obj\stm32f10x_usart.o
 .text.USART_ClockStructInit
                0x00000000        0xc ..\obj\stm32f10x_usart.o
 .text.USART_DMACmd
                0x00000000       0x12 ..\obj\stm32f10x_usart.o
 .text.USART_SetAddress
                0x00000000       0x16 ..\obj\stm32f10x_usart.o
 .text.USART_WakeUpConfig
                0x00000000       0x16 ..\obj\stm32f10x_usart.o
 .text.USART_ReceiverWakeUpCmd
                0x00000000       0x18 ..\obj\stm32f10x_usart.o
 .text.USART_LINBreakDetectLengthConfig
                0x00000000       0x16 ..\obj\stm32f10x_usart.o
 .text.USART_LINCmd
                0x00000000       0x18 ..\obj\stm32f10x_usart.o
 .text.USART_ReceiveData
                0x00000000        0x8 ..\obj\stm32f10x_usart.o
 .text.USART_SendBreak
                0x00000000        0xc ..\obj\stm32f10x_usart.o
 .text.USART_SetGuardTime
                0x00000000       0x12 ..\obj\stm32f10x_usart.o
 .text.USART_SetPrescaler
                0x00000000       0x12 ..\obj\stm32f10x_usart.o
 .text.USART_SmartCardCmd
                0x00000000       0x18 ..\obj\stm32f10x_usart.o
 .text.USART_SmartCardNACKCmd
                0x00000000       0x18 ..\obj\stm32f10x_usart.o
 .text.USART_HalfDuplexCmd
                0x00000000       0x18 ..\obj\stm32f10x_usart.o
 .text.USART_OverSampling8Cmd
                0x00000000       0x18 ..\obj\stm32f10x_usart.o
 .text.USART_OneBitMethodCmd
                0x00000000       0x18 ..\obj\stm32f10x_usart.o
 .text.USART_IrDAConfig
                0x00000000       0x16 ..\obj\stm32f10x_usart.o
 .text.USART_IrDACmd
                0x00000000       0x18 ..\obj\stm32f10x_usart.o
 .text.USART_ClearFlag
                0x00000000        0x8 ..\obj\stm32f10x_usart.o
 .text.USART_GetITStatus
                0x00000000       0x40 ..\obj\stm32f10x_usart.o
 .text.USART_ClearITPendingBit
                0x00000000       0x10 ..\obj\stm32f10x_usart.o
 .text          0x00000000        0x0 ..\obj\Lib.o
 .data          0x00000000        0x0 ..\obj\Lib.o
 .text.Module8  0x00000000        0xc ..\obj\Lib.o
 .text.Module32
                0x00000000        0xa ..\obj\Lib.o
 .text          0x00000000        0x0 ..\obj\stm32f10x_dma.o
 .data          0x00000000        0x0 ..\obj\stm32f10x_dma.o
 .bss           0x00000000        0x0 ..\obj\stm32f10x_dma.o
 .text.DMA_DeInit
                0x00000000       0xfc ..\obj\stm32f10x_dma.o
 .text.DMA_StructInit
                0x00000000       0x1a ..\obj\stm32f10x_dma.o
 .text.DMA_SetCurrDataCounter
                0x00000000        0x4 ..\obj\stm32f10x_dma.o
 .text.DMA_GetCurrDataCounter
                0x00000000        0x6 ..\obj\stm32f10x_dma.o
 .text.DMA_GetFlagStatus
                0x00000000       0x1c ..\obj\stm32f10x_dma.o
 .text.DMA_GetITStatus
                0x00000000       0x1c ..\obj\stm32f10x_dma.o
 .text          0x00000000        0x0 ..\obj\misc.o
 .data          0x00000000        0x0 ..\obj\misc.o
 .bss           0x00000000        0x0 ..\obj\misc.o
 .text.NVIC_PriorityGroupConfig
                0x00000000       0x14 ..\obj\misc.o
 .text.NVIC_SetVectorTable
                0x00000000       0x14 ..\obj\misc.o
 .text.NVIC_SystemLPConfig
                0x00000000       0x18 ..\obj\misc.o
 .text.SysTick_CLKSourceConfig
                0x00000000       0x18 ..\obj\misc.o
 .text          0x00000000        0x0 ..\obj\Eeprom.o
 .bss           0x00000000        0x0 ..\obj\Eeprom.o
 .text.flash_ready
                0x00000000       0x14 ..\obj\Eeprom.o
 .text          0x00000000        0x0 ..\obj\usart.o
 .data          0x00000000        0x0 ..\obj\usart.o
 .text.USART_PutChar
                0x00000000       0x70 ..\obj\usart.o
 .text          0x00000000        0x0 c:/program files (x86)/gnu tools arm embedded/4.6 2012q4/bin/../lib/gcc/arm-none-eabi/4.6.2/../../../../arm-none-eabi/lib/armv7-m\libg.a(lib_a-memcpy.o)
 .data          0x00000000        0x0 c:/program files (x86)/gnu tools arm embedded/4.6 2012q4/bin/../lib/gcc/arm-none-eabi/4.6.2/../../../../arm-none-eabi/lib/armv7-m\libg.a(lib_a-memcpy.o)
 .bss           0x00000000        0x0 c:/program files (x86)/gnu tools arm embedded/4.6 2012q4/bin/../lib/gcc/arm-none-eabi/4.6.2/../../../../arm-none-eabi/lib/armv7-m\libg.a(lib_a-memcpy.o)

Memory Configuration

Name             Origin             Length             Attributes
rom              0x08000000         0x00010000         xr
ram              0x20000000         0x00002000         xrw
*default*        0x00000000         0xffffffff

Linker script and memory map

                0x20002000                _eram = 0x20002000

.text           0x08000000     0x6872
 *(.isr_vector)
 .isr_vector    0x08000000      0x124 ..\obj\startup_stm32f10x_ld_vl.o
                0x08000000                g_pfnVectors
 *(.text*)
 .text.Menu_GetCurrentMenu
                0x08000124        0xc ..\obj\MicroMenu2_1.o
                0x08000124                Menu_GetCurrentMenu
 .text.Menu_Navigate
                0x08000130       0x30 ..\obj\MicroMenu2_1.o
                0x08000130                Menu_Navigate
 .text.Menu_SetGenericWriteCallback
                0x08000160       0x14 ..\obj\MicroMenu2_1.o
                0x08000160                Menu_SetGenericWriteCallback
 .text.Menu_SelectItem
                0x08000174       0x20 ..\obj\MicroMenu2_1.o
                0x08000174                Menu_SelectItem
 .text.TIM_TimeBaseInit
                0x08000194       0x94 ..\obj\stm32f10x_tim.o
                0x08000194                TIM_TimeBaseInit
 .text.TIM_TimeBaseStructInit
                0x08000228       0x12 ..\obj\stm32f10x_tim.o
                0x08000228                TIM_TimeBaseStructInit
 .text.TIM_Cmd  0x0800023a       0x18 ..\obj\stm32f10x_tim.o
                0x0800023a                TIM_Cmd
 .text.TIM_ITConfig
                0x08000252       0x12 ..\obj\stm32f10x_tim.o
                0x08000252                TIM_ITConfig
 .text.TIM_GetITStatus
                0x08000264       0x16 ..\obj\stm32f10x_tim.o
                0x08000264                TIM_GetITStatus
 .text.TIM_ClearITPendingBit
                0x0800027a        0x8 ..\obj\stm32f10x_tim.o
                0x0800027a                TIM_ClearITPendingBit
 *fill*         0x08000282        0x2 00
 .text.Default_Reset_Handler
                0x08000284       0x48 ..\obj\startup_stm32f10x_ld_vl.o
                0x08000284                Default_Reset_Handler
                0x08000284                Reset_Handler
 .text.Default_Handler
                0x080002cc        0x2 ..\obj\startup_stm32f10x_ld_vl.o
                0x080002cc                EXTI2_IRQHandler
                0x080002cc                DebugMon_Handler
                0x080002cc                TIM1_CC_IRQHandler
                0x080002cc                HardFault_Handler
                0x080002cc                SysTick_Handler
                0x080002cc                PVD_IRQHandler
                0x080002cc                PendSV_Handler
                0x080002cc                NMI_Handler
                0x080002cc                EXTI3_IRQHandler
                0x080002cc                EXTI0_IRQHandler
                0x080002cc                UsageFault_Handler
                0x080002cc                SPI1_IRQHandler
                0x080002cc                TAMPER_IRQHandler
                0x080002cc                TIM6_DAC_IRQHandler
                0x080002cc                DMA1_Channel4_IRQHandler
                0x080002cc                ADC1_IRQHandler
                0x080002cc                RTC_IRQHandler
                0x080002cc                DMA1_Channel7_IRQHandler
                0x080002cc                I2C1_EV_IRQHandler
                0x080002cc                DMA1_Channel6_IRQHandler
                0x080002cc                RCC_IRQHandler
                0x080002cc                DMA1_Channel1_IRQHandler
                0x080002cc                CEC_IRQHandler
                0x080002cc                EXTI15_10_IRQHandler
                0x080002cc                EXTI9_5_IRQHandler
                0x080002cc                MemManage_Handler
                0x080002cc                SVC_Handler
                0x080002cc                DMA1_Channel5_IRQHandler
                0x080002cc                EXTI4_IRQHandler
                0x080002cc                TIM1_TRG_COM_TIM17_IRQHandler
                0x080002cc                DMA1_Channel3_IRQHandler
                0x080002cc                WWDG_IRQHandler
                0x080002cc                TIM2_IRQHandler
                0x080002cc                EXTI1_IRQHandler
                0x080002cc                RTCAlarm_IRQHandler
                0x080002cc                USART2_IRQHandler
                0x080002cc                DMA1_Channel2_IRQHandler
                0x080002cc                FLASH_IRQHandler
                0x080002cc                BusFault_Handler
                0x080002cc                I2C1_ER_IRQHandler
                0x080002cc                TIM1_BRK_TIM15_IRQHandler
 *fill*         0x080002ce        0x2 00
 .text.WriteInLOG
                0x080002d0      0x16c ..\obj\General.o
                0x080002d0                WriteInLOG
 .text.WriteInLOGc
                0x0800043c      0x168 ..\obj\General.o
                0x0800043c                WriteInLOGc
 .text.InfoToUARTBeforeStart
                0x080005a4      0x13c ..\obj\General.o
                0x080005a4                InfoToUARTBeforeStart
 .text.SystemInit
                0x080006e0       0xd4 ..\obj\system_stm32f10x.o
                0x080006e0                SystemInit
 .text.DelaymSec
                0x080007b4       0x24 ..\obj\hd44780_driver.o
                0x080007b4                DelaymSec
 .text.DelayuSec
                0x080007d8       0x20 ..\obj\hd44780_driver.o
                0x080007d8                DelayuSec
 .text.strobe   0x080007f8       0x24 ..\obj\hd44780_driver.o
                0x080007f8                strobe
 .text.lcd_set_4bit_mode
                0x0800081c       0x44 ..\obj\hd44780_driver.o
                0x0800081c                lcd_set_4bit_mode
 .text.lcd_send
                0x08000860       0x9c ..\obj\hd44780_driver.o
                0x08000860                lcd_send
 .text.lcd_set_state
                0x080008fc       0x26 ..\obj\hd44780_driver.o
                0x080008fc                lcd_set_state
 .text.lcd_clear
                0x08000922        0x8 ..\obj\hd44780_driver.o
                0x08000922                lcd_clear
 .text.lcd_init
                0x0800092a       0x1e ..\obj\hd44780_driver.o
                0x0800092a                lcd_init
 .text.LcdOutbyNumber
                0x08000948        0x8 ..\obj\hd44780_driver.o
                0x08000948                LcdOutbyNumber
 .text.lcd_set_xy
                0x08000950       0x1c ..\obj\hd44780_driver.o
                0x08000950                lcd_set_xy
 .text.LcdOut   0x0800096c       0x7c ..\obj\hd44780_driver.o
                0x0800096c                LcdOut
 .text.lcd_out  0x080009e8       0x2c ..\obj\hd44780_driver.o
                0x080009e8                lcd_out
 .text.lcd_set_user_char
                0x08000a14       0x2e ..\obj\hd44780_driver.o
                0x08000a14                lcd_set_user_char
 .text.SetSymbols
                0x08000a42      0x168 ..\obj\hd44780_driver.o
                0x08000a42                SetSymbols
 .text.PrintToLCD
                0x08000baa        0x6 ..\obj\hd44780_driver.o
                0x08000baa                PrintToLCD
 .text.PrintToLCD_xy
                0x08000bb0       0x18 ..\obj\hd44780_driver.o
                0x08000bb0                PrintToLCD_xy
 .text.InitLCD  0x08000bc8       0xe0 ..\obj\hd44780_driver.o
                0x08000bc8                InitLCD
 .text.GPIO_Init
                0x08000ca8       0xaa ..\obj\stm32f10x_gpio.o
                0x08000ca8                GPIO_Init
 .text.GPIO_ReadInputDataBit
                0x08000d52        0xc ..\obj\stm32f10x_gpio.o
                0x08000d52                GPIO_ReadInputDataBit
 *fill*         0x08000d5e        0x2 00
 .text.MenuLog_Enter
                0x08000d60        0xc ..\obj\main.o
                0x08000d60                MenuLog_Enter
 .text.MenuSettingsWriteToFlash_Enter
                0x08000d6c        0x4 ..\obj\main.o
                0x08000d6c                MenuSettingsWriteToFlash_Enter
 .text.MenuCalibrationWriteToFlash_Enter
                0x08000d70       0x14 ..\obj\main.o
                0x08000d70                MenuCalibrationWriteToFlash_Enter
 .text.Generic_Write
                0x08000d84        0xc ..\obj\main.o
                0x08000d84                Generic_Write
 .text.MenuCharge_Enter
                0x08000d90       0x5c ..\obj\main.o
                0x08000d90                MenuCharge_Enter
 .text.MenuDischarge_Enter
                0x08000dec       0x48 ..\obj\main.o
                0x08000dec                MenuDischarge_Enter
 .text.Delay_mSec
                0x08000e34       0x24 ..\obj\main.o
                0x08000e34                Delay_mSec
 .text.MenuOption_Enter
                0x08000e58       0x30 ..\obj\main.o
                0x08000e58                MenuOption_Enter
 .text.MenuSettingsBatteryType_Enter
                0x08000e88      0x11c ..\obj\main.o
                0x08000e88                MenuSettingsBatteryType_Enter
 .text.Delay_ms
                0x08000fa4       0x30 ..\obj\main.o
                0x08000fa4                Delay_ms
 .text.MenuTraining_WriteInLOG
                0x08000fd4       0x4c ..\obj\main.o
                0x08000fd4                MenuTraining_WriteInLOG
 .text.MenuLog  0x08001020       0x90 ..\obj\main.o
                0x08001020                MenuLog
 .text.MenuCalibration_CURRENT_Out_to_0
                0x080010b0       0x48 ..\obj\main.o
                0x080010b0                MenuCalibration_CURRENT_Out_to_0
 .text.MenuCalibration_CURRENT_Load_to_0
                0x080010f8       0x48 ..\obj\main.o
                0x080010f8                MenuCalibration_CURRENT_Load_to_0
 .text.MenuCalibration_BackToFactory
                0x08001140       0x7c ..\obj\main.o
                0x08001140                MenuCalibration_BackToFactory
 .text.MenuSettingsChargeTime
                0x080011bc       0x4c ..\obj\main.o
                0x080011bc                MenuSettingsChargeTime
 .text.MenuSettingsBatteryType
                0x08001208       0xf0 ..\obj\main.o
                0x08001208                MenuSettingsBatteryType
 .text.MenuSettingsLowVolt
                0x080012f8       0x44 ..\obj\main.o
                0x080012f8                MenuSettingsLowVolt
 .text.MenuSettingsMaxVolt
                0x0800133c       0x44 ..\obj\main.o
                0x0800133c                MenuSettingsMaxVolt
 .text.MenuSettingsSwngChrgTime
                0x08001380       0x3c ..\obj\main.o
                0x08001380                MenuSettingsSwngChrgTime
 .text.MenuSettingsSwngDChrgTime
                0x080013bc       0x3c ..\obj\main.o
                0x080013bc                MenuSettingsSwngDChrgTime
 .text.MenuSettingsChargeAddapt
                0x080013f8       0x80 ..\obj\main.o
                0x080013f8                MenuSettingsChargeAddapt
 .text.SelectedOption
                0x08001478       0x2c ..\obj\main.o
                0x08001478                SelectedOption
 .text.MenuSettingsSaveMenuPosWhenOFF
                0x080014a4       0x94 ..\obj\main.o
                0x080014a4                MenuSettingsSaveMenuPosWhenOFF
 .text.BUT_Debrief
                0x08001538       0x6c ..\obj\main.o
                0x08001538                BUT_Debrief
 .text.BUT_GetKey
                0x080015a4       0x14 ..\obj\main.o
                0x080015a4                BUT_GetKey
 .text.TIM1_UP_TIM16_IRQHandler
                0x080015b8       0xac ..\obj\main.o
                0x080015b8                TIM1_UP_TIM16_IRQHandler
 .text.Start_Timer_sec
                0x08001664       0x14 ..\obj\main.o
                0x08001664                Start_Timer_sec
 .text.ReStart_Timer_sec
                0x08001678       0x14 ..\obj\main.o
                0x08001678                ReStart_Timer_sec
 .text.ClockOnLCD_noSec
                0x0800168c       0x6c ..\obj\main.o
                0x0800168c                ClockOnLCD_noSec
 .text.OUT_OFF  0x080016f8       0x28 ..\obj\main.o
                0x080016f8                OUT_OFF
 .text.OUT_ON   0x08001720       0x28 ..\obj\main.o
                0x08001720                OUT_ON
 .text.MenuCalibration_Resist_Comp_5V1A
                0x08001748       0xd8 ..\obj\main.o
                0x08001748                MenuCalibration_Resist_Comp_5V1A
 .text.MenuCalibration_VoltageIn
                0x08001820       0x74 ..\obj\main.o
                0x08001820                MenuCalibration_VoltageIn
 .text.MenuCalibration_VoltageOut
                0x08001894       0x74 ..\obj\main.o
                0x08001894                MenuCalibration_VoltageOut
 .text.MenuCalibration_VoltagePS
                0x08001908       0x74 ..\obj\main.o
                0x08001908                MenuCalibration_VoltagePS
 .text.MenuCalibration_CURRENT_Out
                0x0800197c       0x74 ..\obj\main.o
                0x0800197c                MenuCalibration_CURRENT_Out
 .text.MenuPowerSupply
                0x080019f0       0xdc ..\obj\main.o
                0x080019f0                MenuPowerSupply
 .text.LOAD_ON  0x08001acc       0x28 ..\obj\main.o
                0x08001acc                LOAD_ON
 .text.discharge1
                0x08001af4       0x38 ..\obj\main.o
                0x08001af4                discharge1
 .text.discharge
                0x08001b2c       0x14 ..\obj\main.o
                0x08001b2c                discharge
 .text.MenuCalibration_CURRENT_Load
                0x08001b40       0x74 ..\obj\main.o
                0x08001b40                MenuCalibration_CURRENT_Load
 .text.LOAD_OFF
                0x08001bb4       0x2c ..\obj\main.o
                0x08001bb4                LOAD_OFF
 .text.OFF      0x08001be0        0xe ..\obj\main.o
                0x08001be0                OFF
 *fill*         0x08001bee        0x2 00
 .text.All_OUT_OFF_When_Power_OFF
                0x08001bf0       0xd4 ..\obj\main.o
                0x08001bf0                All_OUT_OFF_When_Power_OFF
 .text.TIM7_IRQHandler
                0x08001cc4       0x30 ..\obj\main.o
                0x08001cc4                TIM7_IRQHandler
 .text.MenuDisCharge
                0x08001cf4      0x260 ..\obj\main.o
                0x08001cf4                MenuDisCharge
 .text.charge1  0x08001f54       0x38 ..\obj\main.o
                0x08001f54                charge1
 .text.MenuSwing
                0x08001f8c      0x1f4 ..\obj\main.o
                0x08001f8c                MenuSwing
 .text.MenuTraining_new
                0x08002180      0x41c ..\obj\main.o
                0x08002180                MenuTraining_new
 .text.MenuCheckingCapacity
                0x0800259c      0x494 ..\obj\main.o
                0x0800259c                MenuCheckingCapacity
 .text.charge   0x08002a30       0x14 ..\obj\main.o
                0x08002a30                charge
 .text.MenuChargeAdapt
                0x08002a44      0x314 ..\obj\main.o
                0x08002a44                MenuChargeAdapt
 .text.MenuChargeCC_CV
                0x08002d58      0x298 ..\obj\main.o
                0x08002d58                MenuChargeCC_CV
 .text.MenuDIAGNOSTIC
                0x08002ff0      0x304 ..\obj\main.o
                0x08002ff0                MenuDIAGNOSTIC
 .text.MenuLoad
                0x080032f4       0xb4 ..\obj\main.o
                0x080032f4                MenuLoad
 .text.startup.main
                0x080033a8      0x3c8 ..\obj\main.o
                0x080033a8                main
 .text.ADC1_CH_DMA_Config
                0x08003770      0x144 ..\obj\ADC.o
                0x08003770                ADC1_CH_DMA_Config
 .text.init_timer3
                0x080038b4       0x54 ..\obj\ADC.o
                0x080038b4                init_timer3
 .text.MedianFilter
                0x08003908       0x98 ..\obj\ADC.o
                0x08003908                MedianFilter
 .text.MedianFilter1
                0x080039a0       0x9c ..\obj\ADC.o
                0x080039a0                MedianFilter1
 .text.MedianFilter2
                0x08003a3c       0x9c ..\obj\ADC.o
                0x08003a3c                MedianFilter2
 .text.middle_of_3Imax
                0x08003ad8       0x44 ..\obj\ADC.o
                0x08003ad8                middle_of_3Imax
 .text.middle_of_3Umax
                0x08003b1c       0x44 ..\obj\ADC.o
                0x08003b1c                middle_of_3Umax
 .text.TIM3_IRQHandler
                0x08003b60      0x1f0 ..\obj\ADC.o
                0x08003b60                TIM3_IRQHandler
 .text.RCC_ADCCLKConfig
                0x08003d50       0x14 ..\obj\stm32f10x_rcc.o
                0x08003d50                RCC_ADCCLKConfig
 .text.RCC_GetClocksFreq
                0x08003d64       0x90 ..\obj\stm32f10x_rcc.o
                0x08003d64                RCC_GetClocksFreq
 .text.RCC_AHBPeriphClockCmd
                0x08003df4       0x18 ..\obj\stm32f10x_rcc.o
                0x08003df4                RCC_AHBPeriphClockCmd
 .text.RCC_APB2PeriphClockCmd
                0x08003e0c       0x18 ..\obj\stm32f10x_rcc.o
                0x08003e0c                RCC_APB2PeriphClockCmd
 .text.RCC_APB1PeriphClockCmd
                0x08003e24       0x18 ..\obj\stm32f10x_rcc.o
                0x08003e24                RCC_APB1PeriphClockCmd
 .text.Init_Out
                0x08003e3c       0xf0 ..\obj\Init_.o
                0x08003e3c                Init_Out
 .text.Init_button
                0x08003f2c       0x84 ..\obj\Init_.o
                0x08003f2c                Init_button
 .text.init_timer7
                0x08003fb0       0x54 ..\obj\Init_.o
                0x08003fb0                init_timer7
 .text.init_timer16
                0x08004004       0x5c ..\obj\Init_.o
                0x08004004                init_timer16
 .text.InitTimer2ForDelay
                0x08004060       0x20 ..\obj\Init_.o
                0x08004060                InitTimer2ForDelay
 .text.Initialization
                0x08004080       0x46 ..\obj\Init_.o
                0x08004080                Initialization
 *fill*         0x080040c6        0x2 00
 .text.ADC_Init
                0x080040c8       0x48 ..\obj\stm32f10x_adc.o
                0x080040c8                ADC_Init
 .text.ADC_Cmd  0x08004110       0x12 ..\obj\stm32f10x_adc.o
                0x08004110                ADC_Cmd
 .text.ADC_DMACmd
                0x08004122       0x12 ..\obj\stm32f10x_adc.o
                0x08004122                ADC_DMACmd
 .text.ADC_ResetCalibration
                0x08004134        0xa ..\obj\stm32f10x_adc.o
                0x08004134                ADC_ResetCalibration
 .text.ADC_GetResetCalibrationStatus
                0x0800413e        0x8 ..\obj\stm32f10x_adc.o
                0x0800413e                ADC_GetResetCalibrationStatus
 .text.ADC_StartCalibration
                0x08004146        0xa ..\obj\stm32f10x_adc.o
                0x08004146                ADC_StartCalibration
 .text.ADC_GetCalibrationStatus
                0x08004150        0x8 ..\obj\stm32f10x_adc.o
                0x08004150                ADC_GetCalibrationStatus
 .text.ADC_SoftwareStartConvCmd
                0x08004158       0x12 ..\obj\stm32f10x_adc.o
                0x08004158                ADC_SoftwareStartConvCmd
 .text.ADC_RegularChannelConfig
                0x0800416a       0x9c ..\obj\stm32f10x_adc.o
                0x0800416a                ADC_RegularChannelConfig
 *fill*         0x08004206        0x2 00
 .text.ADC_TempSensorVrefintCmd
                0x08004208       0x18 ..\obj\stm32f10x_adc.o
                0x08004208                ADC_TempSensorVrefintCmd
 .text.USART_Init
                0x08004220       0xb0 ..\obj\stm32f10x_usart.o
                0x08004220                USART_Init
 .text.USART_Cmd
                0x080042d0       0x18 ..\obj\stm32f10x_usart.o
                0x080042d0                USART_Cmd
 .text.USART_ITConfig
                0x080042e8       0x32 ..\obj\stm32f10x_usart.o
                0x080042e8                USART_ITConfig
 .text.USART_SendData
                0x0800431a        0x8 ..\obj\stm32f10x_usart.o
                0x0800431a                USART_SendData
 .text.USART_GetFlagStatus
                0x08004322        0xc ..\obj\stm32f10x_usart.o
                0x08004322                USART_GetFlagStatus
 *fill*         0x0800432e        0x2 00
 .text.itoa     0x08004330       0x74 ..\obj\Lib.o
                0x08004330                itoa
 .text.itoaP    0x080043a4       0x74 ..\obj\Lib.o
                0x080043a4                itoaP
 .text.itoa_koma
                0x08004418       0xd4 ..\obj\Lib.o
                0x08004418                itoa_koma
 .text.itoa_komaP
                0x080044ec       0xd6 ..\obj\Lib.o
                0x080044ec                itoa_komaP
 .text.Module16
                0x080045c2        0xc ..\obj\Lib.o
                0x080045c2                Module16
 .text.strlen1  0x080045ce       0x12 ..\obj\Lib.o
                0x080045ce                strlen1
 .text.Merge2Strings
                0x080045e0       0x32 ..\obj\Lib.o
                0x080045e0                Merge2Strings
 .text.Merge3Strings
                0x08004612       0x46 ..\obj\Lib.o
                0x08004612                Merge3Strings
 .text.ClockStringWithSec
                0x08004658       0xe2 ..\obj\Lib.o
                0x08004658                ClockStringWithSec
 .text.ClockStringNoSec
                0x0800473a       0x96 ..\obj\Lib.o
                0x0800473a                ClockStringNoSec
 .text.DMA_Init
                0x080047d0       0x3c ..\obj\stm32f10x_dma.o
                0x080047d0                DMA_Init
 .text.DMA_Cmd  0x0800480c       0x16 ..\obj\stm32f10x_dma.o
                0x0800480c                DMA_Cmd
 .text.DMA_ITConfig
                0x08004822       0x10 ..\obj\stm32f10x_dma.o
                0x08004822                DMA_ITConfig
 *fill*         0x08004832        0x2 00
 .text.DMA_ClearFlag
                0x08004834       0x14 ..\obj\stm32f10x_dma.o
                0x08004834                DMA_ClearFlag
 .text.DMA_ClearITPendingBit
                0x08004848       0x14 ..\obj\stm32f10x_dma.o
                0x08004848                DMA_ClearITPendingBit
 .text.NVIC_Init
                0x0800485c       0x64 ..\obj\misc.o
                0x0800485c                NVIC_Init
 .text.flash_erase_page
                0x080048c0       0x44 ..\obj\Eeprom.o
                0x080048c0                flash_erase_page
 .text.flash_unlock
                0x08004904       0x18 ..\obj\Eeprom.o
                0x08004904                flash_unlock
 .text.flash_lock
                0x0800491c       0x10 ..\obj\Eeprom.o
                0x0800491c                flash_lock
 .text.flash_write
                0x0800492c       0x50 ..\obj\Eeprom.o
                0x0800492c                flash_write
 .text.flash_write_block
                0x0800497c       0x60 ..\obj\Eeprom.o
                0x0800497c                flash_write_block
 .text.flash_read_block
                0x080049dc       0x2c ..\obj\Eeprom.o
                0x080049dc                flash_read_block
 .text.flash_read
                0x08004a08       0x4c ..\obj\Eeprom.o
                0x08004a08                flash_read
 .text.CalibrationWriteToFlash
                0x08004a54       0x6c ..\obj\Eeprom.o
                0x08004a54                CalibrationWriteToFlash
 .text.CalibrationFactoryWriteToFlash
                0x08004ac0       0x6c ..\obj\Eeprom.o
                0x08004ac0                CalibrationFactoryWriteToFlash
 .text.CalibrationReadFromFlash
                0x08004b2c       0x98 ..\obj\Eeprom.o
                0x08004b2c                CalibrationReadFromFlash
 .text.CalibrationReadFromFlashForVerify
                0x08004bc4       0x98 ..\obj\Eeprom.o
                0x08004bc4                CalibrationReadFromFlashForVerify
 .text.SettingsWriteToFlash
                0x08004c5c       0x5c ..\obj\Eeprom.o
                0x08004c5c                SettingsWriteToFlash
 .text.SettingsFactoryWriteToFlash
                0x08004cb8       0x5c ..\obj\Eeprom.o
                0x08004cb8                SettingsFactoryWriteToFlash
 .text.SettingsReadFromFlash
                0x08004d14       0x80 ..\obj\Eeprom.o
                0x08004d14                SettingsReadFromFlash
 .text.SettingsReadFromFlashForVerify
                0x08004d94       0x80 ..\obj\Eeprom.o
                0x08004d94                SettingsReadFromFlashForVerify
 .text.DataWhenPowerOffWriteToFlash
                0x08004e14       0x40 ..\obj\Eeprom.o
                0x08004e14                DataWhenPowerOffWriteToFlash
 .text.DataWhenPowerOff_Factory_WriteToFlash
                0x08004e54       0x34 ..\obj\Eeprom.o
                0x08004e54                DataWhenPowerOff_Factory_WriteToFlash
 .text.DataWhenPowerOffReadFromFlash
                0x08004e88       0x40 ..\obj\Eeprom.o
                0x08004e88                DataWhenPowerOffReadFromFlash
 .text.DataWhenPowerOffReadFromFlashForVerify
                0x08004ec8       0x40 ..\obj\Eeprom.o
                0x08004ec8                DataWhenPowerOffReadFromFlashForVerify
 .text.ReadFromFlash
                0x08004f08       0x40 ..\obj\Eeprom.o
                0x08004f08                ReadFromFlash
 .text.CalcCRC8
                0x08004f48       0x34 ..\obj\Eeprom.o
                0x08004f48                CalcCRC8
 .text.FactoryWriteToFlash_CRC
                0x08004f7c      0x124 ..\obj\Eeprom.o
                0x08004f7c                FactoryWriteToFlash_CRC
 .text.DataWhenPowerOffWriteToFlash_CRC
                0x080050a0       0x60 ..\obj\Eeprom.o
                0x080050a0                DataWhenPowerOffWriteToFlash_CRC
 .text.SettingsWriteToFlash_CRC
                0x08005100       0x8c ..\obj\Eeprom.o
                0x08005100                SettingsWriteToFlash_CRC
 .text.CalibrationWriteToFlash_CRC
                0x0800518c       0x60 ..\obj\Eeprom.o
                0x0800518c                CalibrationWriteToFlash_CRC
 .text.USART1Init
                0x080051ec       0x98 ..\obj\usart.o
                0x080051ec                USART1Init
 .text.PutChar  0x08005284       0x34 ..\obj\usart.o
                0x08005284                PutChar
 .text.USART1_IRQHandler
                0x080052b8       0x74 ..\obj\usart.o
                0x080052b8                USART1_IRQHandler
 .text.Print_to_USART1
                0x0800532c       0x40 ..\obj\usart.o
                0x0800532c                Print_to_USART1
 .text.TransmitChar
                0x0800536c       0x20 ..\obj\usart.o
                0x0800536c                TransmitChar
 .text.TransmitString
                0x0800538c       0x20 ..\obj\usart.o
                0x0800538c                TransmitString
 .text.Print_to_USART1_d
                0x080053ac       0x30 ..\obj\usart.o
                0x080053ac                Print_to_USART1_d
 .text.memcpy   0x080053dc       0x84 c:/program files (x86)/gnu tools arm embedded/4.6 2012q4/bin/../lib/gcc/arm-none-eabi/4.6.2/../../../../arm-none-eabi/lib/armv7-m\libg.a(lib_a-memcpy.o)
                0x080053dc                memcpy
 *(.init)
 *(.fini)
 *crtbegin.o(.ctors)
 *crtbegin?.o(.ctors)
 *(EXCLUDE_FILE(*crtend.o *crtend?.o) .ctors)
 *(SORT(.ctors.*))
 *(.ctors)
 *crtbegin.o(.dtors)
 *crtbegin?.o(.dtors)
 *(EXCLUDE_FILE(*crtend.o *crtend?.o) .dtors)
 *(SORT(.dtors.*))
 *(.dtors)
 *(.rodata*)
 .rodata        0x08005460       0x18 ..\obj\MicroMenu2_1.o
                0x08005460                NULL_MENU
 .rodata.str1.1
                0x08005478      0x210 ..\obj\General.o
 .rodata        0x08005688      0x9c8 ..\obj\main.o
                0x08005688                Menu_2_1
                0x080056b4                Menu_3_1
                0x080056e0                Menu_4_1
                0x0800570c                Menu_5_1
                0x08005738                Menu_6_1
                0x08005764                Menu_7_1
                0x08005790                Menu_8_1
                0x080057bc                Menu_6_1a
                0x080057e8                Menu_9_1
                0x08005814                Menu_11_1
                0x08005840                Menu_10_2_1
                0x0800586c                Menu_10_1_1
                0x08005898                Menu_10_4_1
                0x080058c4                Menu_10_3_1
                0x080058f0                Menu_10_7_1
                0x0800590c                Menu_10_6_1
                0x08005938                Menu_10_5_1
                0x08005964                Menu_10_8_1
                0x08005980                Menu_10_9_1
                0x0800599c                Menu_1_1_1
                0x080059c8                Menu_1_1_1a
                0x080059f4                Menu_1_2_1
                0x08005a20                Menu_1_3_1
                0x08005a4c                Menu_1_4_1
                0x08005a78                Menu_1_5_1
                0x08005aa4                Menu_1_6_1
                0x08005ad0                Menu_1_S_1
                0x08005afc                Menu_10_10
                0x08005b28                Menu_10_9
                0x08005b54                Menu_10_8
                0x08005b80                Menu_10_7
                0x08005bac                Menu_10_6
                0x08005bd8                Menu_10_5
                0x08005c04                Menu_10_4
                0x08005c30                Menu_10_3
                0x08005c5c                Menu_10_2
                0x08005c88                Menu_10_1
                0x08005cb4                Menu_1_7
                0x08005ce0                Menu_1_S
                0x08005d0c                Menu_1_6
                0x08005d38                Menu_1_5
                0x08005d64                Menu_1_4
                0x08005d90                Menu_1_3
                0x08005dbc                Menu_1_2
                0x08005de8                Menu_1_1a
                0x08005e14                Menu_1_1
                0x08005e40                Menu_10
                0x08005e6c                Menu_11
                0x08005e98                Menu_9
                0x08005ec4                Menu_8
                0x08005ef0                Menu_7
                0x08005f1c                Menu_6a
                0x08005f48                Menu_6
                0x08005f74                Menu_5
                0x08005fa0                Menu_4
                0x08005fcc                Menu_3
                0x08005ff8                Menu_2
                0x08006024                Menu_1
 .rodata.str1.1
                0x08006050      0x40c ..\obj\main.o
                                0x452 (size before relaxing)
 .rodata        0x0800645c      0x100 ..\obj\Eeprom.o
 .rodata.str1.1
                0x0800655c      0x316 ..\obj\Eeprom.o
                                0x428 (size before relaxing)
 *(.eh_fram e*)

.glue_7         0x08006874        0x0
 .glue_7        0x00000000        0x0 linker stubs

.glue_7t        0x08006874        0x0
 .glue_7t       0x00000000        0x0 linker stubs

.vfp11_veneer   0x08006874        0x0
 .vfp11_veneer  0x00000000        0x0 linker stubs

.v4_bx          0x08006874        0x0
 .v4_bx         0x00000000        0x0 linker stubs

.ARM.extab
 *(.ARM.extab* .gnu.linkonce.armextab.*)
                0x08006874                __exidx_start = .

.ARM.exidx
 *(.ARM.exidx* .gnu.linkonce.armexidx.*)
                0x08006874                __exidx_end = .
                0x08006874                __etext = .
                0x08006872                _sidata = __etext

.data           0x20000000      0x270 load address 0x08006872
                0x20000000                __data_start__ = .
                0x20000000                _sdata = __data_start__
 *(vtable)
 *(.data*)
 .data          0x20000000        0x4 ..\obj\MicroMenu2_1.o
 .data          0x20000004      0x1f8 ..\obj\General.o
                0x20000004                CalibrationData
                0x20000054                SettingsData
                0x20000094                SaveDataWhenPowerOff
                0x200000ac                SaveDataWhenPowerOffFactory
                0x200000c4                SaveDataWhenPowerOffForVerify
                0x200000dc                SettingsDataFactory
                0x2000011c                SettingsDataForVerify
                0x2000015c                CalibrationDataFactory
                0x200001ac                CalibrationDataForVerify
 .data          0x200001fc       0x20 ..\obj\hd44780_driver.o
                0x200001fc                russ
 .data          0x2000021c       0x16 ..\obj\main.o
                0x2000021f                ChargeDischargeStatus
                0x20000220                Version
                0x20000231                ChargedStatus
 *fill*         0x20000232        0x2 00
 .data          0x20000234       0x24 ..\obj\ADC.o
 .data          0x20000258       0x14 ..\obj\stm32f10x_rcc.o
 .data          0x2000026c        0x1 ..\obj\Eeprom.o
                0x20000270                . = ALIGN (0x4)
 *fill*         0x2000026d        0x3 00
                0x20000270                PROVIDE (__preinit_array_start, .)
 *(.preinit_array)
                0x20000270                PROVIDE (__preinit_array_end, .)
                0x20000270                . = ALIGN (0x4)
                0x20000270                PROVIDE (__init_array_start, .)
 *(SORT(.init_array.*))
 *(.init_array)
                0x20000270                PROVIDE (__init_array_end, .)
                0x20000270                . = ALIGN (0x4)
                0x20000270                PROVIDE (__fini_array_start, .)
 *(SORT(.fini_array.*))
 *(.fini_array)
                0x20000270                PROVIDE (__fini_array_end, .)
 *(.jcr*)
                0x20000270                . = ALIGN (0x4)
                0x20000270                __data_end__ = .
                0x20000270                _edata = __data_end__

.bss            0x20000270      0x770 load address 0x08006ae4
                0x20000270                . = ALIGN (0x4)
                0x20000270                __bss_start__ = .
                0x20000270                _sbss = __bss_start__
 *(.bss*)
 .bss           0x20000270        0x4 ..\obj\MicroMenu2_1.o
 .bss           0x20000274        0x6 ..\obj\General.o
                0x20000274                Current_Out
                0x20000276                Current_load
                0x20000278                U_OUT_ForSetResistance
 .bss           0x2000027a        0x2 ..\obj\hd44780_driver.o
                0x2000027a                pos_x
                0x2000027b                pos_y
 .bss           0x2000027c       0x70 ..\obj\main.o
                0x2000027c                i_LogItems
                0x20000280                BatteryCapacityCharge
                0x20000284                ChargeTimeSec
                0x20000288                BatteryCapacityDischargeCurrent
                0x2000028c                DischargeTimeSec
                0x20000290                CountShowBT
                0x20000292                comp
                0x20000294                pressedKey
                0x20000298                PowerOffTimesec
                0x2000029c                ChargeStatusForTimer
                0x2000029d                DisChargeStatusForTimer
                0x2000029e                Status_Timer_Sec
                0x200002a0                Timer_Sec
                0x200002a4                time_sec
                0x200002a8                On_off
                0x200002a9                Status_Out
                0x200002aa                EnterInMenu_Status
                0x200002ab                Status_Load
                0x200002ac                ChargeDischargeState
                0x200002b0                TimerForReadyMeasurement_ms
                0x200002b4                InitiStatus
                0x200002b5                BatteryLow
                0x200002b6                U_BatteryTmp
                0x200002b8                U_Battery_Timer
                0x200002bc                CountShow
                0x200002bd                Blink_message_counter
                0x200002c0                DischargeTimeSec_Previous
                0x200002c4                CheckingCapacityCounter
                0x200002c5                CountShow1
                0x200002c8                BatteryCapacityDischargeCurrentAfterPOwerUp
                0x200002cc                BATERYSTATUS
                0x200002cd                OffCurrentStatus
                0x200002ce                BatteryVeryLow
                0x200002d0                OffCurrent_Timer
                0x200002d4                VeryLowBattery_Timer
                0x200002d8                SwingtimeSec
                0x200002dc                PopUpMessage
                0x200002e0                time_hour
                0x200002e4                time_min
                0x200002e8                sec
 .bss           0x200002ec      0x384 ..\obj\ADC.o
                0x20000654                CurrentTimer
                0x20000658                U_PS
                0x2000065a                U_Controller
                0x2000065c                U_IN
                0x2000065e                Current
                0x20000660                U_OUT
                0x20000662                HighCurrentStatus
                0x20000664                OffTimer
                0x20000668                U_5V
                0x2000066a                U_5V_1Wire
                0x2000066c                U_12V
                0x2000066e                Temperature
 .bss           0x20000670       0x21 ..\obj\Lib.o
 .bss           0x20000691        0x6 ..\obj\usart.o
                0x20000691                RXcount
                0x20000692                RXtail
                0x20000693                TXcount
                0x20000694                TXhead
                0x20000695                TXtail
                0x20000696                RXhead
 *(COMMON)
 *fill*         0x20000697        0x1 00
 COMMON         0x20000698      0x1a0 ..\obj\General.o
                0x20000698                Current_RAW
                0x2000069c                LoggingData
 COMMON         0x20000838       0x18 ..\obj\main.o
                0x20000838                ChargeDurationSec
                0x2000083c                RegularConvData
                0x2000084c                SelectedOptionValue
 COMMON         0x20000850      0x190 ..\obj\usart.o
                0x20000850                RXBuf
                0x20000918                TXBuf
                0x200009e0                . = ALIGN (0x4)
                0x200009e0                __bss_end__ = .
                0x200009e0                _ebss = __bss_end__

.heap           0x200009e0        0x0
                0x200009e0                __end__ = .
                0x200009e0                _end = __end__
                0x200009e0                end = __end__
 *(.heap*)
                0x200009e0                __HeapLimit = .

.co_stack       0x200009e0      0x400 load address 0x08007254
                0x200009e0                . = ALIGN (0x8)
 *(.co_stack .co_stack.*)
 .co_stack      0x200009e0      0x400 ..\obj\startup_stm32f10x_ld_vl.o
                0x200009e0                pulStack
                0x20002000                __StackTop = (ORIGIN (ram) + 0x2000)
                0x20001c00                __StackLimit = (__StackTop - SIZEOF (.co_stack))
                0x20002000                PROVIDE (__stack, __StackTop)
                0x00000001                ASSERT ((__StackLimit >= __HeapLimit), region ram  overflowed with stack)
LOAD ..\obj\MicroMenu2_1.o
LOAD ..\obj\stm32f10x_tim.o
LOAD ..\obj\startup_stm32f10x_ld_vl.o
LOAD ..\obj\General.o
LOAD ..\obj\system_stm32f10x.o
LOAD ..\obj\hd44780_driver.o
LOAD ..\obj\stm32f10x_gpio.o
LOAD ..\obj\main.o
LOAD ..\obj\ADC.o
LOAD ..\obj\stm32f10x_rcc.o
LOAD ..\obj\Init_.o
LOAD ..\obj\stm32f10x_adc.o
LOAD ..\obj\stm32f10x_usart.o
LOAD ..\obj\Lib.o
LOAD ..\obj\stm32f10x_dma.o
LOAD ..\obj\misc.o
LOAD ..\obj\Eeprom.o
LOAD ..\obj\usart.o
START GROUP
LOAD c:/program files (x86)/gnu tools arm embedded/4.6 2012q4/bin/../lib/gcc/arm-none-eabi/4.6.2/armv7-m\libgcc.a
LOAD c:/program files (x86)/gnu tools arm embedded/4.6 2012q4/bin/../lib/gcc/arm-none-eabi/4.6.2/../../../../arm-none-eabi/lib/armv7-m\libg.a
LOAD c:/program files (x86)/gnu tools arm embedded/4.6 2012q4/bin/../lib/gcc/arm-none-eabi/4.6.2/../../../../arm-none-eabi/lib/armv7-m\libc.a
END GROUP
OUTPUT(BMS.elf elf32-littlearm)

.debug_info     0x00000000     0xc188
 .debug_info    0x00000000      0x23e ..\obj\MicroMenu2_1.o
 .debug_info    0x0000023e     0x1eb4 ..\obj\stm32f10x_tim.o
 .debug_info    0x000020f2      0x140 ..\obj\startup_stm32f10x_ld_vl.o
 .debug_info    0x00002232      0x5ea ..\obj\General.o
 .debug_info    0x0000281c      0x49c ..\obj\system_stm32f10x.o
 .debug_info    0x00002cb8      0x694 ..\obj\hd44780_driver.o
 .debug_info    0x0000334c      0x724 ..\obj\stm32f10x_gpio.o
 .debug_info    0x00003a70     0x2226 ..\obj\main.o
 .debug_info    0x00005c96     0x16cc ..\obj\ADC.o
 .debug_info    0x00007362      0x973 ..\obj\stm32f10x_rcc.o
 .debug_info    0x00007cd5      0xbc2 ..\obj\Init_.o
 .debug_info    0x00008897      0xc02 ..\obj\stm32f10x_adc.o
 .debug_info    0x00009499      0xa5f ..\obj\stm32f10x_usart.o
 .debug_info    0x00009ef8      0x561 ..\obj\Lib.o
 .debug_info    0x0000a459      0x4a0 ..\obj\stm32f10x_dma.o
 .debug_info    0x0000a8f9      0x594 ..\obj\misc.o
 .debug_info    0x0000ae8d      0xb34 ..\obj\Eeprom.o
 .debug_info    0x0000b9c1      0x7c7 ..\obj\usart.o

.debug_abbrev   0x00000000     0x21e2
 .debug_abbrev  0x00000000      0x147 ..\obj\MicroMenu2_1.o
 .debug_abbrev  0x00000147      0x272 ..\obj\stm32f10x_tim.o
 .debug_abbrev  0x000003b9       0xb0 ..\obj\startup_stm32f10x_ld_vl.o
 .debug_abbrev  0x00000469      0x14f ..\obj\General.o
 .debug_abbrev  0x000005b8      0x17b ..\obj\system_stm32f10x.o
 .debug_abbrev  0x00000733      0x28c ..\obj\hd44780_driver.o
 .debug_abbrev  0x000009bf      0x1d9 ..\obj\stm32f10x_gpio.o
 .debug_abbrev  0x00000b98      0x3be ..\obj\main.o
 .debug_abbrev  0x00000f56      0x2de ..\obj\ADC.o
 .debug_abbrev  0x00001234      0x1d0 ..\obj\stm32f10x_rcc.o
 .debug_abbrev  0x00001404      0x19d ..\obj\Init_.o
 .debug_abbrev  0x000015a1      0x1cf ..\obj\stm32f10x_adc.o
 .debug_abbrev  0x00001770      0x1b8 ..\obj\stm32f10x_usart.o
 .debug_abbrev  0x00001928      0x174 ..\obj\Lib.o
 .debug_abbrev  0x00001a9c      0x174 ..\obj\stm32f10x_dma.o
 .debug_abbrev  0x00001c10      0x14c ..\obj\misc.o
 .debug_abbrev  0x00001d5c      0x2a4 ..\obj\Eeprom.o
 .debug_abbrev  0x00002000      0x1e2 ..\obj\usart.o

.debug_loc      0x00000000     0x5744
 .debug_loc     0x00000000       0xcb ..\obj\MicroMenu2_1.o
 .debug_loc     0x000000cb     0x1489 ..\obj\stm32f10x_tim.o
 .debug_loc     0x00001554       0x33 ..\obj\startup_stm32f10x_ld_vl.o
 .debug_loc     0x00001587      0x227 ..\obj\General.o
 .debug_loc     0x000017ae      0x13e ..\obj\system_stm32f10x.o
 .debug_loc     0x000018ec      0x4d9 ..\obj\hd44780_driver.o
 .debug_loc     0x00001dc5      0x439 ..\obj\stm32f10x_gpio.o
 .debug_loc     0x000021fe      0xaa8 ..\obj\main.o
 .debug_loc     0x00002ca6      0x5ce ..\obj\ADC.o
 .debug_loc     0x00003274      0x5c1 ..\obj\stm32f10x_rcc.o
 .debug_loc     0x00003835       0xa0 ..\obj\Init_.o
 .debug_loc     0x000038d5      0x81e ..\obj\stm32f10x_adc.o
 .debug_loc     0x000040f3      0x59a ..\obj\stm32f10x_usart.o
 .debug_loc     0x0000468d      0x69a ..\obj\Lib.o
 .debug_loc     0x00004d27      0x142 ..\obj\stm32f10x_dma.o
 .debug_loc     0x00004e69      0x125 ..\obj\misc.o
 .debug_loc     0x00004f8e      0x5df ..\obj\Eeprom.o
 .debug_loc     0x0000556d      0x1d7 ..\obj\usart.o

.debug_aranges  0x00000000      0xd90
 .debug_aranges
                0x00000000       0x38 ..\obj\MicroMenu2_1.o
 .debug_aranges
                0x00000038      0x2e0 ..\obj\stm32f10x_tim.o
 .debug_aranges
                0x00000318       0x28 ..\obj\startup_stm32f10x_ld_vl.o
 .debug_aranges
                0x00000340       0x30 ..\obj\General.o
 .debug_aranges
                0x00000370       0x28 ..\obj\system_stm32f10x.o
 .debug_aranges
                0x00000398       0xb8 ..\obj\hd44780_driver.o
 .debug_aranges
                0x00000450       0xa8 ..\obj\stm32f10x_gpio.o
 .debug_aranges
                0x000004f8      0x230 ..\obj\main.o
 .debug_aranges
                0x00000728       0x60 ..\obj\ADC.o
 .debug_aranges
                0x00000788      0x120 ..\obj\stm32f10x_rcc.o
 .debug_aranges
                0x000008a8       0x48 ..\obj\Init_.o
 .debug_aranges
                0x000008f0      0x138 ..\obj\stm32f10x_adc.o
 .debug_aranges
                0x00000a28      0x100 ..\obj\stm32f10x_usart.o
 .debug_aranges
                0x00000b28       0x78 ..\obj\Lib.o
 .debug_aranges
                0x00000ba0       0x70 ..\obj\stm32f10x_dma.o
 .debug_aranges
                0x00000c10       0x40 ..\obj\misc.o
 .debug_aranges
                0x00000c50       0xe8 ..\obj\Eeprom.o
 .debug_aranges
                0x00000d38       0x58 ..\obj\usart.o

.debug_ranges   0x00000000      0xd78
 .debug_ranges  0x00000000       0x28 ..\obj\MicroMenu2_1.o
 .debug_ranges  0x00000028      0x330 ..\obj\stm32f10x_tim.o
 .debug_ranges  0x00000358       0x18 ..\obj\startup_stm32f10x_ld_vl.o
 .debug_ranges  0x00000370       0x50 ..\obj\General.o
 .debug_ranges  0x000003c0       0x18 ..\obj\system_stm32f10x.o
 .debug_ranges  0x000003d8       0xa8 ..\obj\hd44780_driver.o
 .debug_ranges  0x00000480       0x98 ..\obj\stm32f10x_gpio.o
 .debug_ranges  0x00000518      0x280 ..\obj\main.o
 .debug_ranges  0x00000798       0x68 ..\obj\ADC.o
 .debug_ranges  0x00000800      0x110 ..\obj\stm32f10x_rcc.o
 .debug_ranges  0x00000910       0x38 ..\obj\Init_.o
 .debug_ranges  0x00000948      0x128 ..\obj\stm32f10x_adc.o
 .debug_ranges  0x00000a70       0xf0 ..\obj\stm32f10x_usart.o
 .debug_ranges  0x00000b60       0x68 ..\obj\Lib.o
 .debug_ranges  0x00000bc8       0x60 ..\obj\stm32f10x_dma.o
 .debug_ranges  0x00000c28       0x30 ..\obj\misc.o
 .debug_ranges  0x00000c58       0xd8 ..\obj\Eeprom.o
 .debug_ranges  0x00000d30       0x48 ..\obj\usart.o

.debug_line     0x00000000     0x58f4
 .debug_line    0x00000000      0x146 ..\obj\MicroMenu2_1.o
 .debug_line    0x00000146      0xb6f ..\obj\stm32f10x_tim.o
 .debug_line    0x00000cb5       0xc7 ..\obj\startup_stm32f10x_ld_vl.o
 .debug_line    0x00000d7c      0x392 ..\obj\General.o
 .debug_line    0x0000110e      0x252 ..\obj\system_stm32f10x.o
 .debug_line    0x00001360      0x4ef ..\obj\hd44780_driver.o
 .debug_line    0x0000184f      0x41a ..\obj\stm32f10x_gpio.o
 .debug_line    0x00001c69      0xf15 ..\obj\main.o
 .debug_line    0x00002b7e      0x560 ..\obj\ADC.o
 .debug_line    0x000030de      0x511 ..\obj\stm32f10x_rcc.o
 .debug_line    0x000035ef      0x388 ..\obj\Init_.o
 .debug_line    0x00003977      0x591 ..\obj\stm32f10x_adc.o
 .debug_line    0x00003f08      0x538 ..\obj\stm32f10x_usart.o
 .debug_line    0x00004440      0x50a ..\obj\Lib.o
 .debug_line    0x0000494a      0x35f ..\obj\stm32f10x_dma.o
 .debug_line    0x00004ca9      0x2aa ..\obj\misc.o
 .debug_line    0x00004f53      0x633 ..\obj\Eeprom.o
 .debug_line    0x00005586      0x36e ..\obj\usart.o

.debug_str      0x00000000     0x457a
 .debug_str     0x00000000      0x1a1 ..\obj\MicroMenu2_1.o
                                0x1c6 (size before relaxing)
 .debug_str     0x000001a1      0xca6 ..\obj\stm32f10x_tim.o
                                0xda7 (size before relaxing)
 .debug_str     0x00000e47       0xdb ..\obj\startup_stm32f10x_ld_vl.o
                                0x143 (size before relaxing)
 .debug_str     0x00000f22      0x666 ..\obj\General.o
                                0x79d (size before relaxing)
 .debug_str     0x00001588      0x18a ..\obj\system_stm32f10x.o
                                0x2a4 (size before relaxing)
 .debug_str     0x00001712      0x24d ..\obj\hd44780_driver.o
                                0x361 (size before relaxing)
 .debug_str     0x0000195f      0x38f ..\obj\stm32f10x_gpio.o
                                0x4e3 (size before relaxing)
 .debug_str     0x00001cee      0xb2b ..\obj\main.o
                               0x1467 (size before relaxing)
 .debug_str     0x00002819      0x68f ..\obj\ADC.o
                               0x1108 (size before relaxing)
 .debug_str     0x00002ea8      0x445 ..\obj\stm32f10x_rcc.o
                                0x637 (size before relaxing)
 .debug_str     0x000032ed       0xb4 ..\obj\Init_.o
                                0x788 (size before relaxing)
 .debug_str     0x000033a1      0x494 ..\obj\stm32f10x_adc.o
                                0x6c5 (size before relaxing)
 .debug_str     0x00003835      0x450 ..\obj\stm32f10x_usart.o
                                0x65a (size before relaxing)
 .debug_str     0x00003c85      0x104 ..\obj\Lib.o
                                0x229 (size before relaxing)
 .debug_str     0x00003d89      0x167 ..\obj\stm32f10x_dma.o
                                0x38b (size before relaxing)
 .debug_str     0x00003ef0      0x1ba ..\obj\misc.o
                                0x393 (size before relaxing)
 .debug_str     0x000040aa      0x3ad ..\obj\Eeprom.o
                                0xada (size before relaxing)
 .debug_str     0x00004457      0x123 ..\obj\usart.o
                                0x77c (size before relaxing)

.comment        0x00000000       0x70
 .comment       0x00000000       0x70 ..\obj\MicroMenu2_1.o
                                 0x71 (size before relaxing)
 .comment       0x00000000       0x71 ..\obj\stm32f10x_tim.o
 .comment       0x00000000       0x71 ..\obj\startup_stm32f10x_ld_vl.o
 .comment       0x00000000       0x71 ..\obj\General.o
 .comment       0x00000000       0x71 ..\obj\system_stm32f10x.o
 .comment       0x00000000       0x71 ..\obj\hd44780_driver.o
 .comment       0x00000000       0x71 ..\obj\stm32f10x_gpio.o
 .comment       0x00000000       0x71 ..\obj\main.o
 .comment       0x00000000       0x71 ..\obj\ADC.o
 .comment       0x00000000       0x71 ..\obj\stm32f10x_rcc.o
 .comment       0x00000000       0x71 ..\obj\Init_.o
 .comment       0x00000000       0x71 ..\obj\stm32f10x_adc.o
 .comment       0x00000000       0x71 ..\obj\stm32f10x_usart.o
 .comment       0x00000000       0x71 ..\obj\Lib.o
 .comment       0x00000000       0x71 ..\obj\stm32f10x_dma.o
 .comment       0x00000000       0x71 ..\obj\misc.o
 .comment       0x00000000       0x71 ..\obj\Eeprom.o
 .comment       0x00000000       0x71 ..\obj\usart.o

.ARM.attributes
                0x00000000       0x33
 .ARM.attributes
                0x00000000       0x33 ..\obj\MicroMenu2_1.o
 .ARM.attributes
                0x00000033       0x33 ..\obj\stm32f10x_tim.o
 .ARM.attributes
                0x00000066       0x33 ..\obj\startup_stm32f10x_ld_vl.o
 .ARM.attributes
                0x00000099       0x33 ..\obj\General.o
 .ARM.attributes
                0x000000cc       0x33 ..\obj\system_stm32f10x.o
 .ARM.attributes
                0x000000ff       0x33 ..\obj\hd44780_driver.o
 .ARM.attributes
                0x00000132       0x33 ..\obj\stm32f10x_gpio.o
 .ARM.attributes
                0x00000165       0x33 ..\obj\main.o
 .ARM.attributes
                0x00000198       0x33 ..\obj\ADC.o
 .ARM.attributes
                0x000001cb       0x33 ..\obj\stm32f10x_rcc.o
 .ARM.attributes
                0x000001fe       0x33 ..\obj\Init_.o
 .ARM.attributes
                0x00000231       0x33 ..\obj\stm32f10x_adc.o
 .ARM.attributes
                0x00000264       0x33 ..\obj\stm32f10x_usart.o
 .ARM.attributes
                0x00000297       0x33 ..\obj\Lib.o
 .ARM.attributes
                0x000002ca       0x33 ..\obj\stm32f10x_dma.o
 .ARM.attributes
                0x000002fd       0x33 ..\obj\misc.o
 .ARM.attributes
                0x00000330       0x33 ..\obj\Eeprom.o
 .ARM.attributes
                0x00000363       0x33 ..\obj\usart.o
 .ARM.attributes
                0x00000396       0x2d c:/program files (x86)/gnu tools arm embedded/4.6 2012q4/bin/../lib/gcc/arm-none-eabi/4.6.2/../../../../arm-none-eabi/lib/armv7-m\libg.a(lib_a-memcpy.o)

.debug_frame    0x00000000     0x1f9c
 .debug_frame   0x00000000       0x60 ..\obj\MicroMenu2_1.o
 .debug_frame   0x00000060      0x65c ..\obj\stm32f10x_tim.o
 .debug_frame   0x000006bc       0x38 ..\obj\startup_stm32f10x_ld_vl.o
 .debug_frame   0x000006f4       0x70 ..\obj\General.o
 .debug_frame   0x00000764       0x34 ..\obj\system_stm32f10x.o
 .debug_frame   0x00000798      0x1ec ..\obj\hd44780_driver.o
 .debug_frame   0x00000984      0x174 ..\obj\stm32f10x_gpio.o
 .debug_frame   0x00000af8      0x624 ..\obj\main.o
 .debug_frame   0x0000111c      0x108 ..\obj\ADC.o
 .debug_frame   0x00001224      0x234 ..\obj\stm32f10x_rcc.o
 .debug_frame   0x00001458       0xac ..\obj\Init_.o
 .debug_frame   0x00001504      0x280 ..\obj\stm32f10x_adc.o
 .debug_frame   0x00001784      0x20c ..\obj\stm32f10x_usart.o
 .debug_frame   0x00001990      0x158 ..\obj\Lib.o
 .debug_frame   0x00001ae8       0xc8 ..\obj\stm32f10x_dma.o
 .debug_frame   0x00001bb0       0x68 ..\obj\misc.o
 .debug_frame   0x00001c18      0x290 ..\obj\Eeprom.o
 .debug_frame   0x00001ea8       0xc8 ..\obj\usart.o
 .debug_frame   0x00001f70       0x2c c:/program files (x86)/gnu tools arm embedded/4.6 2012q4/bin/../lib/gcc/arm-none-eabi/4.6.2/../../../../arm-none-eabi/lib/armv7-m\libg.a(lib_a-memcpy.o)
