
Allocating common symbols
Common symbol       size              file

Current_RAW         0x2               ..\obj\General.o
ChargeDurationSec   0x4               ..\obj\main.o
RegularConvData     0x10              ..\obj\main.o
RXBuf               0xc8              ..\obj\usart.o
SelectedOptionValue
                    0x4               ..\obj\main.o
TXBuf               0xc8              ..\obj\usart.o

Discarded input sections

 .text          0x00000000        0x0 ..\obj\MicroMenu2_1.o
 .text          0x00000000        0x0 ..\obj\stm32f10x_tim.o
 .data          0x00000000        0x0 ..\obj\stm32f10x_tim.o
 .bss           0x00000000        0x0 ..\obj\stm32f10x_tim.o
 .text.TI1_Config
                0x00000000       0x68 ..\obj\stm32f10x_tim.o
 .text.TI2_Config
                0x00000000       0x78 ..\obj\stm32f10x_tim.o
 .text.TIM_DeInit
                0x00000000      0x1ac ..\obj\stm32f10x_tim.o
 .text.TIM_OC1Init
                0x00000000       0x88 ..\obj\stm32f10x_tim.o
 .text.TIM_OC2Init
                0x00000000       0x88 ..\obj\stm32f10x_tim.o
 .text.TIM_OC3Init
                0x00000000       0x84 ..\obj\stm32f10x_tim.o
 .text.TIM_OC4Init
                0x00000000       0x68 ..\obj\stm32f10x_tim.o
 .text.TIM_BDTRConfig
                0x00000000       0x22 ..\obj\stm32f10x_tim.o
 .text.TIM_OCStructInit
                0x00000000       0x14 ..\obj\stm32f10x_tim.o
 .text.TIM_ICStructInit
                0x00000000       0x10 ..\obj\stm32f10x_tim.o
 .text.TIM_BDTRStructInit
                0x00000000       0x12 ..\obj\stm32f10x_tim.o
 .text.TIM_CtrlPWMOutputs
                0x00000000       0x1c ..\obj\stm32f10x_tim.o
 .text.TIM_GenerateEvent
                0x00000000        0x4 ..\obj\stm32f10x_tim.o
 .text.TIM_DMAConfig
                0x00000000        0x8 ..\obj\stm32f10x_tim.o
 .text.TIM_DMACmd
                0x00000000       0x12 ..\obj\stm32f10x_tim.o
 .text.TIM_InternalClockConfig
                0x00000000        0xe ..\obj\stm32f10x_tim.o
 .text.TIM_ITRxExternalClockConfig
                0x00000000       0x1a ..\obj\stm32f10x_tim.o
 .text.TIM_TIxExternalClockConfig
                0x00000000       0x32 ..\obj\stm32f10x_tim.o
 .text.TIM_ETRConfig
                0x00000000       0x14 ..\obj\stm32f10x_tim.o
 .text.TIM_ETRClockMode2Config
                0x00000000       0x14 ..\obj\stm32f10x_tim.o
 .text.TIM_ETRClockMode1Config
                0x00000000       0x1a ..\obj\stm32f10x_tim.o
 .text.TIM_PrescalerConfig
                0x00000000        0x6 ..\obj\stm32f10x_tim.o
 .text.TIM_CounterModeConfig
                0x00000000       0x10 ..\obj\stm32f10x_tim.o
 .text.TIM_SelectInputTrigger
                0x00000000       0x10 ..\obj\stm32f10x_tim.o
 .text.TIM_EncoderInterfaceConfig
                0x00000000       0x3c ..\obj\stm32f10x_tim.o
 .text.TIM_ForcedOC1Config
                0x00000000       0x10 ..\obj\stm32f10x_tim.o
 .text.TIM_ForcedOC2Config
                0x00000000       0x14 ..\obj\stm32f10x_tim.o
 .text.TIM_ForcedOC3Config
                0x00000000       0x10 ..\obj\stm32f10x_tim.o
 .text.TIM_ForcedOC4Config
                0x00000000       0x14 ..\obj\stm32f10x_tim.o
 .text.TIM_ARRPreloadConfig
                0x00000000       0x18 ..\obj\stm32f10x_tim.o
 .text.TIM_SelectCOM
                0x00000000       0x18 ..\obj\stm32f10x_tim.o
 .text.TIM_SelectCCDMA
                0x00000000       0x18 ..\obj\stm32f10x_tim.o
 .text.TIM_CCPreloadControl
                0x00000000       0x18 ..\obj\stm32f10x_tim.o
 .text.TIM_OC1PreloadConfig
                0x00000000       0x10 ..\obj\stm32f10x_tim.o
 .text.TIM_OC2PreloadConfig
                0x00000000       0x14 ..\obj\stm32f10x_tim.o
 .text.TIM_OC3PreloadConfig
                0x00000000       0x10 ..\obj\stm32f10x_tim.o
 .text.TIM_OC4PreloadConfig
                0x00000000       0x14 ..\obj\stm32f10x_tim.o
 .text.TIM_OC1FastConfig
                0x00000000       0x10 ..\obj\stm32f10x_tim.o
 .text.TIM_OC2FastConfig
                0x00000000       0x14 ..\obj\stm32f10x_tim.o
 .text.TIM_OC3FastConfig
                0x00000000       0x10 ..\obj\stm32f10x_tim.o
 .text.TIM_OC4FastConfig
                0x00000000       0x14 ..\obj\stm32f10x_tim.o
 .text.TIM_ClearOC1Ref
                0x00000000       0x10 ..\obj\stm32f10x_tim.o
 .text.TIM_ClearOC2Ref
                0x00000000       0x10 ..\obj\stm32f10x_tim.o
 .text.TIM_ClearOC3Ref
                0x00000000       0x10 ..\obj\stm32f10x_tim.o
 .text.TIM_ClearOC4Ref
                0x00000000       0x10 ..\obj\stm32f10x_tim.o
 .text.TIM_OC1PolarityConfig
                0x00000000       0x10 ..\obj\stm32f10x_tim.o
 .text.TIM_OC1NPolarityConfig
                0x00000000       0x10 ..\obj\stm32f10x_tim.o
 .text.TIM_OC2PolarityConfig
                0x00000000       0x14 ..\obj\stm32f10x_tim.o
 .text.TIM_OC2NPolarityConfig
                0x00000000       0x14 ..\obj\stm32f10x_tim.o
 .text.TIM_OC3PolarityConfig
                0x00000000       0x14 ..\obj\stm32f10x_tim.o
 .text.TIM_OC3NPolarityConfig
                0x00000000       0x14 ..\obj\stm32f10x_tim.o
 .text.TIM_OC4PolarityConfig
                0x00000000       0x14 ..\obj\stm32f10x_tim.o
 .text.TIM_CCxCmd
                0x00000000       0x20 ..\obj\stm32f10x_tim.o
 .text.TIM_CCxNCmd
                0x00000000       0x20 ..\obj\stm32f10x_tim.o
 .text.TIM_SelectOCxM
                0x00000000       0x44 ..\obj\stm32f10x_tim.o
 .text.TIM_UpdateDisableConfig
                0x00000000       0x18 ..\obj\stm32f10x_tim.o
 .text.TIM_UpdateRequestConfig
                0x00000000       0x18 ..\obj\stm32f10x_tim.o
 .text.TIM_SelectHallSensor
                0x00000000       0x18 ..\obj\stm32f10x_tim.o
 .text.TIM_SelectOnePulseMode
                0x00000000       0x16 ..\obj\stm32f10x_tim.o
 .text.TIM_SelectOutputTrigger
                0x00000000       0x16 ..\obj\stm32f10x_tim.o
 .text.TIM_SelectSlaveMode
                0x00000000       0x16 ..\obj\stm32f10x_tim.o
 .text.TIM_SelectMasterSlaveMode
                0x00000000       0x16 ..\obj\stm32f10x_tim.o
 .text.TIM_SetCounter
                0x00000000        0x4 ..\obj\stm32f10x_tim.o
 .text.TIM_SetAutoreload
                0x00000000        0x4 ..\obj\stm32f10x_tim.o
 .text.TIM_SetCompare1
                0x00000000        0x4 ..\obj\stm32f10x_tim.o
 .text.TIM_SetCompare2
                0x00000000        0x4 ..\obj\stm32f10x_tim.o
 .text.TIM_SetCompare3
                0x00000000        0x4 ..\obj\stm32f10x_tim.o
 .text.TIM_SetCompare4
                0x00000000        0x6 ..\obj\stm32f10x_tim.o
 .text.TIM_SetIC1Prescaler
                0x00000000       0x16 ..\obj\stm32f10x_tim.o
 .text.TIM_SetIC2Prescaler
                0x00000000       0x1a ..\obj\stm32f10x_tim.o
 .text.TIM_PWMIConfig
                0x00000000       0x6c ..\obj\stm32f10x_tim.o
 .text.TIM_SetIC3Prescaler
                0x00000000       0x16 ..\obj\stm32f10x_tim.o
 .text.TIM_SetIC4Prescaler
                0x00000000       0x1a ..\obj\stm32f10x_tim.o
 .text.TIM_ICInit
                0x00000000      0x134 ..\obj\stm32f10x_tim.o
 .text.TIM_SetClockDivision
                0x00000000       0x16 ..\obj\stm32f10x_tim.o
 .text.TIM_GetCapture1
                0x00000000        0x6 ..\obj\stm32f10x_tim.o
 .text.TIM_GetCapture2
                0x00000000        0x6 ..\obj\stm32f10x_tim.o
 .text.TIM_GetCapture3
                0x00000000        0x6 ..\obj\stm32f10x_tim.o
 .text.TIM_GetCapture4
                0x00000000        0x8 ..\obj\stm32f10x_tim.o
 .text.TIM_GetCounter
                0x00000000        0x6 ..\obj\stm32f10x_tim.o
 .text.TIM_GetPrescaler
                0x00000000        0x6 ..\obj\stm32f10x_tim.o
 .text.TIM_GetFlagStatus
                0x00000000        0xc ..\obj\stm32f10x_tim.o
 .text.TIM_ClearFlag
                0x00000000        0x8 ..\obj\stm32f10x_tim.o
 .text          0x00000000        0x0 ..\obj\startup_stm32f10x_ld_vl.o
 .data          0x00000000        0x0 ..\obj\startup_stm32f10x_ld_vl.o
 .bss           0x00000000        0x0 ..\obj\startup_stm32f10x_ld_vl.o
 .text          0x00000000        0x0 ..\obj\General.o
 COMMON         0x00000000        0x2 ..\obj\General.o
 .text          0x00000000        0x0 ..\obj\system_stm32f10x.o
 .data          0x00000000       0x14 ..\obj\system_stm32f10x.o
 .bss           0x00000000        0x0 ..\obj\system_stm32f10x.o
 .text.SystemCoreClockUpdate
                0x00000000       0x64 ..\obj\system_stm32f10x.o
 .text          0x00000000        0x0 ..\obj\hd44780_driver.o
 .text.lcd_set_CGRAM_char
                0x00000000       0x2e ..\obj\hd44780_driver.o
 .text.PrintToLCD_int32
                0x00000000        0xe ..\obj\hd44780_driver.o
 .text.PrintToLCD_int32_koma
                0x00000000        0xe ..\obj\hd44780_driver.o
 .text          0x00000000        0x0 ..\obj\stm32f10x_gpio.o
 .data          0x00000000        0x0 ..\obj\stm32f10x_gpio.o
 .bss           0x00000000        0x0 ..\obj\stm32f10x_gpio.o
 .text.GPIO_DeInit
                0x00000000       0xac ..\obj\stm32f10x_gpio.o
 .text.GPIO_AFIODeInit
                0x00000000       0x16 ..\obj\stm32f10x_gpio.o
 .text.GPIO_StructInit
                0x00000000       0x10 ..\obj\stm32f10x_gpio.o
 .text.GPIO_ReadInputData
                0x00000000        0x6 ..\obj\stm32f10x_gpio.o
 .text.GPIO_ReadOutputDataBit
                0x00000000        0xc ..\obj\stm32f10x_gpio.o
 .text.GPIO_ReadOutputData
                0x00000000        0x6 ..\obj\stm32f10x_gpio.o
 .text.GPIO_SetBits
                0x00000000        0x4 ..\obj\stm32f10x_gpio.o
 .text.GPIO_ResetBits
                0x00000000        0x4 ..\obj\stm32f10x_gpio.o
 .text.GPIO_WriteBit
                0x00000000        0xa ..\obj\stm32f10x_gpio.o
 .text.GPIO_Write
                0x00000000        0x4 ..\obj\stm32f10x_gpio.o
 .text.GPIO_PinLockConfig
                0x00000000       0x10 ..\obj\stm32f10x_gpio.o
 .text.GPIO_EventOutputConfig
                0x00000000       0x1c ..\obj\stm32f10x_gpio.o
 .text.GPIO_EventOutputCmd
                0x00000000        0xc ..\obj\stm32f10x_gpio.o
 .text.GPIO_PinRemapConfig
                0x00000000       0x64 ..\obj\stm32f10x_gpio.o
 .text.GPIO_EXTILineConfig
                0x00000000       0x34 ..\obj\stm32f10x_gpio.o
 .text.GPIO_ETH_MediaInterfaceConfig
                0x00000000        0xc ..\obj\stm32f10x_gpio.o
 .text          0x00000000        0x0 ..\obj\main.o
 .text.MenuSettingsChargeTime_Enter
                0x00000000        0x2 ..\obj\main.o
 .text.MenuSettingsLowVolt_Enter
                0x00000000        0x2 ..\obj\main.o
 .text.MenuSettingsMaxVolt_Enter
                0x00000000        0x2 ..\obj\main.o
 .text.MenuSettingsSwngChrgTime_Enter
                0x00000000        0x2 ..\obj\main.o
 .text.MenuSettingsSwngDChrgTime_Enter
                0x00000000        0x2 ..\obj\main.o
 .text.MenuSettingsChargeAddapt_Enter
                0x00000000        0x2 ..\obj\main.o
 .text.Stop_Timer_sec
                0x00000000       0x10 ..\obj\main.o
 .text          0x00000000        0x0 ..\obj\ADC.o
 .text.middle_of_3
                0x00000000       0x2a ..\obj\ADC.o
 .text          0x00000000        0x0 ..\obj\stm32f10x_rcc.o
 .bss           0x00000000        0x0 ..\obj\stm32f10x_rcc.o
 .text.RCC_DeInit
                0x00000000       0x44 ..\obj\stm32f10x_rcc.o
 .text.RCC_HSEConfig
                0x00000000       0x38 ..\obj\stm32f10x_rcc.o
 .text.RCC_AdjustHSICalibrationValue
                0x00000000       0x14 ..\obj\stm32f10x_rcc.o
 .text.RCC_HSICmd
                0x00000000        0xc ..\obj\stm32f10x_rcc.o
 .text.RCC_PLLConfig
                0x00000000       0x14 ..\obj\stm32f10x_rcc.o
 .text.RCC_PLLCmd
                0x00000000        0xc ..\obj\stm32f10x_rcc.o
 .text.RCC_PREDIV1Config
                0x00000000       0x18 ..\obj\stm32f10x_rcc.o
 .text.RCC_SYSCLKConfig
                0x00000000       0x14 ..\obj\stm32f10x_rcc.o
 .text.RCC_GetSYSCLKSource
                0x00000000       0x10 ..\obj\stm32f10x_rcc.o
 .text.RCC_HCLKConfig
                0x00000000       0x14 ..\obj\stm32f10x_rcc.o
 .text.RCC_PCLK1Config
                0x00000000       0x14 ..\obj\stm32f10x_rcc.o
 .text.RCC_PCLK2Config
                0x00000000       0x14 ..\obj\stm32f10x_rcc.o
 .text.RCC_ITConfig
                0x00000000       0x18 ..\obj\stm32f10x_rcc.o
 .text.RCC_USBCLKConfig
                0x00000000        0xc ..\obj\stm32f10x_rcc.o
 .text.RCC_LSEConfig
                0x00000000       0x20 ..\obj\stm32f10x_rcc.o
 .text.RCC_LSICmd
                0x00000000        0xc ..\obj\stm32f10x_rcc.o
 .text.RCC_RTCCLKConfig
                0x00000000       0x10 ..\obj\stm32f10x_rcc.o
 .text.RCC_RTCCLKCmd
                0x00000000        0xc ..\obj\stm32f10x_rcc.o
 .text.RCC_APB2PeriphResetCmd
                0x00000000       0x18 ..\obj\stm32f10x_rcc.o
 .text.RCC_APB1PeriphResetCmd
                0x00000000       0x18 ..\obj\stm32f10x_rcc.o
 .text.RCC_BackupResetCmd
                0x00000000        0xc ..\obj\stm32f10x_rcc.o
 .text.RCC_ClockSecuritySystemCmd
                0x00000000        0xc ..\obj\stm32f10x_rcc.o
 .text.RCC_MCOConfig
                0x00000000        0xc ..\obj\stm32f10x_rcc.o
 .text.RCC_GetFlagStatus
                0x00000000       0x28 ..\obj\stm32f10x_rcc.o
 .text.RCC_WaitForHSEStartUp
                0x00000000       0x2c ..\obj\stm32f10x_rcc.o
 .text.RCC_ClearFlag
                0x00000000       0x10 ..\obj\stm32f10x_rcc.o
 .text.RCC_GetITStatus
                0x00000000       0x14 ..\obj\stm32f10x_rcc.o
 .text.RCC_ClearITPendingBit
                0x00000000        0xc ..\obj\stm32f10x_rcc.o
 .text          0x00000000        0x0 ..\obj\Init_.o
 .data          0x00000000        0x0 ..\obj\Init_.o
 .bss           0x00000000        0x0 ..\obj\Init_.o
 .text          0x00000000        0x0 ..\obj\stm32f10x_adc.o
 .data          0x00000000        0x0 ..\obj\stm32f10x_adc.o
 .bss           0x00000000        0x0 ..\obj\stm32f10x_adc.o
 .text.ADC_DeInit
                0x00000000       0x5c ..\obj\stm32f10x_adc.o
 .text.ADC_StructInit
                0x00000000       0x12 ..\obj\stm32f10x_adc.o
 .text.ADC_ITConfig
                0x00000000       0x12 ..\obj\stm32f10x_adc.o
 .text.ADC_GetSoftwareStartConvStatus
                0x00000000        0x8 ..\obj\stm32f10x_adc.o
 .text.ADC_DiscModeChannelCountConfig
                0x00000000       0x10 ..\obj\stm32f10x_adc.o
 .text.ADC_DiscModeCmd
                0x00000000       0x12 ..\obj\stm32f10x_adc.o
 .text.ADC_ExternalTrigConvCmd
                0x00000000       0x12 ..\obj\stm32f10x_adc.o
 .text.ADC_GetConversionValue
                0x00000000        0x6 ..\obj\stm32f10x_adc.o
 .text.ADC_GetDualModeConversionValue
                0x00000000        0xc ..\obj\stm32f10x_adc.o
 .text.ADC_AutoInjectedConvCmd
                0x00000000       0x12 ..\obj\stm32f10x_adc.o
 .text.ADC_InjectedDiscModeCmd
                0x00000000       0x12 ..\obj\stm32f10x_adc.o
 .text.ADC_ExternalTrigInjectedConvConfig
                0x00000000        0xc ..\obj\stm32f10x_adc.o
 .text.ADC_ExternalTrigInjectedConvCmd
                0x00000000       0x12 ..\obj\stm32f10x_adc.o
 .text.ADC_SoftwareStartInjectedConvCmd
                0x00000000       0x12 ..\obj\stm32f10x_adc.o
 .text.ADC_GetSoftwareStartInjectedConvCmdStatus
                0x00000000        0x8 ..\obj\stm32f10x_adc.o
 .text.ADC_InjectedChannelConfig
                0x00000000       0x62 ..\obj\stm32f10x_adc.o
 .text.ADC_InjectedSequencerLengthConfig
                0x00000000       0x10 ..\obj\stm32f10x_adc.o
 .text.ADC_SetInjectedOffset
                0x00000000       0x16 ..\obj\stm32f10x_adc.o
 .text.ADC_GetInjectedConversionValue
                0x00000000       0x1a ..\obj\stm32f10x_adc.o
 .text.ADC_AnalogWatchdogCmd
                0x00000000       0x10 ..\obj\stm32f10x_adc.o
 .text.ADC_AnalogWatchdogThresholdsConfig
                0x00000000        0x6 ..\obj\stm32f10x_adc.o
 .text.ADC_AnalogWatchdogSingleChannelConfig
                0x00000000        0xc ..\obj\stm32f10x_adc.o
 .text.ADC_GetFlagStatus
                0x00000000        0xc ..\obj\stm32f10x_adc.o
 .text.ADC_ClearFlag
                0x00000000        0x6 ..\obj\stm32f10x_adc.o
 .text.ADC_GetITStatus
                0x00000000       0x16 ..\obj\stm32f10x_adc.o
 .text.ADC_ClearITPendingBit
                0x00000000        0x8 ..\obj\stm32f10x_adc.o
 .text          0x00000000        0x0 ..\obj\stm32f10x_usart.o
 .data          0x00000000        0x0 ..\obj\stm32f10x_usart.o
 .bss           0x00000000        0x0 ..\obj\stm32f10x_usart.o
 .text.USART_DeInit
                0x00000000       0x98 ..\obj\stm32f10x_usart.o
 .text.USART_StructInit
                0x00000000       0x16 ..\obj\stm32f10x_usart.o
 .text.USART_ClockInit
                0x00000000       0x22 ..\obj\stm32f10x_usart.o
 .text.USART_ClockStructInit
                0x00000000        0xc ..\obj\stm32f10x_usart.o
 .text.USART_DMACmd
                0x00000000       0x12 ..\obj\stm32f10x_usart.o
 .text.USART_SetAddress
                0x00000000       0x16 ..\obj\stm32f10x_usart.o
 .text.USART_WakeUpConfig
                0x00000000       0x16 ..\obj\stm32f10x_usart.o
 .text.USART_ReceiverWakeUpCmd
                0x00000000       0x18 ..\obj\stm32f10x_usart.o
 .text.USART_LINBreakDetectLengthConfig
                0x00000000       0x16 ..\obj\stm32f10x_usart.o
 .text.USART_LINCmd
                0x00000000       0x18 ..\obj\stm32f10x_usart.o
 .text.USART_ReceiveData
                0x00000000        0x8 ..\obj\stm32f10x_usart.o
 .text.USART_SendBreak
                0x00000000        0xc ..\obj\stm32f10x_usart.o
 .text.USART_SetGuardTime
                0x00000000       0x12 ..\obj\stm32f10x_usart.o
 .text.USART_SetPrescaler
                0x00000000       0x12 ..\obj\stm32f10x_usart.o
 .text.USART_SmartCardCmd
                0x00000000       0x18 ..\obj\stm32f10x_usart.o
 .text.USART_SmartCardNACKCmd
                0x00000000       0x18 ..\obj\stm32f10x_usart.o
 .text.USART_HalfDuplexCmd
                0x00000000       0x18 ..\obj\stm32f10x_usart.o
 .text.USART_OverSampling8Cmd
                0x00000000       0x18 ..\obj\stm32f10x_usart.o
 .text.USART_OneBitMethodCmd
                0x00000000       0x18 ..\obj\stm32f10x_usart.o
 .text.USART_IrDAConfig
                0x00000000       0x16 ..\obj\stm32f10x_usart.o
 .text.USART_IrDACmd
                0x00000000       0x18 ..\obj\stm32f10x_usart.o
 .text.USART_ClearFlag
                0x00000000        0x8 ..\obj\stm32f10x_usart.o
 .text.USART_GetITStatus
                0x00000000       0x40 ..\obj\stm32f10x_usart.o
 .text.USART_ClearITPendingBit
                0x00000000       0x10 ..\obj\stm32f10x_usart.o
 .text          0x00000000        0x0 ..\obj\Lib.o
 .data          0x00000000        0x0 ..\obj\Lib.o
 .text.Module8  0x00000000        0xc ..\obj\Lib.o
 .text.Module32
                0x00000000        0xa ..\obj\Lib.o
 .text          0x00000000        0x0 ..\obj\stm32f10x_dma.o
 .data          0x00000000        0x0 ..\obj\stm32f10x_dma.o
 .bss           0x00000000        0x0 ..\obj\stm32f10x_dma.o
 .text.DMA_DeInit
                0x00000000       0xfc ..\obj\stm32f10x_dma.o
 .text.DMA_StructInit
                0x00000000       0x1a ..\obj\stm32f10x_dma.o
 .text.DMA_SetCurrDataCounter
                0x00000000        0x4 ..\obj\stm32f10x_dma.o
 .text.DMA_GetCurrDataCounter
                0x00000000        0x6 ..\obj\stm32f10x_dma.o
 .text.DMA_GetFlagStatus
                0x00000000       0x1c ..\obj\stm32f10x_dma.o
 .text.DMA_GetITStatus
                0x00000000       0x1c ..\obj\stm32f10x_dma.o
 .text          0x00000000        0x0 ..\obj\misc.o
 .data          0x00000000        0x0 ..\obj\misc.o
 .bss           0x00000000        0x0 ..\obj\misc.o
 .text.NVIC_PriorityGroupConfig
                0x00000000       0x14 ..\obj\misc.o
 .text.NVIC_SetVectorTable
                0x00000000       0x14 ..\obj\misc.o
 .text.NVIC_SystemLPConfig
                0x00000000       0x18 ..\obj\misc.o
 .text.SysTick_CLKSourceConfig
                0x00000000       0x18 ..\obj\misc.o
 .text          0x00000000        0x0 ..\obj\Eeprom.o
 .bss           0x00000000        0x0 ..\obj\Eeprom.o
 .text.flash_ready
                0x00000000       0x14 ..\obj\Eeprom.o
 .text          0x00000000        0x0 ..\obj\usart.o
 .data          0x00000000        0x0 ..\obj\usart.o
 .text.USART_PutChar
                0x00000000       0x70 ..\obj\usart.o

Memory Configuration

Name             Origin             Length             Attributes
rom              0x08000000         0x00010000         xr
ram              0x20000000         0x00002000         xrw
*default*        0x00000000         0xffffffff

Linker script and memory map

                0x20002000                _eram = 0x20002000

.text           0x08000000     0x46c5
 *(.isr_vector)
 .isr_vector    0x08000000      0x124 ..\obj\startup_stm32f10x_ld_vl.o
                0x08000000                g_pfnVectors
 *(.text*)
 .text.Menu_GetCurrentMenu
                0x08000124        0xc ..\obj\MicroMenu2_1.o
                0x08000124                Menu_GetCurrentMenu
 .text.Menu_Navigate
                0x08000130       0x30 ..\obj\MicroMenu2_1.o
                0x08000130                Menu_Navigate
 .text.Menu_SetGenericWriteCallback
                0x08000160       0x14 ..\obj\MicroMenu2_1.o
                0x08000160                Menu_SetGenericWriteCallback
 .text.Menu_SelectItem
                0x08000174       0x20 ..\obj\MicroMenu2_1.o
                0x08000174                Menu_SelectItem
 .text.TIM_TimeBaseInit
                0x08000194       0x94 ..\obj\stm32f10x_tim.o
                0x08000194                TIM_TimeBaseInit
 .text.TIM_TimeBaseStructInit
                0x08000228       0x12 ..\obj\stm32f10x_tim.o
                0x08000228                TIM_TimeBaseStructInit
 .text.TIM_Cmd  0x0800023a       0x18 ..\obj\stm32f10x_tim.o
                0x0800023a                TIM_Cmd
 .text.TIM_ITConfig
                0x08000252       0x12 ..\obj\stm32f10x_tim.o
                0x08000252                TIM_ITConfig
 .text.TIM_GetITStatus
                0x08000264       0x16 ..\obj\stm32f10x_tim.o
                0x08000264                TIM_GetITStatus
 .text.TIM_ClearITPendingBit
                0x0800027a        0x8 ..\obj\stm32f10x_tim.o
                0x0800027a                TIM_ClearITPendingBit
 *fill*         0x08000282        0x2 00
 .text.Default_Reset_Handler
                0x08000284       0x48 ..\obj\startup_stm32f10x_ld_vl.o
                0x08000284                Default_Reset_Handler
                0x08000284                Reset_Handler
 .text.Default_Handler
                0x080002cc        0x2 ..\obj\startup_stm32f10x_ld_vl.o
                0x080002cc                EXTI2_IRQHandler
                0x080002cc                DebugMon_Handler
                0x080002cc                TIM1_CC_IRQHandler
                0x080002cc                HardFault_Handler
                0x080002cc                SysTick_Handler
                0x080002cc                PVD_IRQHandler
                0x080002cc                PendSV_Handler
                0x080002cc                NMI_Handler
                0x080002cc                EXTI3_IRQHandler
                0x080002cc                EXTI0_IRQHandler
                0x080002cc                UsageFault_Handler
                0x080002cc                SPI1_IRQHandler
                0x080002cc                TAMPER_IRQHandler
                0x080002cc                TIM6_DAC_IRQHandler
                0x080002cc                DMA1_Channel4_IRQHandler
                0x080002cc                ADC1_IRQHandler
                0x080002cc                RTC_IRQHandler
                0x080002cc                DMA1_Channel7_IRQHandler
                0x080002cc                I2C1_EV_IRQHandler
                0x080002cc                DMA1_Channel6_IRQHandler
                0x080002cc                RCC_IRQHandler
                0x080002cc                DMA1_Channel1_IRQHandler
                0x080002cc                CEC_IRQHandler
                0x080002cc                EXTI15_10_IRQHandler
                0x080002cc                EXTI9_5_IRQHandler
                0x080002cc                MemManage_Handler
                0x080002cc                SVC_Handler
                0x080002cc                DMA1_Channel5_IRQHandler
                0x080002cc                EXTI4_IRQHandler
                0x080002cc                TIM1_TRG_COM_TIM17_IRQHandler
                0x080002cc                DMA1_Channel3_IRQHandler
                0x080002cc                WWDG_IRQHandler
                0x080002cc                TIM2_IRQHandler
                0x080002cc                EXTI1_IRQHandler
                0x080002cc                RTCAlarm_IRQHandler
                0x080002cc                USART2_IRQHandler
                0x080002cc                DMA1_Channel2_IRQHandler
                0x080002cc                FLASH_IRQHandler
                0x080002cc                BusFault_Handler
                0x080002cc                I2C1_ER_IRQHandler
                0x080002cc                TIM1_BRK_TIM15_IRQHandler
 *fill*         0x080002ce        0x2 00
 .text.InfoToUARTBeforeStart
                0x080002d0      0x10c ..\obj\General.o
                0x080002d0                InfoToUARTBeforeStart
 .text.SystemInit
                0x080003dc       0xd4 ..\obj\system_stm32f10x.o
                0x080003dc                SystemInit
 .text.DelaymSec
                0x080004b0       0x24 ..\obj\hd44780_driver.o
                0x080004b0                DelaymSec
 .text.DelayuSec
                0x080004d4       0x20 ..\obj\hd44780_driver.o
                0x080004d4                DelayuSec
 .text.strobe   0x080004f4       0x24 ..\obj\hd44780_driver.o
                0x080004f4                strobe
 .text.lcd_set_4bit_mode
                0x08000518       0x44 ..\obj\hd44780_driver.o
                0x08000518                lcd_set_4bit_mode
 .text.lcd_send
                0x0800055c       0x9c ..\obj\hd44780_driver.o
                0x0800055c                lcd_send
 .text.lcd_set_state
                0x080005f8       0x26 ..\obj\hd44780_driver.o
                0x080005f8                lcd_set_state
 .text.lcd_clear
                0x0800061e        0x8 ..\obj\hd44780_driver.o
                0x0800061e                lcd_clear
 .text.lcd_init
                0x08000626       0x1e ..\obj\hd44780_driver.o
                0x08000626                lcd_init
 .text.LcdOutbyNumber
                0x08000644        0x8 ..\obj\hd44780_driver.o
                0x08000644                LcdOutbyNumber
 .text.lcd_set_xy
                0x0800064c       0x1c ..\obj\hd44780_driver.o
                0x0800064c                lcd_set_xy
 .text.LcdOut   0x08000668       0x7c ..\obj\hd44780_driver.o
                0x08000668                LcdOut
 .text.lcd_out  0x080006e4       0x2c ..\obj\hd44780_driver.o
                0x080006e4                lcd_out
 .text.lcd_set_user_char
                0x08000710       0x2e ..\obj\hd44780_driver.o
                0x08000710                lcd_set_user_char
 .text.SetSymbols
                0x0800073e      0x168 ..\obj\hd44780_driver.o
                0x0800073e                SetSymbols
 .text.PrintToLCD
                0x080008a6        0x6 ..\obj\hd44780_driver.o
                0x080008a6                PrintToLCD
 .text.PrintToLCD_xy
                0x080008ac       0x18 ..\obj\hd44780_driver.o
                0x080008ac                PrintToLCD_xy
 .text.InitLCD  0x080008c4       0xe0 ..\obj\hd44780_driver.o
                0x080008c4                InitLCD
 .text.GPIO_Init
                0x080009a4       0xaa ..\obj\stm32f10x_gpio.o
                0x080009a4                GPIO_Init
 .text.GPIO_ReadInputDataBit
                0x08000a4e        0xc ..\obj\stm32f10x_gpio.o
                0x08000a4e                GPIO_ReadInputDataBit
 .text.MenuEEpromWrite_Enter
                0x08000a5a        0x4 ..\obj\main.o
                0x08000a5a                MenuEEpromWrite_Enter
 .text.Generic_Write
                0x08000a5e        0xc ..\obj\main.o
                0x08000a5e                Generic_Write
 .text.Delay_mSec
                0x08000a6a       0x24 ..\obj\main.o
                0x08000a6a                Delay_mSec
 *fill*         0x08000a8e        0x2 00
 .text.MenuOption_Enter
                0x08000a90       0x30 ..\obj\main.o
                0x08000a90                MenuOption_Enter
 .text.MenuCalibration_CURRENT_Out_to_0
                0x08000ac0       0x48 ..\obj\main.o
                0x08000ac0                MenuCalibration_CURRENT_Out_to_0
 .text.MenuCalibration_CURRENT_Load_to_0
                0x08000b08       0x48 ..\obj\main.o
                0x08000b08                MenuCalibration_CURRENT_Load_to_0
 .text.MenuCalibration_BackToFactory
                0x08000b50       0x74 ..\obj\main.o
                0x08000b50                MenuCalibration_BackToFactory
 .text.MenuSettingsChargeTime
                0x08000bc4       0x4c ..\obj\main.o
                0x08000bc4                MenuSettingsChargeTime
 .text.MenuSettingsLowVolt
                0x08000c10       0x44 ..\obj\main.o
                0x08000c10                MenuSettingsLowVolt
 .text.MenuSettingsMaxVolt
                0x08000c54       0x44 ..\obj\main.o
                0x08000c54                MenuSettingsMaxVolt
 .text.MenuSettingsSwngChrgTime
                0x08000c98       0x3c ..\obj\main.o
                0x08000c98                MenuSettingsSwngChrgTime
 .text.MenuSettingsSwngDChrgTime
                0x08000cd4       0x3c ..\obj\main.o
                0x08000cd4                MenuSettingsSwngDChrgTime
 .text.MenuSettingsChargeAddapt
                0x08000d10       0x88 ..\obj\main.o
                0x08000d10                MenuSettingsChargeAddapt
 .text.SelectedOption
                0x08000d98       0x2c ..\obj\main.o
                0x08000d98                SelectedOption
 .text.MenuSettingsSaveMenuPosWhenOFF
                0x08000dc4       0x94 ..\obj\main.o
                0x08000dc4                MenuSettingsSaveMenuPosWhenOFF
 .text.BUT_Debrief
                0x08000e58       0x60 ..\obj\main.o
                0x08000e58                BUT_Debrief
 .text.BUT_GetKey
                0x08000eb8       0x14 ..\obj\main.o
                0x08000eb8                BUT_GetKey
 .text.TIM1_UP_TIM16_IRQHandler
                0x08000ecc       0x8c ..\obj\main.o
                0x08000ecc                TIM1_UP_TIM16_IRQHandler
 .text.Start_Timer_sec
                0x08000f58       0x14 ..\obj\main.o
                0x08000f58                Start_Timer_sec
 .text.ReStart_Timer_sec
                0x08000f6c       0x14 ..\obj\main.o
                0x08000f6c                ReStart_Timer_sec
 .text.ClockOnLCD
                0x08000f80       0x9c ..\obj\main.o
                0x08000f80                ClockOnLCD
 .text.ClockOnLCD_noSec
                0x0800101c       0x6c ..\obj\main.o
                0x0800101c                ClockOnLCD_noSec
 .text.OUT_OFF  0x08001088       0x30 ..\obj\main.o
                0x08001088                OUT_OFF
 .text.OUT_ON   0x080010b8       0x2c ..\obj\main.o
                0x080010b8                OUT_ON
 .text.MenuCalibration_Resist_Comp_5V1A
                0x080010e4       0xa8 ..\obj\main.o
                0x080010e4                MenuCalibration_Resist_Comp_5V1A
 .text.MenuCalibration_VoltageIn
                0x0800118c       0x74 ..\obj\main.o
                0x0800118c                MenuCalibration_VoltageIn
 .text.MenuCalibration_VoltageOut
                0x08001200       0x74 ..\obj\main.o
                0x08001200                MenuCalibration_VoltageOut
 .text.MenuCalibration_VoltagePS
                0x08001274       0x74 ..\obj\main.o
                0x08001274                MenuCalibration_VoltagePS
 .text.MenuCalibration_CURRENT_Out
                0x080012e8       0x74 ..\obj\main.o
                0x080012e8                MenuCalibration_CURRENT_Out
 .text.MenuPowerSupply
                0x0800135c       0xc8 ..\obj\main.o
                0x0800135c                MenuPowerSupply
 .text.OUT_ON_OFF_Toggle
                0x08001424       0x14 ..\obj\main.o
                0x08001424                OUT_ON_OFF_Toggle
 .text.LOAD1_ON
                0x08001438       0x30 ..\obj\main.o
                0x08001438                LOAD1_ON
 .text.discharge
                0x08001468        0xe ..\obj\main.o
                0x08001468                discharge
 *fill*         0x08001476        0x2 00
 .text.MenuCalibration_CURRENT_Load
                0x08001478       0x74 ..\obj\main.o
                0x08001478                MenuCalibration_CURRENT_Load
 .text.LOAD1_OFF
                0x080014ec       0x30 ..\obj\main.o
                0x080014ec                LOAD1_OFF
 .text.OFF      0x0800151c        0xe ..\obj\main.o
                0x0800151c                OFF
 *fill*         0x0800152a        0x2 00
 .text.All_OUT_OFF_When_Power_OFF
                0x0800152c       0x54 ..\obj\main.o
                0x0800152c                All_OUT_OFF_When_Power_OFF
 .text.TIM7_IRQHandler
                0x08001580       0x28 ..\obj\main.o
                0x08001580                TIM7_IRQHandler
 .text.MenuDisCharge
                0x080015a8      0x1f0 ..\obj\main.o
                0x080015a8                MenuDisCharge
 .text.MenuLoad
                0x08001798       0xb4 ..\obj\main.o
                0x08001798                MenuLoad
 .text.charge   0x0800184c        0xe ..\obj\main.o
                0x0800184c                charge
 *fill*         0x0800185a        0x2 00
 .text.MenuSwing
                0x0800185c      0x1ec ..\obj\main.o
                0x0800185c                MenuSwing
 .text.MenuTraining
                0x08001a48      0x310 ..\obj\main.o
                0x08001a48                MenuTraining
 .text.MenuChargeAdapt
                0x08001d58      0x268 ..\obj\main.o
                0x08001d58                MenuChargeAdapt
 .text.MenuChargeCC_CV
                0x08001fc0      0x1e0 ..\obj\main.o
                0x08001fc0                MenuChargeCC_CV
 .text.LOAD1_ON_OFF_Toggle
                0x080021a0       0x14 ..\obj\main.o
                0x080021a0                LOAD1_ON_OFF_Toggle
 .text.MenuDIAGNOSTIC
                0x080021b4      0x270 ..\obj\main.o
                0x080021b4                MenuDIAGNOSTIC
 .text.startup.main
                0x08002424      0x308 ..\obj\main.o
                0x08002424                main
 .text.ADC1_CH_DMA_Config
                0x0800272c      0x144 ..\obj\ADC.o
                0x0800272c                ADC1_CH_DMA_Config
 .text.init_timer3
                0x08002870       0x4c ..\obj\ADC.o
                0x08002870                init_timer3
 .text.MedianFilter
                0x080028bc       0x98 ..\obj\ADC.o
                0x080028bc                MedianFilter
 .text.MedianFilter1
                0x08002954       0x9c ..\obj\ADC.o
                0x08002954                MedianFilter1
 .text.MedianFilter2
                0x080029f0       0x9c ..\obj\ADC.o
                0x080029f0                MedianFilter2
 .text.middle_of_3Imax
                0x08002a8c       0x44 ..\obj\ADC.o
                0x08002a8c                middle_of_3Imax
 .text.middle_of_3Umax
                0x08002ad0       0x44 ..\obj\ADC.o
                0x08002ad0                middle_of_3Umax
 .text.TIM3_IRQHandler
                0x08002b14      0x1fc ..\obj\ADC.o
                0x08002b14                TIM3_IRQHandler
 .text.RCC_ADCCLKConfig
                0x08002d10       0x14 ..\obj\stm32f10x_rcc.o
                0x08002d10                RCC_ADCCLKConfig
 .text.RCC_GetClocksFreq
                0x08002d24       0x90 ..\obj\stm32f10x_rcc.o
                0x08002d24                RCC_GetClocksFreq
 .text.RCC_AHBPeriphClockCmd
                0x08002db4       0x18 ..\obj\stm32f10x_rcc.o
                0x08002db4                RCC_AHBPeriphClockCmd
 .text.RCC_APB2PeriphClockCmd
                0x08002dcc       0x18 ..\obj\stm32f10x_rcc.o
                0x08002dcc                RCC_APB2PeriphClockCmd
 .text.RCC_APB1PeriphClockCmd
                0x08002de4       0x18 ..\obj\stm32f10x_rcc.o
                0x08002de4                RCC_APB1PeriphClockCmd
 .text.Init_Out
                0x08002dfc       0x98 ..\obj\Init_.o
                0x08002dfc                Init_Out
 .text.Init_button
                0x08002e94       0x68 ..\obj\Init_.o
                0x08002e94                Init_button
 .text.init_timer7
                0x08002efc       0x4c ..\obj\Init_.o
                0x08002efc                init_timer7
 .text.init_timer16
                0x08002f48       0x58 ..\obj\Init_.o
                0x08002f48                init_timer16
 .text.Initialization
                0x08002fa0       0x42 ..\obj\Init_.o
                0x08002fa0                Initialization
 *fill*         0x08002fe2        0x2 00
 .text.ADC_Init
                0x08002fe4       0x48 ..\obj\stm32f10x_adc.o
                0x08002fe4                ADC_Init
 .text.ADC_Cmd  0x0800302c       0x12 ..\obj\stm32f10x_adc.o
                0x0800302c                ADC_Cmd
 .text.ADC_DMACmd
                0x0800303e       0x12 ..\obj\stm32f10x_adc.o
                0x0800303e                ADC_DMACmd
 .text.ADC_ResetCalibration
                0x08003050        0xa ..\obj\stm32f10x_adc.o
                0x08003050                ADC_ResetCalibration
 .text.ADC_GetResetCalibrationStatus
                0x0800305a        0x8 ..\obj\stm32f10x_adc.o
                0x0800305a                ADC_GetResetCalibrationStatus
 .text.ADC_StartCalibration
                0x08003062        0xa ..\obj\stm32f10x_adc.o
                0x08003062                ADC_StartCalibration
 .text.ADC_GetCalibrationStatus
                0x0800306c        0x8 ..\obj\stm32f10x_adc.o
                0x0800306c                ADC_GetCalibrationStatus
 .text.ADC_SoftwareStartConvCmd
                0x08003074       0x12 ..\obj\stm32f10x_adc.o
                0x08003074                ADC_SoftwareStartConvCmd
 .text.ADC_RegularChannelConfig
                0x08003086       0x9c ..\obj\stm32f10x_adc.o
                0x08003086                ADC_RegularChannelConfig
 *fill*         0x08003122        0x2 00
 .text.ADC_TempSensorVrefintCmd
                0x08003124       0x18 ..\obj\stm32f10x_adc.o
                0x08003124                ADC_TempSensorVrefintCmd
 .text.USART_Init
                0x0800313c       0xb0 ..\obj\stm32f10x_usart.o
                0x0800313c                USART_Init
 .text.USART_Cmd
                0x080031ec       0x18 ..\obj\stm32f10x_usart.o
                0x080031ec                USART_Cmd
 .text.USART_ITConfig
                0x08003204       0x32 ..\obj\stm32f10x_usart.o
                0x08003204                USART_ITConfig
 .text.USART_SendData
                0x08003236        0x8 ..\obj\stm32f10x_usart.o
                0x08003236                USART_SendData
 .text.USART_GetFlagStatus
                0x0800323e        0xc ..\obj\stm32f10x_usart.o
                0x0800323e                USART_GetFlagStatus
 *fill*         0x0800324a        0x2 00
 .text.itoa     0x0800324c       0x74 ..\obj\Lib.o
                0x0800324c                itoa
 .text.itoa_koma
                0x080032c0       0xd4 ..\obj\Lib.o
                0x080032c0                itoa_koma
 .text.Module16
                0x08003394        0xc ..\obj\Lib.o
                0x08003394                Module16
 .text.strlen1  0x080033a0       0x12 ..\obj\Lib.o
                0x080033a0                strlen1
 .text.DMA_Init
                0x080033b2       0x3c ..\obj\stm32f10x_dma.o
                0x080033b2                DMA_Init
 .text.DMA_Cmd  0x080033ee       0x16 ..\obj\stm32f10x_dma.o
                0x080033ee                DMA_Cmd
 .text.DMA_ITConfig
                0x08003404       0x10 ..\obj\stm32f10x_dma.o
                0x08003404                DMA_ITConfig
 .text.DMA_ClearFlag
                0x08003414       0x14 ..\obj\stm32f10x_dma.o
                0x08003414                DMA_ClearFlag
 .text.DMA_ClearITPendingBit
                0x08003428       0x14 ..\obj\stm32f10x_dma.o
                0x08003428                DMA_ClearITPendingBit
 .text.NVIC_Init
                0x0800343c       0x64 ..\obj\misc.o
                0x0800343c                NVIC_Init
 .text.flash_erase_page
                0x080034a0       0x44 ..\obj\Eeprom.o
                0x080034a0                flash_erase_page
 .text.flash_unlock
                0x080034e4       0x18 ..\obj\Eeprom.o
                0x080034e4                flash_unlock
 .text.flash_lock
                0x080034fc       0x10 ..\obj\Eeprom.o
                0x080034fc                flash_lock
 .text.flash_write
                0x0800350c       0x50 ..\obj\Eeprom.o
                0x0800350c                flash_write
 .text.flash_read
                0x0800355c       0x18 ..\obj\Eeprom.o
                0x0800355c                flash_read
 .text.EEpromWrite
                0x08003574       0xbc ..\obj\Eeprom.o
                0x08003574                EEpromWrite
 .text.FactoryEEpromWrite
                0x08003630       0xbc ..\obj\Eeprom.o
                0x08003630                FactoryEEpromWrite
 .text.ReadFromEEprom
                0x080036ec      0x11c ..\obj\Eeprom.o
                0x080036ec                ReadFromEEprom
 .text.USART1Init
                0x08003808       0x98 ..\obj\usart.o
                0x08003808                USART1Init
 .text.PutChar  0x080038a0       0x34 ..\obj\usart.o
                0x080038a0                PutChar
 .text.USART1_IRQHandler
                0x080038d4       0x74 ..\obj\usart.o
                0x080038d4                USART1_IRQHandler
 .text.Print_to_USART1
                0x08003948       0x40 ..\obj\usart.o
                0x08003948                Print_to_USART1
 .text.TransmitChar
                0x08003988       0x20 ..\obj\usart.o
                0x08003988                TransmitChar
 .text.TransmitString
                0x080039a8       0x20 ..\obj\usart.o
                0x080039a8                TransmitString
 .text.Print_to_USART1_d
                0x080039c8       0x30 ..\obj\usart.o
                0x080039c8                Print_to_USART1_d
 *(.init)
 *(.fini)
 *crtbegin.o(.ctors)
 *crtbegin?.o(.ctors)
 *(EXCLUDE_FILE(*crtend.o *crtend?.o) .ctors)
 *(SORT(.ctors.*))
 *(.ctors)
 *crtbegin.o(.dtors)
 *crtbegin?.o(.dtors)
 *(EXCLUDE_FILE(*crtend.o *crtend?.o) .dtors)
 *(SORT(.dtors.*))
 *(.dtors)
 *(.rodata*)
 .rodata        0x080039f8       0x18 ..\obj\MicroMenu2_1.o
                0x080039f8                NULL_MENU
 .rodata.str1.1
                0x08003a10      0x1ae ..\obj\General.o
                                0x1b6 (size before relaxing)
 *fill*         0x08003bbe        0x2 00
 .rodata        0x08003bc0      0x8c0 ..\obj\main.o
                0x08003bc0                Menu_2_1
                0x08003bec                Menu_3_1
                0x08003c18                Menu_4_1
                0x08003c44                Menu_5_1
                0x08003c70                Menu_6_1
                0x08003c9c                Menu_7_1
                0x08003cc8                Menu_8_1
                0x08003cf4                Menu_9_1
                0x08003d20                Menu_10_2_1
                0x08003d4c                Menu_10_1_1
                0x08003d78                Menu_10_4_1
                0x08003da4                Menu_10_3_1
                0x08003dd0                Menu_10_7_1
                0x08003dec                Menu_10_6_1
                0x08003e18                Menu_10_5_1
                0x08003e44                Menu_10_8_1
                0x08003e60                Menu_10_9_1
                0x08003e7c                Menu_1_1_1
                0x08003ea8                Menu_1_2_1
                0x08003ed4                Menu_1_3_1
                0x08003f00                Menu_1_4_1
                0x08003f2c                Menu_1_5_1
                0x08003f58                Menu_1_6_1
                0x08003f84                Menu_1_S_1
                0x08003fb0                Menu_10_10
                0x08003fdc                Menu_10_9
                0x08004008                Menu_10_8
                0x08004034                Menu_10_7
                0x08004060                Menu_10_6
                0x0800408c                Menu_10_5
                0x080040b8                Menu_10_4
                0x080040e4                Menu_10_3
                0x08004110                Menu_10_2
                0x0800413c                Menu_10_1
                0x08004168                Menu_1_7
                0x08004194                Menu_1_S
                0x080041c0                Menu_1_6
                0x080041ec                Menu_1_5
                0x08004218                Menu_1_4
                0x08004244                Menu_1_3
                0x08004270                Menu_1_2
                0x0800429c                Menu_1_1
                0x080042c8                Menu_10
                0x080042f4                Menu_9
                0x08004320                Menu_8
                0x0800434c                Menu_7
                0x08004378                Menu_6
                0x080043a4                Menu_5
                0x080043d0                Menu_4
                0x080043fc                Menu_3
                0x08004428                Menu_2
                0x08004454                Menu_1
 .rodata.str1.1
                0x08004480      0x1e9 ..\obj\main.o
                                0x1fe (size before relaxing)
 .rodata.str1.1
                0x08004669       0x5c ..\obj\Eeprom.o
 *(.eh_fram e*)

.glue_7         0x080046c8        0x0
 .glue_7        0x00000000        0x0 linker stubs

.glue_7t        0x080046c8        0x0
 .glue_7t       0x00000000        0x0 linker stubs

.vfp11_veneer   0x080046c8        0x0
 .vfp11_veneer  0x00000000        0x0 linker stubs

.v4_bx          0x080046c8        0x0
 .v4_bx         0x00000000        0x0 linker stubs

.ARM.extab
 *(.ARM.extab* .gnu.linkonce.armextab.*)
                0x080046c8                __exidx_start = .

.ARM.exidx
 *(.ARM.exidx* .gnu.linkonce.armexidx.*)
                0x080046c8                __exidx_end = .
                0x080046c8                __etext = .
                0x080046c5                _sidata = __etext

.data           0x20000000      0x198 load address 0x080046c5
                0x20000000                __data_start__ = .
                0x20000000                _sdata = __data_start__
 *(vtable)
 *(.data*)
 .data          0x20000000        0x4 ..\obj\MicroMenu2_1.o
 .data          0x20000004      0x120 ..\obj\General.o
                0x20000004                SaveData
                0x20000094                FactorySaveData
 .data          0x20000124       0x20 ..\obj\hd44780_driver.o
                0x20000124                russ
 .data          0x20000144       0x18 ..\obj\main.o
                0x20000149                Version
                0x20000159                ChargedStatus
 .data          0x2000015c       0x24 ..\obj\ADC.o
 .data          0x20000180       0x14 ..\obj\stm32f10x_rcc.o
 .data          0x20000194        0x1 ..\obj\Eeprom.o
                0x20000198                . = ALIGN (0x4)
 *fill*         0x20000195        0x3 00
                0x20000198                PROVIDE (__preinit_array_start, .)
 *(.preinit_array)
                0x20000198                PROVIDE (__preinit_array_end, .)
                0x20000198                . = ALIGN (0x4)
                0x20000198                PROVIDE (__init_array_start, .)
 *(SORT(.init_array.*))
 *(.init_array)
                0x20000198                PROVIDE (__init_array_end, .)
                0x20000198                . = ALIGN (0x4)
                0x20000198                PROVIDE (__fini_array_start, .)
 *(SORT(.fini_array.*))
 *(.fini_array)
                0x20000198                PROVIDE (__fini_array_end, .)
 *(.jcr*)
                0x20000198                . = ALIGN (0x4)
                0x20000198                __data_end__ = .
                0x20000198                _edata = __data_end__

.bss            0x20000198      0x5c8 load address 0x08004860
                0x20000198                . = ALIGN (0x4)
                0x20000198                __bss_start__ = .
                0x20000198                _sbss = __bss_start__
 *(.bss*)
 .bss           0x20000198        0x4 ..\obj\MicroMenu2_1.o
 .bss           0x2000019c        0x6 ..\obj\General.o
                0x2000019c                Current_Out
                0x2000019e                Current_load
                0x200001a0                U_OUT_ForSetResistance
 .bss           0x200001a2        0x2 ..\obj\hd44780_driver.o
                0x200001a2                pos_x
                0x200001a3                pos_y
 .bss           0x200001a4       0x68 ..\obj\main.o
                0x200001a4                comp
                0x200001a6                pressedKey
                0x200001a8                PowerOffTimesec
                0x200001ac                BatteryCapacityDischargeCurrent
                0x200001b0                BatteryCapacityCharge
                0x200001b4                ChargeStatusForTimer
                0x200001b8                ChargeTimeSec
                0x200001bc                DisChargeStatusForTimer
                0x200001c0                DischargeTimeSec
                0x200001c4                Status_Timer_Sec
                0x200001c8                Timer_Sec
                0x200001cc                time_sec
                0x200001d0                On_off
                0x200001d1                Status_Out
                0x200001d2                entered_in_charge_discharge_menu
                0x200001d3                Status_Load
                0x200001d4                InitiStatus
                0x200001d5                BatteryLow
                0x200001d6                U_BatteryTmp
                0x200001d8                U_Battery_Timer
                0x200001dc                CountShow
                0x200001dd                Blink_message_counter
                0x200001e0                DischargeTimeSec_Previous
                0x200001e4                BATERYSTATUS
                0x200001e5                CountShow1
                0x200001e8                BatteryCapacityDischargeCurrentAfterPOwerUp
                0x200001ec                OffCurrentStatus
                0x200001ed                BatteryVeryLow
                0x200001f0                OffCurrent_Timer
                0x200001f4                VeryLowBattery_Timer
                0x200001f8                SwingtimeSec
                0x200001fc                PopUpMessage
                0x20000200                time_hour
                0x20000204                time_min
                0x20000208                sec
 .bss           0x2000020c      0x384 ..\obj\ADC.o
                0x20000574                CurrentTimer
                0x20000578                U_PS
                0x2000057a                U_Controller
                0x2000057c                U_OUT
                0x2000057e                U_IN
                0x20000580                Current
                0x20000582                HighCurrentStatus
                0x20000584                OffTimer
                0x20000588                U_5V
                0x2000058a                U_5V_1Wire
                0x2000058c                U_12V
                0x2000058e                Temperature
 .bss           0x20000590       0x21 ..\obj\Lib.o
 .bss           0x200005b1        0x6 ..\obj\usart.o
                0x200005b1                RXcount
                0x200005b2                RXtail
                0x200005b3                TXcount
                0x200005b4                TXhead
                0x200005b5                TXtail
                0x200005b6                RXhead
 *(COMMON)
 *fill*         0x200005b7        0x1 00
 COMMON         0x200005b8       0x18 ..\obj\main.o
                0x200005b8                ChargeDurationSec
                0x200005bc                RegularConvData
                0x200005cc                SelectedOptionValue
 COMMON         0x200005d0      0x190 ..\obj\usart.o
                0x200005d0                RXBuf
                0x20000698                TXBuf
                0x20000760                . = ALIGN (0x4)
                0x20000760                __bss_end__ = .
                0x20000760                _ebss = __bss_end__

.heap           0x20000760        0x0
                0x20000760                __end__ = .
                0x20000760                _end = __end__
                0x20000760                end = __end__
 *(.heap*)
                0x20000760                __HeapLimit = .

.co_stack       0x20000760      0x400 load address 0x08004e28
                0x20000760                . = ALIGN (0x8)
 *(.co_stack .co_stack.*)
 .co_stack      0x20000760      0x400 ..\obj\startup_stm32f10x_ld_vl.o
                0x20000760                pulStack
                0x20002000                __StackTop = (ORIGIN (ram) + 0x2000)
                0x20001c00                __StackLimit = (__StackTop - SIZEOF (.co_stack))
                0x20002000                PROVIDE (__stack, __StackTop)
                0x00000001                ASSERT ((__StackLimit >= __HeapLimit), region ram  overflowed with stack)
LOAD ..\obj\MicroMenu2_1.o
LOAD ..\obj\stm32f10x_tim.o
LOAD ..\obj\startup_stm32f10x_ld_vl.o
LOAD ..\obj\General.o
LOAD ..\obj\system_stm32f10x.o
LOAD ..\obj\hd44780_driver.o
LOAD ..\obj\stm32f10x_gpio.o
LOAD ..\obj\main.o
LOAD ..\obj\ADC.o
LOAD ..\obj\stm32f10x_rcc.o
LOAD ..\obj\Init_.o
LOAD ..\obj\stm32f10x_adc.o
LOAD ..\obj\stm32f10x_usart.o
LOAD ..\obj\Lib.o
LOAD ..\obj\stm32f10x_dma.o
LOAD ..\obj\misc.o
LOAD ..\obj\Eeprom.o
LOAD ..\obj\usart.o
START GROUP
LOAD c:/program files (x86)/gnu tools arm embedded/4.6 2012q4/bin/../lib/gcc/arm-none-eabi/4.6.2/armv7-m\libgcc.a
LOAD c:/program files (x86)/gnu tools arm embedded/4.6 2012q4/bin/../lib/gcc/arm-none-eabi/4.6.2/../../../../arm-none-eabi/lib/armv7-m\libg.a
LOAD c:/program files (x86)/gnu tools arm embedded/4.6 2012q4/bin/../lib/gcc/arm-none-eabi/4.6.2/../../../../arm-none-eabi/lib/armv7-m\libc.a
END GROUP
OUTPUT(BMS.elf elf32-littlearm)

.debug_info     0x00000000     0xa8d6
 .debug_info    0x00000000      0x238 ..\obj\MicroMenu2_1.o
 .debug_info    0x00000238     0x1eb4 ..\obj\stm32f10x_tim.o
 .debug_info    0x000020ec      0x140 ..\obj\startup_stm32f10x_ld_vl.o
 .debug_info    0x0000222c      0x35a ..\obj\General.o
 .debug_info    0x00002586      0x49c ..\obj\system_stm32f10x.o
 .debug_info    0x00002a22      0x694 ..\obj\hd44780_driver.o
 .debug_info    0x000030b6      0x724 ..\obj\stm32f10x_gpio.o
 .debug_info    0x000037da     0x1b44 ..\obj\main.o
 .debug_info    0x0000531e     0x1387 ..\obj\ADC.o
 .debug_info    0x000066a5      0x973 ..\obj\stm32f10x_rcc.o
 .debug_info    0x00007018      0x85e ..\obj\Init_.o
 .debug_info    0x00007876      0xc02 ..\obj\stm32f10x_adc.o
 .debug_info    0x00008478      0xa5f ..\obj\stm32f10x_usart.o
 .debug_info    0x00008ed7      0x2ad ..\obj\Lib.o
 .debug_info    0x00009184      0x4a0 ..\obj\stm32f10x_dma.o
 .debug_info    0x00009624      0x594 ..\obj\misc.o
 .debug_info    0x00009bb8      0x557 ..\obj\Eeprom.o
 .debug_info    0x0000a10f      0x7c7 ..\obj\usart.o

.debug_abbrev   0x00000000     0x1ed2
 .debug_abbrev  0x00000000      0x147 ..\obj\MicroMenu2_1.o
 .debug_abbrev  0x00000147      0x272 ..\obj\stm32f10x_tim.o
 .debug_abbrev  0x000003b9       0xb0 ..\obj\startup_stm32f10x_ld_vl.o
 .debug_abbrev  0x00000469       0xa4 ..\obj\General.o
 .debug_abbrev  0x0000050d      0x17b ..\obj\system_stm32f10x.o
 .debug_abbrev  0x00000688      0x28c ..\obj\hd44780_driver.o
 .debug_abbrev  0x00000914      0x1d9 ..\obj\stm32f10x_gpio.o
 .debug_abbrev  0x00000aed      0x337 ..\obj\main.o
 .debug_abbrev  0x00000e24      0x2b7 ..\obj\ADC.o
 .debug_abbrev  0x000010db      0x1d0 ..\obj\stm32f10x_rcc.o
 .debug_abbrev  0x000012ab      0x170 ..\obj\Init_.o
 .debug_abbrev  0x0000141b      0x1cf ..\obj\stm32f10x_adc.o
 .debug_abbrev  0x000015ea      0x1b8 ..\obj\stm32f10x_usart.o
 .debug_abbrev  0x000017a2       0xf6 ..\obj\Lib.o
 .debug_abbrev  0x00001898      0x174 ..\obj\stm32f10x_dma.o
 .debug_abbrev  0x00001a0c      0x14c ..\obj\misc.o
 .debug_abbrev  0x00001b58      0x198 ..\obj\Eeprom.o
 .debug_abbrev  0x00001cf0      0x1e2 ..\obj\usart.o

.debug_loc      0x00000000     0x495e
 .debug_loc     0x00000000       0xcb ..\obj\MicroMenu2_1.o
 .debug_loc     0x000000cb     0x1489 ..\obj\stm32f10x_tim.o
 .debug_loc     0x00001554       0x33 ..\obj\startup_stm32f10x_ld_vl.o
 .debug_loc     0x00001587       0x20 ..\obj\General.o
 .debug_loc     0x000015a7      0x13e ..\obj\system_stm32f10x.o
 .debug_loc     0x000016e5      0x4d9 ..\obj\hd44780_driver.o
 .debug_loc     0x00001bbe      0x439 ..\obj\stm32f10x_gpio.o
 .debug_loc     0x00001ff7      0x841 ..\obj\main.o
 .debug_loc     0x00002838      0x5ce ..\obj\ADC.o
 .debug_loc     0x00002e06      0x5c1 ..\obj\stm32f10x_rcc.o
 .debug_loc     0x000033c7       0xa0 ..\obj\Init_.o
 .debug_loc     0x00003467      0x81e ..\obj\stm32f10x_adc.o
 .debug_loc     0x00003c85      0x59a ..\obj\stm32f10x_usart.o
 .debug_loc     0x0000421f      0x235 ..\obj\Lib.o
 .debug_loc     0x00004454      0x142 ..\obj\stm32f10x_dma.o
 .debug_loc     0x00004596      0x125 ..\obj\misc.o
 .debug_loc     0x000046bb       0xcc ..\obj\Eeprom.o
 .debug_loc     0x00004787      0x1d7 ..\obj\usart.o

.debug_aranges  0x00000000      0xc60
 .debug_aranges
                0x00000000       0x38 ..\obj\MicroMenu2_1.o
 .debug_aranges
                0x00000038      0x2e0 ..\obj\stm32f10x_tim.o
 .debug_aranges
                0x00000318       0x28 ..\obj\startup_stm32f10x_ld_vl.o
 .debug_aranges
                0x00000340       0x20 ..\obj\General.o
 .debug_aranges
                0x00000360       0x28 ..\obj\system_stm32f10x.o
 .debug_aranges
                0x00000388       0xb8 ..\obj\hd44780_driver.o
 .debug_aranges
                0x00000440       0xa8 ..\obj\stm32f10x_gpio.o
 .debug_aranges
                0x000004e8      0x1d0 ..\obj\main.o
 .debug_aranges
                0x000006b8       0x60 ..\obj\ADC.o
 .debug_aranges
                0x00000718      0x120 ..\obj\stm32f10x_rcc.o
 .debug_aranges
                0x00000838       0x40 ..\obj\Init_.o
 .debug_aranges
                0x00000878      0x138 ..\obj\stm32f10x_adc.o
 .debug_aranges
                0x000009b0      0x100 ..\obj\stm32f10x_usart.o
 .debug_aranges
                0x00000ab0       0x48 ..\obj\Lib.o
 .debug_aranges
                0x00000af8       0x70 ..\obj\stm32f10x_dma.o
 .debug_aranges
                0x00000b68       0x40 ..\obj\misc.o
 .debug_aranges
                0x00000ba8       0x60 ..\obj\Eeprom.o
 .debug_aranges
                0x00000c08       0x58 ..\obj\usart.o

.debug_ranges   0x00000000      0xbe8
 .debug_ranges  0x00000000       0x28 ..\obj\MicroMenu2_1.o
 .debug_ranges  0x00000028      0x330 ..\obj\stm32f10x_tim.o
 .debug_ranges  0x00000358       0x18 ..\obj\startup_stm32f10x_ld_vl.o
 .debug_ranges  0x00000370       0x10 ..\obj\General.o
 .debug_ranges  0x00000380       0x18 ..\obj\system_stm32f10x.o
 .debug_ranges  0x00000398       0xa8 ..\obj\hd44780_driver.o
 .debug_ranges  0x00000440       0x98 ..\obj\stm32f10x_gpio.o
 .debug_ranges  0x000004d8      0x1f0 ..\obj\main.o
 .debug_ranges  0x000006c8       0x68 ..\obj\ADC.o
 .debug_ranges  0x00000730      0x110 ..\obj\stm32f10x_rcc.o
 .debug_ranges  0x00000840       0x30 ..\obj\Init_.o
 .debug_ranges  0x00000870      0x128 ..\obj\stm32f10x_adc.o
 .debug_ranges  0x00000998       0xf0 ..\obj\stm32f10x_usart.o
 .debug_ranges  0x00000a88       0x38 ..\obj\Lib.o
 .debug_ranges  0x00000ac0       0x60 ..\obj\stm32f10x_dma.o
 .debug_ranges  0x00000b20       0x30 ..\obj\misc.o
 .debug_ranges  0x00000b50       0x50 ..\obj\Eeprom.o
 .debug_ranges  0x00000ba0       0x48 ..\obj\usart.o

.debug_line     0x00000000     0x4e7d
 .debug_line    0x00000000      0x144 ..\obj\MicroMenu2_1.o
 .debug_line    0x00000144      0xb6b ..\obj\stm32f10x_tim.o
 .debug_line    0x00000caf       0xc6 ..\obj\startup_stm32f10x_ld_vl.o
 .debug_line    0x00000d75      0x1ee ..\obj\General.o
 .debug_line    0x00000f63      0x24f ..\obj\system_stm32f10x.o
 .debug_line    0x000011b2      0x4eb ..\obj\hd44780_driver.o
 .debug_line    0x0000169d      0x416 ..\obj\stm32f10x_gpio.o
 .debug_line    0x00001ab3      0xc02 ..\obj\main.o
 .debug_line    0x000026b5      0x555 ..\obj\ADC.o
 .debug_line    0x00002c0a      0x50d ..\obj\stm32f10x_rcc.o
 .debug_line    0x00003117      0x343 ..\obj\Init_.o
 .debug_line    0x0000345a      0x58d ..\obj\stm32f10x_adc.o
 .debug_line    0x000039e7      0x534 ..\obj\stm32f10x_usart.o
 .debug_line    0x00003f1b      0x28b ..\obj\Lib.o
 .debug_line    0x000041a6      0x35b ..\obj\stm32f10x_dma.o
 .debug_line    0x00004501      0x2a6 ..\obj\misc.o
 .debug_line    0x000047a7      0x36c ..\obj\Eeprom.o
 .debug_line    0x00004b13      0x36a ..\obj\usart.o

.debug_str      0x00000000     0x3ed7
 .debug_str     0x00000000      0x199 ..\obj\MicroMenu2_1.o
                                0x1be (size before relaxing)
 .debug_str     0x00000199      0xca5 ..\obj\stm32f10x_tim.o
                                0xda6 (size before relaxing)
 .debug_str     0x00000e3e       0xda ..\obj\startup_stm32f10x_ld_vl.o
                                0x142 (size before relaxing)
 .debug_str     0x00000f18      0x4fb ..\obj\General.o
                                0x612 (size before relaxing)
 .debug_str     0x00001413      0x189 ..\obj\system_stm32f10x.o
                                0x2a3 (size before relaxing)
 .debug_str     0x0000159c      0x24c ..\obj\hd44780_driver.o
                                0x360 (size before relaxing)
 .debug_str     0x000017e8      0x38e ..\obj\stm32f10x_gpio.o
                                0x4e2 (size before relaxing)
 .debug_str     0x00001b76      0x91b ..\obj\main.o
                               0x10e2 (size before relaxing)
 .debug_str     0x00002491      0x683 ..\obj\ADC.o
                                0xf4d (size before relaxing)
 .debug_str     0x00002b14      0x444 ..\obj\stm32f10x_rcc.o
                                0x636 (size before relaxing)
 .debug_str     0x00002f58       0xa0 ..\obj\Init_.o
                                0x69d (size before relaxing)
 .debug_str     0x00002ff8      0x493 ..\obj\stm32f10x_adc.o
                                0x6c4 (size before relaxing)
 .debug_str     0x0000348b      0x44f ..\obj\stm32f10x_usart.o
                                0x659 (size before relaxing)
 .debug_str     0x000038da       0x96 ..\obj\Lib.o
                                0x1a6 (size before relaxing)
 .debug_str     0x00003970      0x166 ..\obj\stm32f10x_dma.o
                                0x38a (size before relaxing)
 .debug_str     0x00003ad6      0x1b9 ..\obj\misc.o
                                0x392 (size before relaxing)
 .debug_str     0x00003c8f      0x126 ..\obj\Eeprom.o
                                0x6f3 (size before relaxing)
 .debug_str     0x00003db5      0x122 ..\obj\usart.o
                                0x77b (size before relaxing)

.comment        0x00000000       0x70
 .comment       0x00000000       0x70 ..\obj\MicroMenu2_1.o
                                 0x71 (size before relaxing)
 .comment       0x00000000       0x71 ..\obj\stm32f10x_tim.o
 .comment       0x00000000       0x71 ..\obj\startup_stm32f10x_ld_vl.o
 .comment       0x00000000       0x71 ..\obj\General.o
 .comment       0x00000000       0x71 ..\obj\system_stm32f10x.o
 .comment       0x00000000       0x71 ..\obj\hd44780_driver.o
 .comment       0x00000000       0x71 ..\obj\stm32f10x_gpio.o
 .comment       0x00000000       0x71 ..\obj\main.o
 .comment       0x00000000       0x71 ..\obj\ADC.o
 .comment       0x00000000       0x71 ..\obj\stm32f10x_rcc.o
 .comment       0x00000000       0x71 ..\obj\Init_.o
 .comment       0x00000000       0x71 ..\obj\stm32f10x_adc.o
 .comment       0x00000000       0x71 ..\obj\stm32f10x_usart.o
 .comment       0x00000000       0x71 ..\obj\Lib.o
 .comment       0x00000000       0x71 ..\obj\stm32f10x_dma.o
 .comment       0x00000000       0x71 ..\obj\misc.o
 .comment       0x00000000       0x71 ..\obj\Eeprom.o
 .comment       0x00000000       0x71 ..\obj\usart.o

.ARM.attributes
                0x00000000       0x33
 .ARM.attributes
                0x00000000       0x33 ..\obj\MicroMenu2_1.o
 .ARM.attributes
                0x00000033       0x33 ..\obj\stm32f10x_tim.o
 .ARM.attributes
                0x00000066       0x33 ..\obj\startup_stm32f10x_ld_vl.o
 .ARM.attributes
                0x00000099       0x33 ..\obj\General.o
 .ARM.attributes
                0x000000cc       0x33 ..\obj\system_stm32f10x.o
 .ARM.attributes
                0x000000ff       0x33 ..\obj\hd44780_driver.o
 .ARM.attributes
                0x00000132       0x33 ..\obj\stm32f10x_gpio.o
 .ARM.attributes
                0x00000165       0x33 ..\obj\main.o
 .ARM.attributes
                0x00000198       0x33 ..\obj\ADC.o
 .ARM.attributes
                0x000001cb       0x33 ..\obj\stm32f10x_rcc.o
 .ARM.attributes
                0x000001fe       0x33 ..\obj\Init_.o
 .ARM.attributes
                0x00000231       0x33 ..\obj\stm32f10x_adc.o
 .ARM.attributes
                0x00000264       0x33 ..\obj\stm32f10x_usart.o
 .ARM.attributes
                0x00000297       0x33 ..\obj\Lib.o
 .ARM.attributes
                0x000002ca       0x33 ..\obj\stm32f10x_dma.o
 .ARM.attributes
                0x000002fd       0x33 ..\obj\misc.o
 .ARM.attributes
                0x00000330       0x33 ..\obj\Eeprom.o
 .ARM.attributes
                0x00000363       0x33 ..\obj\usart.o

.debug_frame    0x00000000     0x1b48
 .debug_frame   0x00000000       0x60 ..\obj\MicroMenu2_1.o
 .debug_frame   0x00000060      0x65c ..\obj\stm32f10x_tim.o
 .debug_frame   0x000006bc       0x38 ..\obj\startup_stm32f10x_ld_vl.o
 .debug_frame   0x000006f4       0x28 ..\obj\General.o
 .debug_frame   0x0000071c       0x34 ..\obj\system_stm32f10x.o
 .debug_frame   0x00000750      0x1ec ..\obj\hd44780_driver.o
 .debug_frame   0x0000093c      0x174 ..\obj\stm32f10x_gpio.o
 .debug_frame   0x00000ab0      0x4f4 ..\obj\main.o
 .debug_frame   0x00000fa4      0x108 ..\obj\ADC.o
 .debug_frame   0x000010ac      0x234 ..\obj\stm32f10x_rcc.o
 .debug_frame   0x000012e0       0x98 ..\obj\Init_.o
 .debug_frame   0x00001378      0x280 ..\obj\stm32f10x_adc.o
 .debug_frame   0x000015f8      0x20c ..\obj\stm32f10x_usart.o
 .debug_frame   0x00001804       0x94 ..\obj\Lib.o
 .debug_frame   0x00001898       0xc8 ..\obj\stm32f10x_dma.o
 .debug_frame   0x00001960       0x68 ..\obj\misc.o
 .debug_frame   0x000019c8       0xb8 ..\obj\Eeprom.o
 .debug_frame   0x00001a80       0xc8 ..\obj\usart.o
