Archive member included to satisfy reference by file (symbol)

c:/st/stm32cubeide_1.4.0/stm32cubeide/plugins/com.st.stm32cube.ide.mcu.externaltools.gnu-tools-for-stm32.7-2018-q2-update.win32_1.5.0.202011040924/tools/bin/../lib/gcc/arm-none-eabi/7.3.1/../../../../arm-none-eabi/lib/thumb/v7-m\libc_nano.a(lib_a-errno.o)
                              Core/Src/syscalls.o (__errno)
c:/st/stm32cubeide_1.4.0/stm32cubeide/plugins/com.st.stm32cube.ide.mcu.externaltools.gnu-tools-for-stm32.7-2018-q2-update.win32_1.5.0.202011040924/tools/bin/../lib/gcc/arm-none-eabi/7.3.1/../../../../arm-none-eabi/lib/thumb/v7-m\libc_nano.a(lib_a-exit.o)
                              c:/st/stm32cubeide_1.4.0/stm32cubeide/plugins/com.st.stm32cube.ide.mcu.externaltools.gnu-tools-for-stm32.7-2018-q2-update.win32_1.5.0.202011040924/tools/bin/../lib/gcc/arm-none-eabi/7.3.1/../../../../arm-none-eabi/lib/thumb/v7-m/crt0.o (exit)
c:/st/stm32cubeide_1.4.0/stm32cubeide/plugins/com.st.stm32cube.ide.mcu.externaltools.gnu-tools-for-stm32.7-2018-q2-update.win32_1.5.0.202011040924/tools/bin/../lib/gcc/arm-none-eabi/7.3.1/../../../../arm-none-eabi/lib/thumb/v7-m\libc_nano.a(lib_a-impure.o)
                              c:/st/stm32cubeide_1.4.0/stm32cubeide/plugins/com.st.stm32cube.ide.mcu.externaltools.gnu-tools-for-stm32.7-2018-q2-update.win32_1.5.0.202011040924/tools/bin/../lib/gcc/arm-none-eabi/7.3.1/../../../../arm-none-eabi/lib/thumb/v7-m\libc_nano.a(lib_a-exit.o) (_global_impure_ptr)
c:/st/stm32cubeide_1.4.0/stm32cubeide/plugins/com.st.stm32cube.ide.mcu.externaltools.gnu-tools-for-stm32.7-2018-q2-update.win32_1.5.0.202011040924/tools/bin/../lib/gcc/arm-none-eabi/7.3.1/../../../../arm-none-eabi/lib/thumb/v7-m\libc_nano.a(lib_a-init.o)
                              c:/st/stm32cubeide_1.4.0/stm32cubeide/plugins/com.st.stm32cube.ide.mcu.externaltools.gnu-tools-for-stm32.7-2018-q2-update.win32_1.5.0.202011040924/tools/bin/../lib/gcc/arm-none-eabi/7.3.1/../../../../arm-none-eabi/lib/thumb/v7-m/crt0.o (__libc_init_array)
c:/st/stm32cubeide_1.4.0/stm32cubeide/plugins/com.st.stm32cube.ide.mcu.externaltools.gnu-tools-for-stm32.7-2018-q2-update.win32_1.5.0.202011040924/tools/bin/../lib/gcc/arm-none-eabi/7.3.1/../../../../arm-none-eabi/lib/thumb/v7-m\libc_nano.a(lib_a-memcpy-stub.o)
                              Core/Src/Eeprom.o (memcpy)
c:/st/stm32cubeide_1.4.0/stm32cubeide/plugins/com.st.stm32cube.ide.mcu.externaltools.gnu-tools-for-stm32.7-2018-q2-update.win32_1.5.0.202011040924/tools/bin/../lib/gcc/arm-none-eabi/7.3.1/../../../../arm-none-eabi/lib/thumb/v7-m\libc_nano.a(lib_a-memset.o)
                              c:/st/stm32cubeide_1.4.0/stm32cubeide/plugins/com.st.stm32cube.ide.mcu.externaltools.gnu-tools-for-stm32.7-2018-q2-update.win32_1.5.0.202011040924/tools/bin/../lib/gcc/arm-none-eabi/7.3.1/../../../../arm-none-eabi/lib/thumb/v7-m/crt0.o (memset)

Allocating common symbols
Common symbol       size              file

U_12V               0x2               Core/Src/Eeprom.o
Temperature         0x4               Core/Src/Eeprom.o
Current_RAW         0x2               Core/Src/Eeprom.o
Temp_R_A_B          0x60              Core/Src/Eeprom.o
U_IN                0x2               Core/Src/Eeprom.o
SelectedOptionValue1
                    0x4               Core/Src/main.o
Current             0x2               Core/Src/Eeprom.o
ChargeDurationSec   0x4               Core/Src/main.o
RegularConvData     0x10              Core/Src/Eeprom.o
U_Controller        0x2               Core/Src/Eeprom.o
SelectedOptionValue
                    0x4               Core/Src/main.o
U_OUT               0x2               Core/Src/Eeprom.o
Rt                  0x4               Core/Src/Eeprom.o
U_PS                0x2               Core/Src/Eeprom.o
LoggingData         0x19c             Core/Src/Eeprom.o

Discarded input sections

 .text          0x0000000000000000        0x0 c:/st/stm32cubeide_1.4.0/stm32cubeide/plugins/com.st.stm32cube.ide.mcu.externaltools.gnu-tools-for-stm32.7-2018-q2-update.win32_1.5.0.202011040924/tools/bin/../lib/gcc/arm-none-eabi/7.3.1/thumb/v7-m/crti.o
 .data          0x0000000000000000        0x0 c:/st/stm32cubeide_1.4.0/stm32cubeide/plugins/com.st.stm32cube.ide.mcu.externaltools.gnu-tools-for-stm32.7-2018-q2-update.win32_1.5.0.202011040924/tools/bin/../lib/gcc/arm-none-eabi/7.3.1/thumb/v7-m/crti.o
 .bss           0x0000000000000000        0x0 c:/st/stm32cubeide_1.4.0/stm32cubeide/plugins/com.st.stm32cube.ide.mcu.externaltools.gnu-tools-for-stm32.7-2018-q2-update.win32_1.5.0.202011040924/tools/bin/../lib/gcc/arm-none-eabi/7.3.1/thumb/v7-m/crti.o
 .data          0x0000000000000000        0x4 c:/st/stm32cubeide_1.4.0/stm32cubeide/plugins/com.st.stm32cube.ide.mcu.externaltools.gnu-tools-for-stm32.7-2018-q2-update.win32_1.5.0.202011040924/tools/bin/../lib/gcc/arm-none-eabi/7.3.1/thumb/v7-m/crtbegin.o
[...]
Memory Configuration

Name             Origin             Length             Attributes
RAM              0x0000000020000000 0x0000000000002000 xrw
FLASH            0x0000000008000000 0x0000000000010000 xr
*default*        0x0000000000000000 0xffffffffffffffff

Linker script and memory map

LOAD c:/st/stm32cubeide_1.4.0/stm32cubeide/plugins/com.st.stm32cube.ide.mcu.externaltools.gnu-tools-for-stm32.7-2018-q2-update.win32_1.5.0.202011040924/tools/bin/../lib/gcc/arm-none-eabi/7.3.1/thumb/v7-m/crti.o
LOAD c:/st/stm32cubeide_1.4.0/stm32cubeide/plugins/com.st.stm32cube.ide.mcu.externaltools.gnu-tools-for-stm32.7-2018-q2-update.win32_1.5.0.202011040924/tools/bin/../lib/gcc/arm-none-eabi/7.3.1/thumb/v7-m/crtbegin.o
LOAD c:/st/stm32cubeide_1.4.0/stm32cubeide/plugins/com.st.stm32cube.ide.mcu.externaltools.gnu-tools-for-stm32.7-2018-q2-update.win32_1.5.0.202011040924/tools/bin/../lib/gcc/arm-none-eabi/7.3.1/../../../../arm-none-eabi/lib/thumb/v7-m/crt0.o
LOAD Core/Src/Eeprom.o
LOAD Core/Src/General.o
LOAD Core/Src/Lib.o
LOAD Core/Src/Menu.o
LOAD Core/Src/MicroMenu2_1.o
LOAD Core/Src/hd44780_driver.o
LOAD Core/Src/main.o
LOAD Core/Src/stm32f1xx_hal_msp.o
LOAD Core/Src/stm32f1xx_it.o
LOAD Core/Src/syscalls.o
LOAD Core/Src/sysmem.o
LOAD Core/Src/system_stm32f1xx.o
LOAD Core/Src/usart.o
LOAD Core/Startup/startup_stm32f100c8tx.o
LOAD Drivers/STM32F1xx_HAL_Driver/Src/stm32f1xx_ll_adc.o
LOAD Drivers/STM32F1xx_HAL_Driver/Src/stm32f1xx_ll_dma.o
LOAD Drivers/STM32F1xx_HAL_Driver/Src/stm32f1xx_ll_exti.o
LOAD Drivers/STM32F1xx_HAL_Driver/Src/stm32f1xx_ll_gpio.o
LOAD Drivers/STM32F1xx_HAL_Driver/Src/stm32f1xx_ll_pwr.o
LOAD Drivers/STM32F1xx_HAL_Driver/Src/stm32f1xx_ll_rcc.o
LOAD Drivers/STM32F1xx_HAL_Driver/Src/stm32f1xx_ll_usart.o
LOAD Drivers/STM32F1xx_HAL_Driver/Src/stm32f1xx_ll_utils.o
START GROUP
LOAD c:/st/stm32cubeide_1.4.0/stm32cubeide/plugins/com.st.stm32cube.ide.mcu.externaltools.gnu-tools-for-stm32.7-2018-q2-update.win32_1.5.0.202011040924/tools/bin/../lib/gcc/arm-none-eabi/7.3.1/../../../../arm-none-eabi/lib/thumb/v7-m\libc_nano.a
LOAD c:/st/stm32cubeide_1.4.0/stm32cubeide/plugins/com.st.stm32cube.ide.mcu.externaltools.gnu-tools-for-stm32.7-2018-q2-update.win32_1.5.0.202011040924/tools/bin/../lib/gcc/arm-none-eabi/7.3.1/../../../../arm-none-eabi/lib/thumb/v7-m\libm.a
END GROUP
START GROUP
LOAD c:/st/stm32cubeide_1.4.0/stm32cubeide/plugins/com.st.stm32cube.ide.mcu.externaltools.gnu-tools-for-stm32.7-2018-q2-update.win32_1.5.0.202011040924/tools/bin/../lib/gcc/arm-none-eabi/7.3.1/thumb/v7-m\libgcc.a
LOAD c:/st/stm32cubeide_1.4.0/stm32cubeide/plugins/com.st.stm32cube.ide.mcu.externaltools.gnu-tools-for-stm32.7-2018-q2-update.win32_1.5.0.202011040924/tools/bin/../lib/gcc/arm-none-eabi/7.3.1/../../../../arm-none-eabi/lib/thumb/v7-m\libc_nano.a
END GROUP
START GROUP
LOAD c:/st/stm32cubeide_1.4.0/stm32cubeide/plugins/com.st.stm32cube.ide.mcu.externaltools.gnu-tools-for-stm32.7-2018-q2-update.win32_1.5.0.202011040924/tools/bin/../lib/gcc/arm-none-eabi/7.3.1/thumb/v7-m\libgcc.a
LOAD c:/st/stm32cubeide_1.4.0/stm32cubeide/plugins/com.st.stm32cube.ide.mcu.externaltools.gnu-tools-for-stm32.7-2018-q2-update.win32_1.5.0.202011040924/tools/bin/../lib/gcc/arm-none-eabi/7.3.1/../../../../arm-none-eabi/lib/thumb/v7-m\libc_nano.a
LOAD c:/st/stm32cubeide_1.4.0/stm32cubeide/plugins/com.st.stm32cube.ide.mcu.externaltools.gnu-tools-for-stm32.7-2018-q2-update.win32_1.5.0.202011040924/tools/bin/../lib/gcc/arm-none-eabi/7.3.1/../../../../arm-none-eabi/lib/thumb/v7-m\libnosys.a
END GROUP
START GROUP
LOAD c:/st/stm32cubeide_1.4.0/stm32cubeide/plugins/com.st.stm32cube.ide.mcu.externaltools.gnu-tools-for-stm32.7-2018-q2-update.win32_1.5.0.202011040924/tools/bin/../lib/gcc/arm-none-eabi/7.3.1/thumb/v7-m\libgcc.a
LOAD c:/st/stm32cubeide_1.4.0/stm32cubeide/plugins/com.st.stm32cube.ide.mcu.externaltools.gnu-tools-for-stm32.7-2018-q2-update.win32_1.5.0.202011040924/tools/bin/../lib/gcc/arm-none-eabi/7.3.1/../../../../arm-none-eabi/lib/thumb/v7-m\libc_nano.a
LOAD c:/st/stm32cubeide_1.4.0/stm32cubeide/plugins/com.st.stm32cube.ide.mcu.externaltools.gnu-tools-for-stm32.7-2018-q2-update.win32_1.5.0.202011040924/tools/bin/../lib/gcc/arm-none-eabi/7.3.1/../../../../arm-none-eabi/lib/thumb/v7-m\libnosys.a
END GROUP
LOAD c:/st/stm32cubeide_1.4.0/stm32cubeide/plugins/com.st.stm32cube.ide.mcu.externaltools.gnu-tools-for-stm32.7-2018-q2-update.win32_1.5.0.202011040924/tools/bin/../lib/gcc/arm-none-eabi/7.3.1/thumb/v7-m/crtend.o
LOAD c:/st/stm32cubeide_1.4.0/stm32cubeide/plugins/com.st.stm32cube.ide.mcu.externaltools.gnu-tools-for-stm32.7-2018-q2-update.win32_1.5.0.202011040924/tools/bin/../lib/gcc/arm-none-eabi/7.3.1/thumb/v7-m/crtn.o
                0x0000000020002000                _estack = (ORIGIN (RAM) + LENGTH (RAM))
                0x0000000000000200                _Min_Heap_Size = 0x200
                0x0000000000000400                _Min_Stack_Size = 0x400

.isr_vector     0x0000000008000000      0x1d0
                0x0000000008000000                . = ALIGN (0x4)
 *(.isr_vector)
 .isr_vector    0x0000000008000000      0x1d0 Core/Startup/startup_stm32f100c8tx.o
                0x0000000008000000                g_pfnVectors
                0x00000000080001d0                . = ALIGN (0x4)

.text           0x00000000080001d0     0x588c
                0x00000000080001d0                . = ALIGN (0x4)
 *(.text)
 .text          0x00000000080001d0       0x40 c:/st/stm32cubeide_1.4.0/stm32cubeide/plugins/com.st.stm32cube.ide.mcu.externaltools.gnu-tools-for-stm32.7-2018-q2-update.win32_1.5.0.202011040924/tools/bin/../lib/gcc/arm-none-eabi/7.3.1/thumb/v7-m/crtbegin.o
 *(.text*)
 .text.flash_erase_page
                0x0000000008000210       0x40 Core/Src/Eeprom.o
                0x0000000008000210                flash_erase_page
 .text.flash_unlock
                0x0000000008000250       0x18 Core/Src/Eeprom.o
                0x0000000008000250                flash_unlock
 .text.flash_lock
                0x0000000008000268       0x10 Core/Src/Eeprom.o
                0x0000000008000268                flash_lock
 .text.flash_write
                0x0000000008000278       0x4c Core/Src/Eeprom.o
                0x0000000008000278                flash_write
 .text.flash_write_block
                0x00000000080002c4       0x6c Core/Src/Eeprom.o
                0x00000000080002c4                flash_write_block
 .text.flash_read_block
                0x0000000008000330       0x2c Core/Src/Eeprom.o
                0x0000000008000330                flash_read_block
 .text.flash_read
                0x000000000800035c       0x64 Core/Src/Eeprom.o
                0x000000000800035c                flash_read
 .text.CalibrationWriteToFlash
                0x00000000080003c0       0x74 Core/Src/Eeprom.o
                0x00000000080003c0                CalibrationWriteToFlash
 .text.CalibrationFactoryWriteToFlash
                0x0000000008000434       0x74 Core/Src/Eeprom.o
                0x0000000008000434                CalibrationFactoryWriteToFlash
 .text.CalibrationReadFromFlash
                0x00000000080004a8       0xa4 Core/Src/Eeprom.o
                0x00000000080004a8                CalibrationReadFromFlash
 .text.CalibrationReadFromFlashForVerify
                0x000000000800054c       0xa4 Core/Src/Eeprom.o
                0x000000000800054c                CalibrationReadFromFlashForVerify
 .text.SettingsWriteToFlash
                0x00000000080005f0       0x6c Core/Src/Eeprom.o
                0x00000000080005f0                SettingsWriteToFlash
 .text.SettingsFactoryWriteToFlash
                0x000000000800065c       0x6c Core/Src/Eeprom.o
                0x000000000800065c                SettingsFactoryWriteToFlash
 .text.SettingsReadFromFlash
                0x00000000080006c8       0x98 Core/Src/Eeprom.o
                0x00000000080006c8                SettingsReadFromFlash
 .text.SettingsReadFromFlashForVerify
                0x0000000008000760       0x98 Core/Src/Eeprom.o
                0x0000000008000760                SettingsReadFromFlashForVerify
 .text.DataWhenPowerOffWriteToFlash
                0x00000000080007f8       0x5c Core/Src/Eeprom.o
                0x00000000080007f8                DataWhenPowerOffWriteToFlash
 .text.DataWhenPowerOff_Factory_WriteToFlash
                0x0000000008000854       0x44 Core/Src/Eeprom.o
                0x0000000008000854                DataWhenPowerOff_Factory_WriteToFlash
 .text.DataWhenPowerOffReadFromFlash
                0x0000000008000898       0x58 Core/Src/Eeprom.o
                0x0000000008000898                DataWhenPowerOffReadFromFlash
 .text.DataWhenPowerOffReadFromFlashForVerify
                0x00000000080008f0       0x58 Core/Src/Eeprom.o
                0x00000000080008f0                DataWhenPowerOffReadFromFlashForVerify
 .text.ReadFromFlash
                0x0000000008000948       0x50 Core/Src/Eeprom.o
                0x0000000008000948                ReadFromFlash
 .text.CalcCRC8
                0x0000000008000998       0x38 Core/Src/Eeprom.o
                0x0000000008000998                CalcCRC8
 .text.CalibrationWriteToFlash_CRC
                0x00000000080009d0       0x6c Core/Src/Eeprom.o
                0x00000000080009d0                CalibrationWriteToFlash_CRC
 .text.SettingsWriteToFlash_CRC
                0x0000000008000a3c       0xb4 Core/Src/Eeprom.o
                0x0000000008000a3c                SettingsWriteToFlash_CRC
 .text.DataWhenPowerOffWriteToFlash_CRC
                0x0000000008000af0       0x90 Core/Src/Eeprom.o
                0x0000000008000af0                DataWhenPowerOffWriteToFlash_CRC
 .text.FactoryWriteToFlash_CRC
                0x0000000008000b80      0x16c Core/Src/Eeprom.o
                0x0000000008000b80                FactoryWriteToFlash_CRC
 .text.Generation_Coefficients_R_A_B
                0x0000000008000cec       0x68 Core/Src/General.o
                0x0000000008000cec                Generation_Coefficients_R_A_B
 .text.GetTemperature
                0x0000000008000d54       0x48 Core/Src/General.o
                0x0000000008000d54                GetTemperature
 .text.WriteInLOG
                0x0000000008000d9c      0x164 Core/Src/General.o
                0x0000000008000d9c                WriteInLOG
 .text.WriteInLOGc
                0x0000000008000f00      0x164 Core/Src/General.o
                0x0000000008000f00                WriteInLOGc
 .text.delay_us
                0x0000000008001064       0x6c Core/Src/General.o
                0x0000000008001064                delay_us
 .text.delay_ms
                0x00000000080010d0       0x1e Core/Src/General.o
                0x00000000080010d0                delay_ms
 *fill*         0x00000000080010ee        0x2 
 .text.InfoToUARTBeforeStart
                0x00000000080010f0      0x218 Core/Src/General.o
                0x00000000080010f0                InfoToUARTBeforeStart
 .text.itoa     0x0000000008001308       0x74 Core/Src/Lib.o
                0x0000000008001308                itoa
 .text.itoaP    0x000000000800137c       0x72 Core/Src/Lib.o
                0x000000000800137c                itoaP
 *fill*         0x00000000080013ee        0x2 
 .text.itoa_koma
                0x00000000080013f0       0xd0 Core/Src/Lib.o
                0x00000000080013f0                itoa_koma
 .text.itoa_komaP
                0x00000000080014c0       0xd2 Core/Src/Lib.o
                0x00000000080014c0                itoa_komaP
 .text.Module16
                0x0000000008001592        0xc Core/Src/Lib.o
                0x0000000008001592                Module16
 .text.strlen1  0x000000000800159e       0x10 Core/Src/Lib.o
                0x000000000800159e                strlen1
 .text.Merge2Strings
                0x00000000080015ae       0x2a Core/Src/Lib.o
                0x00000000080015ae                Merge2Strings
 .text.Merge3Strings
                0x00000000080015d8       0x3e Core/Src/Lib.o
                0x00000000080015d8                Merge3Strings
 .text.ClockStringWithSec
                0x0000000008001616       0xde Core/Src/Lib.o
                0x0000000008001616                ClockStringWithSec
 .text.ClockStringNoSec
                0x00000000080016f4       0x96 Core/Src/Lib.o
                0x00000000080016f4                ClockStringNoSec
 *fill*         0x000000000800178a        0x2 
 .text.middle_of_3Imax1
                0x000000000800178c       0x3c Core/Src/Lib.o
                0x000000000800178c                middle_of_3Imax1
 .text.middle_of_3Imax2
                0x00000000080017c8       0x3c Core/Src/Lib.o
                0x00000000080017c8                middle_of_3Imax2
 .text.middle_of_3Umax1
                0x0000000008001804       0x3c Core/Src/Lib.o
                0x0000000008001804                middle_of_3Umax1
 .text.middle_of_3Umax2
                0x0000000008001840       0x3c Core/Src/Lib.o
                0x0000000008001840                middle_of_3Umax2
 .text.middle_of_3Umax3
                0x000000000800187c       0x3c Core/Src/Lib.o
                0x000000000800187c                middle_of_3Umax3
 .text.RunningAverageI1
                0x00000000080018b8        0x2 Core/Src/Lib.o
                0x00000000080018b8                RunningAverageI1
 .text.RunningAverageI2
                0x00000000080018ba        0x2 Core/Src/Lib.o
                0x00000000080018ba                RunningAverageI2
 .text.RunningAverageU1
                0x00000000080018bc        0x2 Core/Src/Lib.o
                0x00000000080018bc                RunningAverageU1
 .text.RunningAverageU2
                0x00000000080018be        0x2 Core/Src/Lib.o
                0x00000000080018be                RunningAverageU2
 .text.Menu_GetCurrentMenu
                0x00000000080018c0        0xc Core/Src/MicroMenu2_1.o
                0x00000000080018c0                Menu_GetCurrentMenu
 .text.Menu_Navigate
                0x00000000080018cc       0x34 Core/Src/MicroMenu2_1.o
                0x00000000080018cc                Menu_Navigate
 .text.Menu_SetGenericWriteCallback
                0x0000000008001900       0x14 Core/Src/MicroMenu2_1.o
                0x0000000008001900                Menu_SetGenericWriteCallback
 .text.Menu_SelectItem
                0x0000000008001914       0x1c Core/Src/MicroMenu2_1.o
                0x0000000008001914                Menu_SelectItem
 .text.strobe   0x0000000008001930       0x24 Core/Src/hd44780_driver.o
                0x0000000008001930                strobe
 .text.lcd_set_4bit_mode
                0x0000000008001954       0x44 Core/Src/hd44780_driver.o
                0x0000000008001954                lcd_set_4bit_mode
 .text.lcd_send
                0x0000000008001998       0x9c Core/Src/hd44780_driver.o
                0x0000000008001998                lcd_send
 .text.lcd_set_user_char
                0x0000000008001a34       0x32 Core/Src/hd44780_driver.o
                0x0000000008001a34                lcd_set_user_char
 *fill*         0x0000000008001a66        0x2 
 .text.SetSymbols
                0x0000000008001a68       0xb0 Core/Src/hd44780_driver.o
                0x0000000008001a68                SetSymbols
 .text.lcd_set_xy
                0x0000000008001b18       0x24 Core/Src/hd44780_driver.o
                0x0000000008001b18                lcd_set_xy
 .text.lcd_out  0x0000000008001b3c       0x2c Core/Src/hd44780_driver.o
                0x0000000008001b3c                lcd_out
 .text.LcdOutbyNumber
                0x0000000008001b68        0x8 Core/Src/hd44780_driver.o
                0x0000000008001b68                LcdOutbyNumber
 .text.LcdOut   0x0000000008001b70       0x84 Core/Src/hd44780_driver.o
                0x0000000008001b70                LcdOut
 .text.lcd_clear
                0x0000000008001bf4        0x8 Core/Src/hd44780_driver.o
                0x0000000008001bf4                lcd_clear
 .text.lcd_init
                0x0000000008001bfc       0x1c Core/Src/hd44780_driver.o
                0x0000000008001bfc                lcd_init
 .text.PrintToLCD
                0x0000000008001c18        0x6 Core/Src/hd44780_driver.o
                0x0000000008001c18                PrintToLCD
 .text.PrintToLCD_xy
                0x0000000008001c1e       0x18 Core/Src/hd44780_driver.o
                0x0000000008001c1e                PrintToLCD_xy
 .text.InitLCD  0x0000000008001c36       0x16 Core/Src/hd44780_driver.o
                0x0000000008001c36                InitLCD
 .text.LL_APB2_GRP1_EnableClock
                0x0000000008001c4c       0x1c Core/Src/main.o
 .text.MenuLog_Enter
                0x0000000008001c68        0xc Core/Src/main.o
                0x0000000008001c68                MenuLog_Enter
 .text.MenuCalibrationWriteToFlash_Enter
                0x0000000008001c74       0x14 Core/Src/main.o
                0x0000000008001c74                MenuCalibrationWriteToFlash_Enter
 .text.MenuSettingsBatteryType_Enter
                0x0000000008001c88      0x110 Core/Src/main.o
                0x0000000008001c88                MenuSettingsBatteryType_Enter
 .text.MenuSettingsWriteToFlash_Enter
                0x0000000008001d98        0x4 Core/Src/main.o
                0x0000000008001d98                MenuSettingsWriteToFlash_Enter
 .text.MenuOption_Enter
                0x0000000008001d9c       0x30 Core/Src/main.o
                0x0000000008001d9c                MenuOption_Enter
 .text.MenuOption_Enter1
                0x0000000008001dcc       0x30 Core/Src/main.o
                0x0000000008001dcc                MenuOption_Enter1
 .text.Generic_Write
                0x0000000008001dfc        0xc Core/Src/main.o
                0x0000000008001dfc                Generic_Write
 .text.MenuDischarge_Enter
                0x0000000008001e08       0x4c Core/Src/main.o
                0x0000000008001e08                MenuDischarge_Enter
 .text.MenuCharge_Enter
                0x0000000008001e54       0x70 Core/Src/main.o
                0x0000000008001e54                MenuCharge_Enter
 .text.SelectedOption.part.8
                0x0000000008001ec4       0x16 Core/Src/main.o
 *fill*         0x0000000008001eda        0x2 
 .text.LL_ADC_SetChannelSamplingTime.constprop.34
                0x0000000008001edc       0x54 Core/Src/main.o
 .text.LL_ADC_REG_SetSequencerRanks.constprop.35
                0x0000000008001f30       0x38 Core/Src/main.o
 .text.NVIC_EncodePriority.constprop.36
                0x0000000008001f68        0x4 Core/Src/main.o
 .text.MenuTraining_WriteInLOG
                0x0000000008001f6c       0x4c Core/Src/main.o
                0x0000000008001f6c                MenuTraining_WriteInLOG
 .text.MenuLog  0x0000000008001fb8       0x98 Core/Src/main.o
                0x0000000008001fb8                MenuLog
 .text.MenuCalibration_CURRENT_Out_to_0
                0x0000000008002050       0x48 Core/Src/main.o
                0x0000000008002050                MenuCalibration_CURRENT_Out_to_0
 .text.MenuCalibration_CURRENT_Load_to_0
                0x0000000008002098       0x48 Core/Src/main.o
                0x0000000008002098                MenuCalibration_CURRENT_Load_to_0
 .text.MenuCalibration_BackToFactory
                0x00000000080020e0       0xb8 Core/Src/main.o
                0x00000000080020e0                MenuCalibration_BackToFactory
 .text.MenuSettingsChargeTime
                0x0000000008002198       0x4c Core/Src/main.o
                0x0000000008002198                MenuSettingsChargeTime
 .text.MenuSettingsBatteryType
                0x00000000080021e4       0xe4 Core/Src/main.o
                0x00000000080021e4                MenuSettingsBatteryType
 .text.MenuSettingsLowVolt
                0x00000000080022c8       0x44 Core/Src/main.o
                0x00000000080022c8                MenuSettingsLowVolt
 .text.MenuSettingsMaxVolt
                0x000000000800230c       0x44 Core/Src/main.o
                0x000000000800230c                MenuSettingsMaxVolt
 .text.MenuSettingsSwngChrgTime
                0x0000000008002350       0x3c Core/Src/main.o
                0x0000000008002350                MenuSettingsSwngChrgTime
 .text.MenuSettingsSwngDChrgTime
                0x000000000800238c       0x3c Core/Src/main.o
                0x000000000800238c                MenuSettingsSwngDChrgTime
 .text.MenuSettingsChargeAddapt
                0x00000000080023c8       0x80 Core/Src/main.o
                0x00000000080023c8                MenuSettingsChargeAddapt
 .text.SelectedOption
                0x0000000008002448       0x1c Core/Src/main.o
                0x0000000008002448                SelectedOption
 .text.SelectedOption1
                0x0000000008002464       0x1c Core/Src/main.o
                0x0000000008002464                SelectedOption1
 .text.MenuSettingsSaveMenuPosWhenOFF
                0x0000000008002480       0x8c Core/Src/main.o
                0x0000000008002480                MenuSettingsSaveMenuPosWhenOFF
 .text.MenuSettingsOutAfterPowerUp
                0x000000000800250c       0x68 Core/Src/main.o
                0x000000000800250c                MenuSettingsOutAfterPowerUp
 .text.BUT_Debrief
                0x0000000008002574       0x64 Core/Src/main.o
                0x0000000008002574                BUT_Debrief
 .text.BUT_GetKey
                0x00000000080025d8       0x1c Core/Src/main.o
                0x00000000080025d8                BUT_GetKey
 .text.Start_Timer_sec
                0x00000000080025f4       0x18 Core/Src/main.o
                0x00000000080025f4                Start_Timer_sec
 .text.ClockOnLCD_noSec
                0x000000000800260c       0x6c Core/Src/main.o
                0x000000000800260c                ClockOnLCD_noSec
 .text.OUT_OFF  0x0000000008002678       0x2c Core/Src/main.o
                0x0000000008002678                OUT_OFF
 .text.OUT_ON   0x00000000080026a4       0x28 Core/Src/main.o
                0x00000000080026a4                OUT_ON
 .text.OUTStateAfterPowerUpFunction
                0x00000000080026cc       0x30 Core/Src/main.o
                0x00000000080026cc                OUTStateAfterPowerUpFunction
 .text.MenuPowerSupply
                0x00000000080026fc       0xd8 Core/Src/main.o
                0x00000000080026fc                MenuPowerSupply
 .text.MenuCalibration_CURRENT_Out
                0x00000000080027d4       0x70 Core/Src/main.o
                0x00000000080027d4                MenuCalibration_CURRENT_Out
 .text.MenuCalibration_VoltagePS
                0x0000000008002844       0x70 Core/Src/main.o
                0x0000000008002844                MenuCalibration_VoltagePS
 .text.MenuCalibration_VoltageOut
                0x00000000080028b4       0x70 Core/Src/main.o
                0x00000000080028b4                MenuCalibration_VoltageOut
 .text.MenuCalibration_VoltageIn
                0x0000000008002924       0x70 Core/Src/main.o
                0x0000000008002924                MenuCalibration_VoltageIn
 .text.MenuCalibration_Resist_Comp_5V1A
                0x0000000008002994       0xcc Core/Src/main.o
                0x0000000008002994                MenuCalibration_Resist_Comp_5V1A
 .text.LOAD_ON  0x0000000008002a60       0x2c Core/Src/main.o
                0x0000000008002a60                LOAD_ON
 .text.discharge
                0x0000000008002a8c       0x14 Core/Src/main.o
                0x0000000008002a8c                discharge
 .text.MenuCalibration_CURRENT_Load
                0x0000000008002aa0       0x70 Core/Src/main.o
                0x0000000008002aa0                MenuCalibration_CURRENT_Load
 .text.discharge1
                0x0000000008002b10       0x48 Core/Src/main.o
                0x0000000008002b10                discharge1
 .text.LOAD_OFF
                0x0000000008002b58       0x30 Core/Src/main.o
                0x0000000008002b58                LOAD_OFF
 .text.MenuLoad
                0x0000000008002b88       0xac Core/Src/main.o
                0x0000000008002b88                MenuLoad
 .text.MenuBatterySimilation
                0x0000000008002c34       0xe4 Core/Src/main.o
                0x0000000008002c34                MenuBatterySimilation
 .text.charge   0x0000000008002d18       0x14 Core/Src/main.o
                0x0000000008002d18                charge
 .text.charge1  0x0000000008002d2c       0x48 Core/Src/main.o
                0x0000000008002d2c                charge1
 .text.MenuTraining_new
                0x0000000008002d74      0x4ac Core/Src/main.o
                0x0000000008002d74                MenuTraining_new
 .text.MenuSwing
                0x0000000008003220      0x1e8 Core/Src/main.o
                0x0000000008003220                MenuSwing
 .text.OFF      0x0000000008003408        0xe Core/Src/main.o
                0x0000000008003408                OFF
 *fill*         0x0000000008003416        0x2 
 .text.MenuChargeCC_CV
                0x0000000008003418      0x2e0 Core/Src/main.o
                0x0000000008003418                MenuChargeCC_CV
 .text.MenuChargeAdapt
                0x00000000080036f8      0x370 Core/Src/main.o
                0x00000000080036f8                MenuChargeAdapt
 .text.MenuDisCharge
                0x0000000008003a68      0x2b8 Core/Src/main.o
                0x0000000008003a68                MenuDisCharge
 .text.MenuCheckingCapacity
                0x0000000008003d20      0x5f4 Core/Src/main.o
                0x0000000008003d20                MenuCheckingCapacity
 .text.All_OUT_OFF_When_Power_OFF
                0x0000000008004314      0x104 Core/Src/main.o
                0x0000000008004314                All_OUT_OFF_When_Power_OFF
 .text.MenuDIAGNOSTIC
                0x0000000008004418      0x314 Core/Src/main.o
                0x0000000008004418                MenuDIAGNOSTIC
 .text.adc_func
                0x000000000800472c      0x220 Core/Src/main.o
                0x000000000800472c                adc_func
 .text.SysTick_Callback
                0x000000000800494c      0x110 Core/Src/main.o
                0x000000000800494c                SysTick_Callback
 .text.SystemClock_Config
                0x0000000008004a5c       0x80 Core/Src/main.o
                0x0000000008004a5c                SystemClock_Config
 .text.startup.main
                0x0000000008004adc      0x834 Core/Src/main.o
                0x0000000008004adc                main
 .text.NMI_Handler
                0x0000000008005310        0x2 Core/Src/stm32f1xx_it.o
                0x0000000008005310                NMI_Handler
 .text.HardFault_Handler
                0x0000000008005312        0x2 Core/Src/stm32f1xx_it.o
                0x0000000008005312                HardFault_Handler
 .text.MemManage_Handler
                0x0000000008005314        0x2 Core/Src/stm32f1xx_it.o
                0x0000000008005314                MemManage_Handler
 .text.BusFault_Handler
                0x0000000008005316        0x2 Core/Src/stm32f1xx_it.o
                0x0000000008005316                BusFault_Handler
 .text.UsageFault_Handler
                0x0000000008005318        0x2 Core/Src/stm32f1xx_it.o
                0x0000000008005318                UsageFault_Handler
 .text.SVC_Handler
                0x000000000800531a        0x2 Core/Src/stm32f1xx_it.o
                0x000000000800531a                SVC_Handler
 .text.DebugMon_Handler
                0x000000000800531c        0x2 Core/Src/stm32f1xx_it.o
                0x000000000800531c                DebugMon_Handler
 .text.PendSV_Handler
                0x000000000800531e        0x2 Core/Src/stm32f1xx_it.o
                0x000000000800531e                PendSV_Handler
 .text.SysTick_Handler
                0x0000000008005320        0x4 Core/Src/stm32f1xx_it.o
                0x0000000008005320                SysTick_Handler
 .text.DMA1_Channel1_IRQHandler
                0x0000000008005324        0x2 Core/Src/stm32f1xx_it.o
                0x0000000008005324                DMA1_Channel1_IRQHandler
 *fill*         0x0000000008005326        0x2 
 .text.USART1_IRQHandler
                0x0000000008005328       0x5c Core/Src/stm32f1xx_it.o
                0x0000000008005328                USART1_IRQHandler
 .text.SystemInit
                0x0000000008005384        0x2 Core/Src/system_stm32f1xx.o
                0x0000000008005384                SystemInit
 *fill*         0x0000000008005386        0x2 
 .text.SystemCoreClockUpdate
                0x0000000008005388       0x60 Core/Src/system_stm32f1xx.o
                0x0000000008005388                SystemCoreClockUpdate
 .text.printToBufferUART1
                0x00000000080053e8       0xc8 Core/Src/usart.o
                0x00000000080053e8                printToBufferUART1
 .text.printToBufferWithoutEndUART1
                0x00000000080054b0       0x7c Core/Src/usart.o
                0x00000000080054b0                printToBufferWithoutEndUART1
 .text.printToBufferUART1D
                0x000000000800552c      0x138 Core/Src/usart.o
                0x000000000800552c                printToBufferUART1D
 .text.Reset_Handler
                0x0000000008005664       0x48 Core/Startup/startup_stm32f100c8tx.o
                0x0000000008005664                Reset_Handler
 .text.Default_Handler
                0x00000000080056ac        0x2 Core/Startup/startup_stm32f100c8tx.o
                0x00000000080056ac                RTC_Alarm_IRQHandler
                0x00000000080056ac                EXTI2_IRQHandler
                0x00000000080056ac                TIM1_CC_IRQHandler
                0x00000000080056ac                PVD_IRQHandler
                0x00000000080056ac                EXTI3_IRQHandler
                0x00000000080056ac                EXTI0_IRQHandler
                0x00000000080056ac                TIM1_UP_TIM16_IRQHandler
                0x00000000080056ac                SPI1_IRQHandler
                0x00000000080056ac                TAMPER_IRQHandler
                0x00000000080056ac                TIM6_DAC_IRQHandler
                0x00000000080056ac                DMA1_Channel4_IRQHandler
                0x00000000080056ac                ADC1_IRQHandler
                0x00000000080056ac                USART3_IRQHandler
                0x00000000080056ac                RTC_IRQHandler
                0x00000000080056ac                DMA1_Channel7_IRQHandler
                0x00000000080056ac                TIM4_IRQHandler
                0x00000000080056ac                I2C1_EV_IRQHandler
                0x00000000080056ac                DMA1_Channel6_IRQHandler
                0x00000000080056ac                TIM3_IRQHandler
                0x00000000080056ac                RCC_IRQHandler
                0x00000000080056ac                Default_Handler
                0x00000000080056ac                CEC_IRQHandler
                0x00000000080056ac                EXTI15_10_IRQHandler
                0x00000000080056ac                TIM7_IRQHandler
                0x00000000080056ac                EXTI9_5_IRQHandler
                0x00000000080056ac                DMA1_Channel5_IRQHandler
                0x00000000080056ac                EXTI4_IRQHandler
                0x00000000080056ac                TIM1_TRG_COM_TIM17_IRQHandler
                0x00000000080056ac                DMA1_Channel3_IRQHandler
                0x00000000080056ac                WWDG_IRQHandler
                0x00000000080056ac                TIM2_IRQHandler
                0x00000000080056ac                EXTI1_IRQHandler
                0x00000000080056ac                USART2_IRQHandler
                0x00000000080056ac                DMA1_Channel2_IRQHandler
                0x00000000080056ac                FLASH_IRQHandler
                0x00000000080056ac                I2C1_ER_IRQHandler
                0x00000000080056ac                TIM1_BRK_TIM15_IRQHandler
 .text.LL_ADC_Init
                0x00000000080056ae       0x2a Drivers/STM32F1xx_HAL_Driver/Src/stm32f1xx_ll_adc.o
                0x00000000080056ae                LL_ADC_Init
 .text.LL_ADC_REG_Init
                0x00000000080056d8       0x44 Drivers/STM32F1xx_HAL_Driver/Src/stm32f1xx_ll_adc.o
                0x00000000080056d8                LL_ADC_REG_Init
 .text.LL_GPIO_Init
                0x000000000800571c       0xfa Drivers/STM32F1xx_HAL_Driver/Src/stm32f1xx_ll_gpio.o
                0x000000000800571c                LL_GPIO_Init
 *fill*         0x0000000008005816        0x2 
 .text.RCC_GetHCLKClockFreq
                0x0000000008005818       0x18 Drivers/STM32F1xx_HAL_Driver/Src/stm32f1xx_ll_rcc.o
                0x0000000008005818                RCC_GetHCLKClockFreq
 .text.RCC_GetPCLK1ClockFreq
                0x0000000008005830       0x18 Drivers/STM32F1xx_HAL_Driver/Src/stm32f1xx_ll_rcc.o
                0x0000000008005830                RCC_GetPCLK1ClockFreq
 .text.RCC_GetPCLK2ClockFreq
                0x0000000008005848       0x18 Drivers/STM32F1xx_HAL_Driver/Src/stm32f1xx_ll_rcc.o
                0x0000000008005848                RCC_GetPCLK2ClockFreq
 .text.RCC_PLL_GetFreqDomain_SYS
                0x0000000008005860       0x34 Drivers/STM32F1xx_HAL_Driver/Src/stm32f1xx_ll_rcc.o
                0x0000000008005860                RCC_PLL_GetFreqDomain_SYS
 .text.RCC_GetSystemClockFreq
                0x0000000008005894       0x1c Drivers/STM32F1xx_HAL_Driver/Src/stm32f1xx_ll_rcc.o
                0x0000000008005894                RCC_GetSystemClockFreq
 .text.LL_RCC_GetSystemClocksFreq
                0x00000000080058b0       0x20 Drivers/STM32F1xx_HAL_Driver/Src/stm32f1xx_ll_rcc.o
                0x00000000080058b0                LL_RCC_GetSystemClocksFreq
 .text.LL_USART_Init
                0x00000000080058d0       0xdc Drivers/STM32F1xx_HAL_Driver/Src/stm32f1xx_ll_usart.o
                0x00000000080058d0                LL_USART_Init
 .text.LL_Init1msTick
                0x00000000080059ac       0x1c Drivers/STM32F1xx_HAL_Driver/Src/stm32f1xx_ll_utils.o
                0x00000000080059ac                LL_Init1msTick
 .text.LL_SetSystemCoreClock
                0x00000000080059c8        0xc Drivers/STM32F1xx_HAL_Driver/Src/stm32f1xx_ll_utils.o
                0x00000000080059c8                LL_SetSystemCoreClock
 .text.__libc_init_array
                0x00000000080059d4       0x48 c:/st/stm32cubeide_1.4.0/stm32cubeide/plugins/com.st.stm32cube.ide.mcu.externaltools.gnu-tools-for-stm32.7-2018-q2-update.win32_1.5.0.202011040924/tools/bin/../lib/gcc/arm-none-eabi/7.3.1/../../../../arm-none-eabi/lib/thumb/v7-m\libc_nano.a(lib_a-init.o)
                0x00000000080059d4                __libc_init_array
 .text.memcpy   0x0000000008005a1c       0x16 c:/st/stm32cubeide_1.4.0/stm32cubeide/plugins/com.st.stm32cube.ide.mcu.externaltools.gnu-tools-for-stm32.7-2018-q2-update.win32_1.5.0.202011040924/tools/bin/../lib/gcc/arm-none-eabi/7.3.1/../../../../arm-none-eabi/lib/thumb/v7-m\libc_nano.a(lib_a-memcpy-stub.o)
                0x0000000008005a1c                memcpy
 .text.memset   0x0000000008005a32       0x10 c:/st/stm32cubeide_1.4.0/stm32cubeide/plugins/com.st.stm32cube.ide.mcu.externaltools.gnu-tools-for-stm32.7-2018-q2-update.win32_1.5.0.202011040924/tools/bin/../lib/gcc/arm-none-eabi/7.3.1/../../../../arm-none-eabi/lib/thumb/v7-m\libc_nano.a(lib_a-memset.o)
                0x0000000008005a32                memset
 *(.glue_7)
 .glue_7        0x0000000008005a42        0x0 linker stubs
 *(.glue_7t)
 .glue_7t       0x0000000008005a42        0x0 linker stubs
 *(.eh_frame)
 *fill*         0x0000000008005a42        0x2 
 .eh_frame      0x0000000008005a44        0x0 c:/st/stm32cubeide_1.4.0/stm32cubeide/plugins/com.st.stm32cube.ide.mcu.externaltools.gnu-tools-for-stm32.7-2018-q2-update.win32_1.5.0.202011040924/tools/bin/../lib/gcc/arm-none-eabi/7.3.1/thumb/v7-m/crtbegin.o
 *(.init)
 .init          0x0000000008005a44        0x4 c:/st/stm32cubeide_1.4.0/stm32cubeide/plugins/com.st.stm32cube.ide.mcu.externaltools.gnu-tools-for-stm32.7-2018-q2-update.win32_1.5.0.202011040924/tools/bin/../lib/gcc/arm-none-eabi/7.3.1/thumb/v7-m/crti.o
                0x0000000008005a44                _init
 .init          0x0000000008005a48        0x8 c:/st/stm32cubeide_1.4.0/stm32cubeide/plugins/com.st.stm32cube.ide.mcu.externaltools.gnu-tools-for-stm32.7-2018-q2-update.win32_1.5.0.202011040924/tools/bin/../lib/gcc/arm-none-eabi/7.3.1/thumb/v7-m/crtn.o
 *(.fini)
 .fini          0x0000000008005a50        0x4 c:/st/stm32cubeide_1.4.0/stm32cubeide/plugins/com.st.stm32cube.ide.mcu.externaltools.gnu-tools-for-stm32.7-2018-q2-update.win32_1.5.0.202011040924/tools/bin/../lib/gcc/arm-none-eabi/7.3.1/thumb/v7-m/crti.o
                0x0000000008005a50                _fini
 .fini          0x0000000008005a54        0x8 c:/st/stm32cubeide_1.4.0/stm32cubeide/plugins/com.st.stm32cube.ide.mcu.externaltools.gnu-tools-for-stm32.7-2018-q2-update.win32_1.5.0.202011040924/tools/bin/../lib/gcc/arm-none-eabi/7.3.1/thumb/v7-m/crtn.o
                0x0000000008005a5c                . = ALIGN (0x4)
                0x0000000008005a5c                _etext = .

.vfp11_veneer   0x0000000008005a5c        0x0
 .vfp11_veneer  0x0000000008005a5c        0x0 linker stubs

.v4_bx          0x0000000008005a5c        0x0
 .v4_bx         0x0000000008005a5c        0x0 linker stubs

.iplt           0x0000000008005a5c        0x0
 .iplt          0x0000000008005a5c        0x0 c:/st/stm32cubeide_1.4.0/stm32cubeide/plugins/com.st.stm32cube.ide.mcu.externaltools.gnu-tools-for-stm32.7-2018-q2-update.win32_1.5.0.202011040924/tools/bin/../lib/gcc/arm-none-eabi/7.3.1/thumb/v7-m/crtbegin.o

.rodata         0x0000000008005a5c     0x1588
                0x0000000008005a5c                . = ALIGN (0x4)
 *(.rodata)
 .rodata        0x0000000008005a5c      0x100 Core/Src/Eeprom.o
 *(.rodata*)
 .rodata.CalibrationFactoryWriteToFlash.str1.1
                0x0000000008005b5c       0x20 Core/Src/Eeprom.o
 .rodata.CalibrationReadFromFlash.str1.1
                0x0000000008005b7c       0x1a Core/Src/Eeprom.o
 .rodata.CalibrationReadFromFlashForVerify.str1.1
                0x0000000008005b96       0x23 Core/Src/Eeprom.o
 .rodata.CalibrationWriteToFlash.str1.1
                0x0000000008005bb9       0x19 Core/Src/Eeprom.o
 .rodata.CalibrationWriteToFlash_CRC.str1.1
                0x0000000008005bd2       0x19 Core/Src/Eeprom.o
                                         0x53 (size before relaxing)
 .rodata.DataWhenPowerOffReadFromFlash.str1.1
                0x0000000008005bd2       0x1f Core/Src/Eeprom.o
 .rodata.DataWhenPowerOffReadFromFlashForVerify.str1.1
                0x0000000008005bf1       0x28 Core/Src/Eeprom.o
 .rodata.DataWhenPowerOffWriteToFlash.str1.1
                0x0000000008005c19       0x2d Core/Src/Eeprom.o
 .rodata.DataWhenPowerOffWriteToFlash_CRC.str1.1
                0x0000000008005c46        0xc Core/Src/Eeprom.o
                                         0x69 (size before relaxing)
 .rodata.DataWhenPowerOff_Factory_WriteToFlash.str1.1
                0x0000000008005c52       0x27 Core/Src/Eeprom.o
 .rodata.FactoryWriteToFlash_CRC.str1.1
                0x0000000008005c79      0x132 Core/Src/Eeprom.o
 .rodata.ReadFromFlash.str1.1
                0x0000000008005dab       0x34 Core/Src/Eeprom.o
 .rodata.SettingsFactoryWriteToFlash.str1.1
                0x0000000008005ddf       0x1d Core/Src/Eeprom.o
 .rodata.SettingsReadFromFlash.str1.1
                0x0000000008005dfc       0x17 Core/Src/Eeprom.o
 .rodata.SettingsReadFromFlashForVerify.str1.1
                0x0000000008005e13       0x20 Core/Src/Eeprom.o
 .rodata.SettingsWriteToFlash.str1.1
                0x0000000008005e33       0x16 Core/Src/Eeprom.o
 .rodata.SettingsWriteToFlash_CRC.str1.1
                0x0000000008005e49       0x16 Core/Src/Eeprom.o
                                         0x62 (size before relaxing)
 .rodata.flash_read.str1.1
                0x0000000008005e49       0x40 Core/Src/Eeprom.o
 .rodata.flash_write_block.str1.1
                0x0000000008005e89       0x15 Core/Src/Eeprom.o
 .rodata.InfoToUARTBeforeStart.str1.1
                0x0000000008005e9e      0x249 Core/Src/General.o
 .rodata.WriteInLOG.str1.1
                0x00000000080060e7        0x9 Core/Src/General.o
                                         0x11 (size before relaxing)
 .rodata.NULL_MENU
                0x00000000080060f0       0x18 Core/Src/MicroMenu2_1.o
                0x00000000080060f0                NULL_MENU
 .rodata.All_OUT_OFF_When_Power_OFF.str1.1
                0x0000000008006108       0x1f Core/Src/main.o
 .rodata.ClockOnLCD.str1.1
                0x0000000008006127        0x2 Core/Src/main.o
                                          0x4 (size before relaxing)
 .rodata.MenuCalibrationWriteToFlash_Enter.str1.1
                0x0000000008006129        0xc Core/Src/main.o
 .rodata.MenuCalibration_BackToFactory.str1.1
                0x0000000008006135       0x53 Core/Src/main.o
 .rodata.MenuCalibration_CURRENT_Out.str1.1
                0x0000000008006188        0x5 Core/Src/main.o
                                          0x9 (size before relaxing)
 .rodata.MenuCalibration_CURRENT_Out_to_0.str1.1
                0x000000000800618d        0xf Core/Src/main.o
 .rodata.MenuCalibration_Resist_Comp_5V1A.str1.1
                0x000000000800619c        0xb Core/Src/main.o
 .rodata.MenuChargeAdapt.str1.1
                0x00000000080061a7        0x9 Core/Src/main.o
 .rodata.MenuChargeCC_CV.str1.1
                0x00000000080061b0       0x25 Core/Src/main.o
 .rodata.MenuCharge_Enter.str1.1
                0x00000000080061d5        0x8 Core/Src/main.o
                                         0x10 (size before relaxing)
 .rodata.MenuDIAGNOSTIC.str1.1
                0x00000000080061dd       0x50 Core/Src/main.o
                                         0x6d (size before relaxing)
 .rodata.MenuDisCharge.str1.1
                0x000000000800622d        0xc Core/Src/main.o
                                          0xf (size before relaxing)
 .rodata.MenuDischarge_Enter.str1.1
                0x0000000008006239        0x4 Core/Src/main.o
 .rodata.MenuLog.str1.1
                0x000000000800623d       0x20 Core/Src/main.o
 .rodata.MenuPowerSupply.str1.1
                0x000000000800625d       0x15 Core/Src/main.o
                                         0x1a (size before relaxing)
 .rodata.MenuSettingsBatteryType.str1.1
                0x0000000008006272       0x75 Core/Src/main.o
 .rodata.MenuSettingsBatteryType_Enter.str1.1
                0x00000000080062e7       0x66 Core/Src/main.o
 .rodata.MenuSettingsChargeAddapt.str1.1
                0x000000000800634d        0x6 Core/Src/main.o
 .rodata.MenuSettingsChargeTime.str1.1
                0x0000000008006353        0x5 Core/Src/main.o
 .rodata.MenuSettingsLowVolt.str1.1
                0x0000000008006358        0x5 Core/Src/main.o
 .rodata.MenuSettingsOutAfterPowerUp.str1.1
                0x0000000008006358       0x33 Core/Src/main.o
 .rodata.MenuSettingsSaveMenuPosWhenOFF.str1.1
                0x000000000800638b       0x77 Core/Src/main.o
 .rodata.MenuSettingsSwngChrgTime.str1.1
                0x0000000008006402        0x9 Core/Src/main.o
 .rodata.MenuSwing.str1.1
                0x000000000800640b        0x8 Core/Src/main.o
                                          0xb (size before relaxing)
 .rodata.MenuTraining_new.str1.1
                0x0000000008006413      0x101 Core/Src/main.o
                                        0x10d (size before relaxing)
 .rodata.Menu_1
                0x0000000008006514       0x29 Core/Src/main.o
                0x0000000008006514                Menu_1
 *fill*         0x000000000800653d        0x3 
 .rodata.Menu_10
                0x0000000008006540       0x29 Core/Src/main.o
                0x0000000008006540                Menu_10
 *fill*         0x0000000008006569        0x3 
 .rodata.Menu_10_1
                0x000000000800656c       0x29 Core/Src/main.o
                0x000000000800656c                Menu_10_1
 *fill*         0x0000000008006595        0x3 
 .rodata.Menu_10_10
                0x0000000008006598       0x29 Core/Src/main.o
                0x0000000008006598                Menu_10_10
 *fill*         0x00000000080065c1        0x3 
 .rodata.Menu_10_1_1
                0x00000000080065c4       0x29 Core/Src/main.o
                0x00000000080065c4                Menu_10_1_1
 *fill*         0x00000000080065ed        0x3 
 .rodata.Menu_10_2
                0x00000000080065f0       0x29 Core/Src/main.o
                0x00000000080065f0                Menu_10_2
 *fill*         0x0000000008006619        0x3 
 .rodata.Menu_10_2_1
                0x000000000800661c       0x29 Core/Src/main.o
                0x000000000800661c                Menu_10_2_1
 *fill*         0x0000000008006645        0x3 
 .rodata.Menu_10_3
                0x0000000008006648       0x29 Core/Src/main.o
                0x0000000008006648                Menu_10_3
 *fill*         0x0000000008006671        0x3 
 .rodata.Menu_10_3_1
                0x0000000008006674       0x29 Core/Src/main.o
                0x0000000008006674                Menu_10_3_1
 *fill*         0x000000000800669d        0x3 
 .rodata.Menu_10_4
                0x00000000080066a0       0x29 Core/Src/main.o
                0x00000000080066a0                Menu_10_4
 *fill*         0x00000000080066c9        0x3 
 .rodata.Menu_10_4_1
                0x00000000080066cc       0x29 Core/Src/main.o
                0x00000000080066cc                Menu_10_4_1
 *fill*         0x00000000080066f5        0x3 
 .rodata.Menu_10_5
                0x00000000080066f8       0x29 Core/Src/main.o
                0x00000000080066f8                Menu_10_5
 *fill*         0x0000000008006721        0x3 
 .rodata.Menu_10_5_1
                0x0000000008006724       0x29 Core/Src/main.o
                0x0000000008006724                Menu_10_5_1
 *fill*         0x000000000800674d        0x3 
 .rodata.Menu_10_6
                0x0000000008006750       0x29 Core/Src/main.o
                0x0000000008006750                Menu_10_6
 *fill*         0x0000000008006779        0x3 
 .rodata.Menu_10_6_1
                0x000000000800677c       0x29 Core/Src/main.o
                0x000000000800677c                Menu_10_6_1
 *fill*         0x00000000080067a5        0x3 
 .rodata.Menu_10_7
                0x00000000080067a8       0x29 Core/Src/main.o
                0x00000000080067a8                Menu_10_7
 *fill*         0x00000000080067d1        0x3 
 .rodata.Menu_10_7_1
                0x00000000080067d4       0x19 Core/Src/main.o
                0x00000000080067d4                Menu_10_7_1
 *fill*         0x00000000080067ed        0x3 
 .rodata.Menu_10_8
                0x00000000080067f0       0x29 Core/Src/main.o
                0x00000000080067f0                Menu_10_8
 *fill*         0x0000000008006819        0x3 
 .rodata.Menu_10_8_1
                0x000000000800681c       0x19 Core/Src/main.o
                0x000000000800681c                Menu_10_8_1
 *fill*         0x0000000008006835        0x3 
 .rodata.Menu_10_9
                0x0000000008006838       0x29 Core/Src/main.o
                0x0000000008006838                Menu_10_9
 *fill*         0x0000000008006861        0x3 
 .rodata.Menu_10_9_1
                0x0000000008006864       0x19 Core/Src/main.o
                0x0000000008006864                Menu_10_9_1
 *fill*         0x000000000800687d        0x3 
 .rodata.Menu_11
                0x0000000008006880       0x29 Core/Src/main.o
                0x0000000008006880                Menu_11
 *fill*         0x00000000080068a9        0x3 
 .rodata.Menu_11_1
                0x00000000080068ac       0x29 Core/Src/main.o
                0x00000000080068ac                Menu_11_1
 *fill*         0x00000000080068d5        0x3 
 .rodata.Menu_1_1
                0x00000000080068d8       0x29 Core/Src/main.o
                0x00000000080068d8                Menu_1_1
 *fill*         0x0000000008006901        0x3 
 .rodata.Menu_1_1_1
                0x0000000008006904       0x29 Core/Src/main.o
                0x0000000008006904                Menu_1_1_1
 *fill*         0x000000000800692d        0x3 
 .rodata.Menu_1_1_1a
                0x0000000008006930       0x29 Core/Src/main.o
                0x0000000008006930                Menu_1_1_1a
 *fill*         0x0000000008006959        0x3 
 .rodata.Menu_1_1a
                0x000000000800695c       0x29 Core/Src/main.o
                0x000000000800695c                Menu_1_1a
 *fill*         0x0000000008006985        0x3 
 .rodata.Menu_1_2
                0x0000000008006988       0x29 Core/Src/main.o
                0x0000000008006988                Menu_1_2
 *fill*         0x00000000080069b1        0x3 
 .rodata.Menu_1_2_1
                0x00000000080069b4       0x29 Core/Src/main.o
                0x00000000080069b4                Menu_1_2_1
 *fill*         0x00000000080069dd        0x3 
 .rodata.Menu_1_3
                0x00000000080069e0       0x29 Core/Src/main.o
                0x00000000080069e0                Menu_1_3
 *fill*         0x0000000008006a09        0x3 
 .rodata.Menu_1_3_1
                0x0000000008006a0c       0x29 Core/Src/main.o
                0x0000000008006a0c                Menu_1_3_1
 *fill*         0x0000000008006a35        0x3 
 .rodata.Menu_1_4
                0x0000000008006a38       0x29 Core/Src/main.o
                0x0000000008006a38                Menu_1_4
 *fill*         0x0000000008006a61        0x3 
 .rodata.Menu_1_4_1
                0x0000000008006a64       0x29 Core/Src/main.o
                0x0000000008006a64                Menu_1_4_1
 *fill*         0x0000000008006a8d        0x3 
 .rodata.Menu_1_5
                0x0000000008006a90       0x29 Core/Src/main.o
                0x0000000008006a90                Menu_1_5
 *fill*         0x0000000008006ab9        0x3 
 .rodata.Menu_1_5_1
                0x0000000008006abc       0x29 Core/Src/main.o
                0x0000000008006abc                Menu_1_5_1
 *fill*         0x0000000008006ae5        0x3 
 .rodata.Menu_1_6
                0x0000000008006ae8       0x29 Core/Src/main.o
                0x0000000008006ae8                Menu_1_6
 *fill*         0x0000000008006b11        0x3 
 .rodata.Menu_1_6_1
                0x0000000008006b14       0x29 Core/Src/main.o
                0x0000000008006b14                Menu_1_6_1
 *fill*         0x0000000008006b3d        0x3 
 .rodata.Menu_1_7
                0x0000000008006b40       0x29 Core/Src/main.o
                0x0000000008006b40                Menu_1_7
 *fill*         0x0000000008006b69        0x3 
 .rodata.Menu_1_S
                0x0000000008006b6c       0x29 Core/Src/main.o
                0x0000000008006b6c                Menu_1_S
 *fill*         0x0000000008006b95        0x3 
 .rodata.Menu_1_SO
                0x0000000008006b98       0x29 Core/Src/main.o
                0x0000000008006b98                Menu_1_SO
 *fill*         0x0000000008006bc1        0x3 
 .rodata.Menu_1_SO_1
                0x0000000008006bc4       0x29 Core/Src/main.o
                0x0000000008006bc4                Menu_1_SO_1
 *fill*         0x0000000008006bed        0x3 
 .rodata.Menu_1_S_1
                0x0000000008006bf0       0x29 Core/Src/main.o
                0x0000000008006bf0                Menu_1_S_1
 *fill*         0x0000000008006c19        0x3 
 .rodata.Menu_2
                0x0000000008006c1c       0x29 Core/Src/main.o
                0x0000000008006c1c                Menu_2
 *fill*         0x0000000008006c45        0x3 
 .rodata.Menu_2_1
                0x0000000008006c48       0x29 Core/Src/main.o
                0x0000000008006c48                Menu_2_1
 *fill*         0x0000000008006c71        0x3 
 .rodata.Menu_3
                0x0000000008006c74       0x29 Core/Src/main.o
                0x0000000008006c74                Menu_3
 *fill*         0x0000000008006c9d        0x3 
 .rodata.Menu_3_1
                0x0000000008006ca0       0x29 Core/Src/main.o
                0x0000000008006ca0                Menu_3_1
 *fill*         0x0000000008006cc9        0x3 
 .rodata.Menu_4
                0x0000000008006ccc       0x29 Core/Src/main.o
                0x0000000008006ccc                Menu_4
 *fill*         0x0000000008006cf5        0x3 
 .rodata.Menu_4_1
                0x0000000008006cf8       0x29 Core/Src/main.o
                0x0000000008006cf8                Menu_4_1
 *fill*         0x0000000008006d21        0x3 
 .rodata.Menu_5
                0x0000000008006d24       0x29 Core/Src/main.o
                0x0000000008006d24                Menu_5
 *fill*         0x0000000008006d4d        0x3 
 .rodata.Menu_5_1
                0x0000000008006d50       0x29 Core/Src/main.o
                0x0000000008006d50                Menu_5_1
 *fill*         0x0000000008006d79        0x3 
 .rodata.Menu_6
                0x0000000008006d7c       0x29 Core/Src/main.o
                0x0000000008006d7c                Menu_6
 *fill*         0x0000000008006da5        0x3 
 .rodata.Menu_6_1
                0x0000000008006da8       0x29 Core/Src/main.o
                0x0000000008006da8                Menu_6_1
 *fill*         0x0000000008006dd1        0x3 
 .rodata.Menu_6_1a
                0x0000000008006dd4       0x29 Core/Src/main.o
                0x0000000008006dd4                Menu_6_1a
 *fill*         0x0000000008006dfd        0x3 
 .rodata.Menu_6a
                0x0000000008006e00       0x29 Core/Src/main.o
                0x0000000008006e00                Menu_6a
 *fill*         0x0000000008006e29        0x3 
 .rodata.Menu_7
                0x0000000008006e2c       0x29 Core/Src/main.o
                0x0000000008006e2c                Menu_7
 *fill*         0x0000000008006e55        0x3 
 .rodata.Menu_7_1
                0x0000000008006e58       0x29 Core/Src/main.o
                0x0000000008006e58                Menu_7_1
 *fill*         0x0000000008006e81        0x3 
 .rodata.Menu_8
                0x0000000008006e84       0x29 Core/Src/main.o
                0x0000000008006e84                Menu_8
 *fill*         0x0000000008006ead        0x3 
 .rodata.Menu_8_1
                0x0000000008006eb0       0x29 Core/Src/main.o
                0x0000000008006eb0                Menu_8_1
 *fill*         0x0000000008006ed9        0x3 
 .rodata.Menu_8a
                0x0000000008006edc       0x29 Core/Src/main.o
                0x0000000008006edc                Menu_8a
 *fill*         0x0000000008006f05        0x3 
 .rodata.Menu_8a_1
                0x0000000008006f08       0x29 Core/Src/main.o
                0x0000000008006f08                Menu_8a_1
 *fill*         0x0000000008006f31        0x3 
 .rodata.Menu_9
                0x0000000008006f34       0x29 Core/Src/main.o
                0x0000000008006f34                Menu_9
 *fill*         0x0000000008006f5d        0x3 
 .rodata.Menu_9_1
                0x0000000008006f60       0x29 Core/Src/main.o
                0x0000000008006f60                Menu_9_1
 .rodata.charge1.str1.1
                0x0000000008006f89      0x101 Core/Src/main.o
                                          0x7 (size before relaxing)
 .rodata.discharge1.str1.1
                0x0000000008006f89        0xa Core/Src/main.o
 .rodata.main.str1.1
                0x0000000008006f93       0x37 Core/Src/main.o
                                         0x59 (size before relaxing)
 .rodata.AHBPrescTable
                0x0000000008006fca       0x10 Core/Src/system_stm32f1xx.o
                0x0000000008006fca                AHBPrescTable
 .rodata.APBPrescTable
                0x0000000008006fda        0x8 Core/Src/system_stm32f1xx.o
                0x0000000008006fda                APBPrescTable
                0x000000000800708c                . = ALIGN (0x4)
 *fill*         0x0000000008006fe2        0x2 

.rel.dyn        0x0000000008006fe4        0x0
 .rel.iplt      0x0000000008006fe4        0x0 c:/st/stm32cubeide_1.4.0/stm32cubeide/plugins/com.st.stm32cube.ide.mcu.externaltools.gnu-tools-for-stm32.7-2018-q2-update.win32_1.5.0.202011040924/tools/bin/../lib/gcc/arm-none-eabi/7.3.1/thumb/v7-m/crtbegin.o

.ARM.extab      0x0000000008006fe4        0x0
                0x0000000008006fe4                . = ALIGN (0x4)
 *(.ARM.extab* .gnu.linkonce.armextab.*)
                0x0000000008006fe4                . = ALIGN (0x4)

.ARM            0x0000000008006fe4        0x0
                0x0000000008006fe4                . = ALIGN (0x4)
                0x0000000008006fe4                __exidx_start = .
 *(.ARM.exidx*)
                0x0000000008006fe4                __exidx_end = .
                0x0000000008006fe4                . = ALIGN (0x4)

.preinit_array  0x0000000008006fe4        0x0
                0x0000000008006fe4                . = ALIGN (0x4)
                0x0000000008006fe4                PROVIDE (__preinit_array_start = .)
 *(.preinit_array*)
                0x0000000008006fe4                PROVIDE (__preinit_array_end = .)
                0x0000000008006fe4                . = ALIGN (0x4)

.init_array     0x0000000008006fe4        0x4
                0x0000000008006fe4                . = ALIGN (0x4)
                0x0000000008006fe4                PROVIDE (__init_array_start = .)
 *(SORT_BY_NAME(.init_array.*))
 *(.init_array*)
 .init_array    0x0000000008006fe4        0x4 c:/st/stm32cubeide_1.4.0/stm32cubeide/plugins/com.st.stm32cube.ide.mcu.externaltools.gnu-tools-for-stm32.7-2018-q2-update.win32_1.5.0.202011040924/tools/bin/../lib/gcc/arm-none-eabi/7.3.1/thumb/v7-m/crtbegin.o
                0x0000000008006fe8                PROVIDE (__init_array_end = .)
                0x0000000008006fe8                . = ALIGN (0x4)

.fini_array     0x0000000008006fe8        0x4
                0x0000000008006fe8                . = ALIGN (0x4)
                [!provide]                        PROVIDE (__fini_array_start = .)
 *(SORT_BY_NAME(.fini_array.*))
 *(.fini_array*)
 .fini_array    0x0000000008006fe8        0x4 c:/st/stm32cubeide_1.4.0/stm32cubeide/plugins/com.st.stm32cube.ide.mcu.externaltools.gnu-tools-for-stm32.7-2018-q2-update.win32_1.5.0.202011040924/tools/bin/../lib/gcc/arm-none-eabi/7.3.1/thumb/v7-m/crtbegin.o
                [!provide]                        PROVIDE (__fini_array_end = .)
                0x0000000008006fec                . = ALIGN (0x4)
                0x0000000008006fec                _sidata = LOADADDR (.data)

.data           0x0000000020000000      0x290 load address 0x0000000008006fec
                0x0000000020000000                . = ALIGN (0x4)
                0x0000000020000000                _sdata = .
 *(.data)
 *(.data*)
 .data.EEpromReadStatus
                0x0000000020000000        0x1 Core/Src/Eeprom.o
 *fill*         0x0000000020000001        0x3 
 .data.CalibrationData
                0x0000000020000004       0x50 Core/Src/General.o
                0x0000000020000004                CalibrationData
 .data.CalibrationDataFactory
                0x0000000020000054       0x50 Core/Src/General.o
                0x0000000020000054                CalibrationDataFactory
 .data.CalibrationDataForVerify
                0x00000000200000a4       0x50 Core/Src/General.o
                0x00000000200000a4                CalibrationDataForVerify
 .data.SaveDataWhenPowerOff
                0x00000000200000f4       0x20 Core/Src/General.o
                0x00000000200000f4                SaveDataWhenPowerOff
 .data.SaveDataWhenPowerOffFactory
                0x0000000020000114       0x20 Core/Src/General.o
                0x0000000020000114                SaveDataWhenPowerOffFactory
 .data.SaveDataWhenPowerOffForVerify
                0x0000000020000134       0x20 Core/Src/General.o
                0x0000000020000134                SaveDataWhenPowerOffForVerify
 .data.SettingsData
                0x0000000020000154       0x48 Core/Src/General.o
                0x0000000020000154                SettingsData
 .data.SettingsDataFactory
                0x000000002000019c       0x48 Core/Src/General.o
                0x000000002000019c                SettingsDataFactory
 .data.SettingsDataForVerify
                0x00000000200001e4       0x48 Core/Src/General.o
                0x00000000200001e4                SettingsDataForVerify
 .data.T_Table  0x000000002000022c       0x20 Core/Src/General.o
                0x000000002000022c                T_Table
 .data.CurrentMenuItem
                0x000000002000024c        0x4 Core/Src/MicroMenu2_1.o
 .data.russ     0x0000000020000250       0x20 Core/Src/hd44780_driver.o
                0x0000000020000250                russ
 .data.ChargeDischargeStatus
                0x0000000020000270        0x1 Core/Src/main.o
                0x0000000020000270                ChargeDischargeStatus
 .data.EEpromWrite_status.7835
                0x0000000020000271        0x1 Core/Src/main.o
 *fill*         0x0000000020000272        0x2 
 .data.OutStateAfterPowerUp
                0x0000000020000274        0x4 Core/Src/main.o
                0x0000000020000274                OutStateAfterPowerUp
 .data.ResistanceComp_Voltage.7711
                0x0000000020000278        0x2 Core/Src/main.o
 .data.Version  0x000000002000027a       0x11 Core/Src/main.o
                0x000000002000027a                Version
 *fill*         0x000000002000028b        0x1 
 .data.SystemCoreClock
                0x000000002000028c        0x4 Core/Src/system_stm32f1xx.o
                0x000000002000028c                SystemCoreClock
                0x0000000020000290                . = ALIGN (0x4)
                0x0000000020000290                _edata = .

.igot.plt       0x0000000020000290        0x0 load address 0x000000000800727c
 .igot.plt      0x0000000020000290        0x0 c:/st/stm32cubeide_1.4.0/stm32cubeide/plugins/com.st.stm32cube.ide.mcu.externaltools.gnu-tools-for-stm32.7-2018-q2-update.win32_1.5.0.202011040924/tools/bin/../lib/gcc/arm-none-eabi/7.3.1/thumb/v7-m/crtbegin.o
                0x0000000020000290                . = ALIGN (0x4)

.bss            0x0000000020000290      0x790 load address 0x000000000800727c
                0x0000000020000290                _sbss = .
                0x0000000020000290                __bss_start__ = _sbss
 *(.bss)
 .bss           0x0000000020000290       0x1c c:/st/stm32cubeide_1.4.0/stm32cubeide/plugins/com.st.stm32cube.ide.mcu.externaltools.gnu-tools-for-stm32.7-2018-q2-update.win32_1.5.0.202011040924/tools/bin/../lib/gcc/arm-none-eabi/7.3.1/thumb/v7-m/crtbegin.o
 *(.bss*)
 .bss.Count1000mSecond
                0x00000000200002ac        0x2 Core/Src/General.o
                0x00000000200002ac                Count1000mSecond
 .bss.Count100mSecond
                0x00000000200002ae        0x2 Core/Src/General.o
                0x00000000200002ae                Count100mSecond
 .bss.Count10mSecond
                0x00000000200002b0        0x2 Core/Src/General.o
                0x00000000200002b0                Count10mSecond
 .bss.Current_Out
                0x00000000200002b2        0x2 Core/Src/General.o
                0x00000000200002b2                Current_Out
 .bss.Current_load
                0x00000000200002b4        0x2 Core/Src/General.o
                0x00000000200002b4                Current_load
 .bss.U_OUT_ForSetResistance
                0x00000000200002b6        0x2 Core/Src/General.o
                0x00000000200002b6                U_OUT_ForSetResistance
 .bss.bufferUart1
                0x00000000200002b8      0x45c Core/Src/General.o
                0x00000000200002b8                bufferUart1
 .bss.InputValueI1.5088
                0x0000000020000714        0xc Core/Src/Lib.o
 .bss.InputValueI2.5096
                0x0000000020000720        0xc Core/Src/Lib.o
 .bss.InputValueU1.5104
                0x000000002000072c        0xc Core/Src/Lib.o
 .bss.InputValueU2.5112
                0x0000000020000738        0xc Core/Src/Lib.o
 .bss.InputValueU3.5120
                0x0000000020000744        0xc Core/Src/Lib.o
 .bss.s1.4950   0x0000000020000750       0x10 Core/Src/Lib.o
 .bss.s1.4979   0x0000000020000760       0x11 Core/Src/Lib.o
 *fill*         0x0000000020000771        0x3 
 .bss.MenuWriteFunc
                0x0000000020000774        0x4 Core/Src/MicroMenu2_1.o
 .bss.pos_x     0x0000000020000778        0x1 Core/Src/hd44780_driver.o
                0x0000000020000778                pos_x
 .bss.pos_y     0x0000000020000779        0x1 Core/Src/hd44780_driver.o
                0x0000000020000779                pos_y
 *fill*         0x000000002000077a        0x2 
 .bss.BatteryCapacityCharge
                0x000000002000077c        0x4 Core/Src/main.o
                0x000000002000077c                BatteryCapacityCharge
 .bss.BatteryCapacityDischargeCurrent
                0x0000000020000780        0x4 Core/Src/main.o
                0x0000000020000780                BatteryCapacityDischargeCurrent
 .bss.BatteryCapacityDischargeCurrentAfterPOwerUp
                0x0000000020000784        0x4 Core/Src/main.o
                0x0000000020000784                BatteryCapacityDischargeCurrentAfterPOwerUp
 .bss.BatteryLow
                0x0000000020000788        0x1 Core/Src/main.o
                0x0000000020000788                BatteryLow
 .bss.Blink_message_counter
                0x0000000020000789        0x1 Core/Src/main.o
                0x0000000020000789                Blink_message_counter
 .bss.ChargeDischargeState
                0x000000002000078a        0x1 Core/Src/main.o
                0x000000002000078a                ChargeDischargeState
 .bss.ChargeStatusForTimer
                0x000000002000078b        0x1 Core/Src/main.o
                0x000000002000078b                ChargeStatusForTimer
 .bss.ChargeTimeSec
                0x000000002000078c        0x4 Core/Src/main.o
                0x000000002000078c                ChargeTimeSec
 .bss.CheckingCapacityCounter
                0x0000000020000790        0x1 Core/Src/main.o
                0x0000000020000790                CheckingCapacityCounter
 .bss.CountShow
                0x0000000020000791        0x1 Core/Src/main.o
                0x0000000020000791                CountShow
 .bss.CountShow1
                0x0000000020000792        0x1 Core/Src/main.o
                0x0000000020000792                CountShow1
 .bss.CountShowBT
                0x0000000020000793        0x1 Core/Src/main.o
                0x0000000020000793                CountShowBT
 .bss.DisChargeStatusForTimer
                0x0000000020000794        0x1 Core/Src/main.o
                0x0000000020000794                DisChargeStatusForTimer
 *fill*         0x0000000020000795        0x3 
 .bss.DischargeTimeSec
                0x0000000020000798        0x4 Core/Src/main.o
                0x0000000020000798                DischargeTimeSec
 .bss.DischargeTimeSec_Previous
                0x000000002000079c        0x4 Core/Src/main.o
                0x000000002000079c                DischargeTimeSec_Previous
 .bss.EnterInMenu_Status
                0x00000000200007a0        0x1 Core/Src/main.o
                0x00000000200007a0                EnterInMenu_Status
 .bss.InitiStatus
                0x00000000200007a1        0x1 Core/Src/main.o
                0x00000000200007a1                InitiStatus
 .bss.On_off    0x00000000200007a2        0x1 Core/Src/main.o
                0x00000000200007a2                On_off
 *fill*         0x00000000200007a3        0x1 
 .bss.PowerOffTimesec
                0x00000000200007a4        0x4 Core/Src/main.o
                0x00000000200007a4                PowerOffTimesec
 .bss.Status_Load
                0x00000000200007a8        0x1 Core/Src/main.o
                0x00000000200007a8                Status_Load
 .bss.Status_Out
                0x00000000200007a9        0x1 Core/Src/main.o
                0x00000000200007a9                Status_Out
 .bss.Status_Timer_Sec
                0x00000000200007aa        0x1 Core/Src/main.o
                0x00000000200007aa                Status_Timer_Sec
 *fill*         0x00000000200007ab        0x1 
 .bss.SumI1     0x00000000200007ac        0x4 Core/Src/main.o
                0x00000000200007ac                SumI1
 .bss.SumI1Counter
                0x00000000200007b0        0x2 Core/Src/main.o
                0x00000000200007b0                SumI1Counter
 *fill*         0x00000000200007b2        0x2 
 .bss.SumI2     0x00000000200007b4        0x4 Core/Src/main.o
                0x00000000200007b4                SumI2
 .bss.SumI2Counter
                0x00000000200007b8        0x2 Core/Src/main.o
                0x00000000200007b8                SumI2Counter
 *fill*         0x00000000200007ba        0x2 
 .bss.SumU1     0x00000000200007bc        0x4 Core/Src/main.o
                0x00000000200007bc                SumU1
 .bss.SumU1Counter
                0x00000000200007c0        0x2 Core/Src/main.o
                0x00000000200007c0                SumU1Counter
 *fill*         0x00000000200007c2        0x2 
 .bss.SumU2     0x00000000200007c4        0x4 Core/Src/main.o
                0x00000000200007c4                SumU2
 .bss.SumU2Counter
                0x00000000200007c8        0x2 Core/Src/main.o
                0x00000000200007c8                SumU2Counter
 *fill*         0x00000000200007ca        0x2 
 .bss.TimerForReadyMeasurement_ms
                0x00000000200007cc        0x4 Core/Src/main.o
                0x00000000200007cc                TimerForReadyMeasurement_ms
 .bss.Timer_Sec
                0x00000000200007d0        0x4 Core/Src/main.o
                0x00000000200007d0                Timer_Sec
 .bss.U_BatteryTmp
                0x00000000200007d4        0x2 Core/Src/main.o
                0x00000000200007d4                U_BatteryTmp
 *fill*         0x00000000200007d6        0x2 
 .bss.U_Battery_Timer
                0x00000000200007d8        0x4 Core/Src/main.o
                0x00000000200007d8                U_Battery_Timer
 .bss.U_OUTtmp  0x00000000200007dc        0x4 Core/Src/main.o
                0x00000000200007dc                U_OUTtmp
 .bss.comp      0x00000000200007e0        0x2 Core/Src/main.o
                0x00000000200007e0                comp
 .bss.i_LogItems
                0x00000000200007e2        0x2 Core/Src/main.o
                0x00000000200007e2                i_LogItems
 .bss.pressedKey
                0x00000000200007e4        0x1 Core/Src/main.o
                0x00000000200007e4                pressedKey
 *fill*         0x00000000200007e5        0x3 
 .bss.time_sec  0x00000000200007e8        0x4 Core/Src/main.o
                0x00000000200007e8                time_sec
 *(COMMON)
 COMMON         0x00000000200007ec      0x228 Core/Src/Eeprom.o
                0x00000000200007ec                U_12V
                0x00000000200007f0                Temperature
                0x00000000200007f4                Current_RAW
                0x00000000200007f8                Temp_R_A_B
                0x0000000020000858                U_IN
                0x000000002000085a                Current
                0x000000002000085c                RegularConvData
                0x000000002000086c                U_Controller
                0x000000002000086e                U_OUT
                0x0000000020000870                Rt
                0x0000000020000874                U_PS
                0x0000000020000878                LoggingData
 COMMON         0x0000000020000a14        0xc Core/Src/main.o
                0x0000000020000a14                SelectedOptionValue1
                0x0000000020000a18                ChargeDurationSec
                0x0000000020000a1c                SelectedOptionValue
                0x0000000020000a20                . = ALIGN (0x4)
                0x0000000020000a20                _ebss = .
                0x0000000020000a20                __bss_end__ = _ebss

._user_heap_stack
                0x0000000020000a20      0x600 load address 0x000000000800727c
                0x0000000020000a20                . = ALIGN (0x8)
                [!provide]                        PROVIDE (end = .)
                0x0000000020000a20                PROVIDE (_end = .)
                0x0000000020000c20                . = (. + _Min_Heap_Size)
 *fill*         0x0000000020000a20      0x200 
                0x0000000020001020                . = (. + _Min_Stack_Size)
 *fill*         0x0000000020000c20      0x400 
                0x0000000020001020                . = ALIGN (0x8)

/DISCARD/
 libc.a(*)
 libm.a(*)
 libgcc.a(*)

.ARM.attributes
                0x0000000000000000       0x29
 *(.ARM.attributes)
 .ARM.attributes
                0x0000000000000000       0x1d c:/st/stm32cubeide_1.4.0/stm32cubeide/plugins/com.st.stm32cube.ide.mcu.externaltools.gnu-tools-for-stm32.7-2018-q2-update.win32_1.5.0.202011040924/tools/bin/../lib/gcc/arm-none-eabi/7.3.1/thumb/v7-m/crti.o
 .ARM.attributes
                0x000000000000001d       0x2d c:/st/stm32cubeide_1.4.0/stm32cubeide/plugins/com.st.stm32cube.ide.mcu.externaltools.gnu-tools-for-stm32.7-2018-q2-update.win32_1.5.0.202011040924/tools/bin/../lib/gcc/arm-none-eabi/7.3.1/thumb/v7-m/crtbegin.o
 .ARM.attributes
                0x000000000000004a       0x33 Core/Src/Eeprom.o
 .ARM.attributes
                0x000000000000007d       0x33 Core/Src/General.o
 .ARM.attributes
                0x00000000000000b0       0x33 Core/Src/Lib.o
 .ARM.attributes
                0x00000000000000e3       0x33 Core/Src/MicroMenu2_1.o
 .ARM.attributes
                0x0000000000000116       0x33 Core/Src/hd44780_driver.o
 .ARM.attributes
                0x0000000000000149       0x33 Core/Src/main.o
 .ARM.attributes
                0x000000000000017c       0x33 Core/Src/stm32f1xx_it.o
 .ARM.attributes
                0x00000000000001af       0x33 Core/Src/system_stm32f1xx.o
 .ARM.attributes
                0x00000000000001e2       0x33 Core/Src/usart.o
 .ARM.attributes
                0x0000000000000215       0x21 Core/Startup/startup_stm32f100c8tx.o
 .ARM.attributes
                0x0000000000000236       0x33 Drivers/STM32F1xx_HAL_Driver/Src/stm32f1xx_ll_adc.o
 .ARM.attributes
                0x0000000000000269       0x33 Drivers/STM32F1xx_HAL_Driver/Src/stm32f1xx_ll_gpio.o
 .ARM.attributes
                0x000000000000029c       0x33 Drivers/STM32F1xx_HAL_Driver/Src/stm32f1xx_ll_rcc.o
 .ARM.attributes
                0x00000000000002cf       0x33 Drivers/STM32F1xx_HAL_Driver/Src/stm32f1xx_ll_usart.o
 .ARM.attributes
                0x0000000000000302       0x33 Drivers/STM32F1xx_HAL_Driver/Src/stm32f1xx_ll_utils.o
 .ARM.attributes
                0x0000000000000335       0x2d c:/st/stm32cubeide_1.4.0/stm32cubeide/plugins/com.st.stm32cube.ide.mcu.externaltools.gnu-tools-for-stm32.7-2018-q2-update.win32_1.5.0.202011040924/tools/bin/../lib/gcc/arm-none-eabi/7.3.1/../../../../arm-none-eabi/lib/thumb/v7-m\libc_nano.a(lib_a-init.o)
 .ARM.attributes
                0x0000000000000362       0x2d c:/st/stm32cubeide_1.4.0/stm32cubeide/plugins/com.st.stm32cube.ide.mcu.externaltools.gnu-tools-for-stm32.7-2018-q2-update.win32_1.5.0.202011040924/tools/bin/../lib/gcc/arm-none-eabi/7.3.1/../../../../arm-none-eabi/lib/thumb/v7-m\libc_nano.a(lib_a-memcpy-stub.o)
 .ARM.attributes
                0x000000000000038f       0x2d c:/st/stm32cubeide_1.4.0/stm32cubeide/plugins/com.st.stm32cube.ide.mcu.externaltools.gnu-tools-for-stm32.7-2018-q2-update.win32_1.5.0.202011040924/tools/bin/../lib/gcc/arm-none-eabi/7.3.1/../../../../arm-none-eabi/lib/thumb/v7-m\libc_nano.a(lib_a-memset.o)
 .ARM.attributes
                0x00000000000003bc       0x1d c:/st/stm32cubeide_1.4.0/stm32cubeide/plugins/com.st.stm32cube.ide.mcu.externaltools.gnu-tools-for-stm32.7-2018-q2-update.win32_1.5.0.202011040924/tools/bin/../lib/gcc/arm-none-eabi/7.3.1/thumb/v7-m/crtn.o
OUTPUT(PS2403L.elf elf32-littlearm)

.debug_info     0x0000000000000000    0x105c1
 .debug_info    0x0000000000000000     0x2102 Core/Src/Eeprom.o
 .debug_info    0x0000000000002102     0x1009 Core/Src/General.o
 .debug_info    0x000000000000310b      0xa9c Core/Src/Lib.o
 .debug_info    0x0000000000003ba7      0x28d Core/Src/MicroMenu2_1.o
 .debug_info    0x0000000000003e34     0x107e Core/Src/hd44780_driver.o
 .debug_info    0x0000000000004eb2     0x7971 Core/Src/main.o
 .debug_info    0x000000000000c823      0x8ca Core/Src/stm32f1xx_it.o
 .debug_info    0x000000000000d0ed      0x253 Core/Src/system_stm32f1xx.o
 .debug_info    0x000000000000d340      0xb66 Core/Src/usart.o
 .debug_info    0x000000000000dea6       0x22 Core/Startup/startup_stm32f100c8tx.o
 .debug_info    0x000000000000dec8      0x8ef Drivers/STM32F1xx_HAL_Driver/Src/stm32f1xx_ll_adc.o
 .debug_info    0x000000000000e7b7      0x813 Drivers/STM32F1xx_HAL_Driver/Src/stm32f1xx_ll_gpio.o
 .debug_info    0x000000000000efca      0x62d Drivers/STM32F1xx_HAL_Driver/Src/stm32f1xx_ll_rcc.o
 .debug_info    0x000000000000f5f7      0x771 Drivers/STM32F1xx_HAL_Driver/Src/stm32f1xx_ll_usart.o
 .debug_info    0x000000000000fd68      0x859 Drivers/STM32F1xx_HAL_Driver/Src/stm32f1xx_ll_utils.o

.debug_abbrev   0x0000000000000000     0x23c1
 .debug_abbrev  0x0000000000000000      0x347 Core/Src/Eeprom.o
 .debug_abbrev  0x0000000000000347      0x2ab Core/Src/General.o
 .debug_abbrev  0x00000000000005f2      0x1da Core/Src/Lib.o
 .debug_abbrev  0x00000000000007cc      0x1d6 Core/Src/MicroMenu2_1.o
 .debug_abbrev  0x00000000000009a2      0x313 Core/Src/hd44780_driver.o
 .debug_abbrev  0x0000000000000cb5      0x5e2 Core/Src/main.o
 .debug_abbrev  0x0000000000001297      0x1bf Core/Src/stm32f1xx_it.o
 .debug_abbrev  0x0000000000001456      0x111 Core/Src/system_stm32f1xx.o
 .debug_abbrev  0x0000000000001567      0x259 Core/Src/usart.o
 .debug_abbrev  0x00000000000017c0       0x12 Core/Startup/startup_stm32f100c8tx.o
 .debug_abbrev  0x00000000000017d2      0x1f5 Drivers/STM32F1xx_HAL_Driver/Src/stm32f1xx_ll_adc.o
 .debug_abbrev  0x00000000000019c7      0x23e Drivers/STM32F1xx_HAL_Driver/Src/stm32f1xx_ll_gpio.o
 .debug_abbrev  0x0000000000001c05      0x27c Drivers/STM32F1xx_HAL_Driver/Src/stm32f1xx_ll_rcc.o
 .debug_abbrev  0x0000000000001e81      0x252 Drivers/STM32F1xx_HAL_Driver/Src/stm32f1xx_ll_usart.o
 .debug_abbrev  0x00000000000020d3      0x2ee Drivers/STM32F1xx_HAL_Driver/Src/stm32f1xx_ll_utils.o

.debug_loc      0x0000000000000000     0x4219
 .debug_loc     0x0000000000000000      0x302 Core/Src/Eeprom.o
 .debug_loc     0x0000000000000302      0x470 Core/Src/General.o
 .debug_loc     0x0000000000000772      0xe31 Core/Src/Lib.o
 .debug_loc     0x00000000000015a3       0xe2 Core/Src/MicroMenu2_1.o
 .debug_loc     0x0000000000001685      0x5af Core/Src/hd44780_driver.o
 .debug_loc     0x0000000000001c34     0x1148 Core/Src/main.o
 .debug_loc     0x0000000000002d7c       0xe2 Core/Src/system_stm32f1xx.o
 .debug_loc     0x0000000000002e5e      0x2c1 Core/Src/usart.o
 .debug_loc     0x000000000000311f      0x324 Drivers/STM32F1xx_HAL_Driver/Src/stm32f1xx_ll_adc.o
 .debug_loc     0x0000000000003443      0x4a6 Drivers/STM32F1xx_HAL_Driver/Src/stm32f1xx_ll_gpio.o
 .debug_loc     0x00000000000038e9      0x19a Drivers/STM32F1xx_HAL_Driver/Src/stm32f1xx_ll_rcc.o
 .debug_loc     0x0000000000003a83      0x3b3 Drivers/STM32F1xx_HAL_Driver/Src/stm32f1xx_ll_usart.o
 .debug_loc     0x0000000000003e36      0x3e3 Drivers/STM32F1xx_HAL_Driver/Src/stm32f1xx_ll_utils.o

.debug_aranges  0x0000000000000000      0x7a0
 .debug_aranges
                0x0000000000000000       0xe8 Core/Src/Eeprom.o
 .debug_aranges
                0x00000000000000e8       0x50 Core/Src/General.o
 .debug_aranges
                0x0000000000000138       0xc8 Core/Src/Lib.o
 .debug_aranges
                0x0000000000000200       0x38 Core/Src/MicroMenu2_1.o
 .debug_aranges
                0x0000000000000238       0xa8 Core/Src/hd44780_driver.o
 .debug_aranges
                0x00000000000002e0      0x248 Core/Src/main.o
 .debug_aranges
                0x0000000000000528       0x50 Core/Src/stm32f1xx_it.o
 .debug_aranges
                0x0000000000000578       0x28 Core/Src/system_stm32f1xx.o
 .debug_aranges
                0x00000000000005a0       0x60 Core/Src/usart.o
 .debug_aranges
                0x0000000000000600       0x28 Core/Startup/startup_stm32f100c8tx.o
 .debug_aranges
                0x0000000000000628       0x68 Drivers/STM32F1xx_HAL_Driver/Src/stm32f1xx_ll_adc.o
 .debug_aranges
                0x0000000000000690       0x30 Drivers/STM32F1xx_HAL_Driver/Src/stm32f1xx_ll_gpio.o
 .debug_aranges
                0x00000000000006c0       0x58 Drivers/STM32F1xx_HAL_Driver/Src/stm32f1xx_ll_rcc.o
 .debug_aranges
                0x0000000000000718       0x40 Drivers/STM32F1xx_HAL_Driver/Src/stm32f1xx_ll_usart.o
 .debug_aranges
                0x0000000000000758       0x48 Drivers/STM32F1xx_HAL_Driver/Src/stm32f1xx_ll_utils.o

.debug_ranges   0x0000000000000000      0xb88
 .debug_ranges  0x0000000000000000       0xd8 Core/Src/Eeprom.o
 .debug_ranges  0x00000000000000d8       0x80 Core/Src/General.o
 .debug_ranges  0x0000000000000158       0xb8 Core/Src/Lib.o
 .debug_ranges  0x0000000000000210       0x40 Core/Src/MicroMenu2_1.o
 .debug_ranges  0x0000000000000250       0x98 Core/Src/hd44780_driver.o
 .debug_ranges  0x00000000000002e8      0x508 Core/Src/main.o
 .debug_ranges  0x00000000000007f0       0x40 Core/Src/stm32f1xx_it.o
 .debug_ranges  0x0000000000000830       0x18 Core/Src/system_stm32f1xx.o
 .debug_ranges  0x0000000000000848       0x50 Core/Src/usart.o
 .debug_ranges  0x0000000000000898       0x20 Core/Startup/startup_stm32f100c8tx.o
 .debug_ranges  0x00000000000008b8       0x70 Drivers/STM32F1xx_HAL_Driver/Src/stm32f1xx_ll_adc.o
 .debug_ranges  0x0000000000000928       0x80 Drivers/STM32F1xx_HAL_Driver/Src/stm32f1xx_ll_gpio.o
 .debug_ranges  0x00000000000009a8       0xc8 Drivers/STM32F1xx_HAL_Driver/Src/stm32f1xx_ll_rcc.o
 .debug_ranges  0x0000000000000a70       0x48 Drivers/STM32F1xx_HAL_Driver/Src/stm32f1xx_ll_usart.o
 .debug_ranges  0x0000000000000ab8       0xd0 Drivers/STM32F1xx_HAL_Driver/Src/stm32f1xx_ll_utils.o

.debug_macro    0x0000000000000000     0xc32c
 .debug_macro   0x0000000000000000      0x162 Core/Src/Eeprom.o
 .debug_macro   0x0000000000000162      0xa8a Core/Src/Eeprom.o
 .debug_macro   0x0000000000000bec       0x2e Core/Src/Eeprom.o
 .debug_macro   0x0000000000000c1a       0x22 Core/Src/Eeprom.o
 .debug_macro   0x0000000000000c3c       0x22 Core/Src/Eeprom.o
 .debug_macro   0x0000000000000c5e       0x8e Core/Src/Eeprom.o
 .debug_macro   0x0000000000000cec       0x51 Core/Src/Eeprom.o
 .debug_macro   0x0000000000000d3d       0xef Core/Src/Eeprom.o
 .debug_macro   0x0000000000000e2c       0x6a Core/Src/Eeprom.o
 .debug_macro   0x0000000000000e96      0x1df Core/Src/Eeprom.o
 .debug_macro   0x0000000000001075       0x1c Core/Src/Eeprom.o
 .debug_macro   0x0000000000001091       0x22 Core/Src/Eeprom.o
 .debug_macro   0x00000000000010b3       0xc3 Core/Src/Eeprom.o
 .debug_macro   0x0000000000001176      0xd23 Core/Src/Eeprom.o
 .debug_macro   0x0000000000001e99     0x75c2 Core/Src/Eeprom.o
 .debug_macro   0x000000000000945b       0x43 Core/Src/Eeprom.o
 .debug_macro   0x000000000000949e      0x36d Core/Src/Eeprom.o
 .debug_macro   0x000000000000980b       0xf2 Core/Src/Eeprom.o
 .debug_macro   0x00000000000098fd       0x6e Core/Src/Eeprom.o
 .debug_macro   0x000000000000996b       0xca Core/Src/Eeprom.o
 .debug_macro   0x0000000000009a35       0x28 Core/Src/Eeprom.o
 .debug_macro   0x0000000000009a5d       0x2a Core/Src/Eeprom.o
 .debug_macro   0x0000000000009a87       0x90 Core/Src/Eeprom.o
 .debug_macro   0x0000000000009b17      0x287 Core/Src/Eeprom.o
 .debug_macro   0x0000000000009d9e      0x1bb Core/Src/Eeprom.o
 .debug_macro   0x0000000000009f59      0x22a Core/Src/Eeprom.o
 .debug_macro   0x000000000000a183      0x12d Core/Src/Eeprom.o
 .debug_macro   0x000000000000a2b0       0x4c Core/Src/Eeprom.o
 .debug_macro   0x000000000000a2fc       0x26 Core/Src/Eeprom.o
 .debug_macro   0x000000000000a322      0x170 Core/Src/General.o
 .debug_macro   0x000000000000a492      0x367 Core/Src/General.o
 .debug_macro   0x000000000000a7f9       0xc5 Core/Src/Lib.o
 .debug_macro   0x000000000000a8be       0x29 Core/Src/MicroMenu2_1.o
 .debug_macro   0x000000000000a8e7      0x174 Core/Src/MicroMenu2_1.o
 .debug_macro   0x000000000000aa5b       0x22 Core/Src/MicroMenu2_1.o
 .debug_macro   0x000000000000aa7d      0x162 Core/Src/hd44780_driver.o
 .debug_macro   0x000000000000abdf       0x46 Core/Src/hd44780_driver.o
 .debug_macro   0x000000000000ac25      0x20a Core/Src/main.o
 .debug_macro   0x000000000000ae2f      0x80f Core/Src/main.o
 .debug_macro   0x000000000000b63e       0x22 Core/Src/main.o
 .debug_macro   0x000000000000b660      0x180 Core/Src/stm32f1xx_it.o
 .debug_macro   0x000000000000b7e0       0xbb Core/Src/system_stm32f1xx.o
 .debug_macro   0x000000000000b89b      0x16e Core/Src/usart.o
 .debug_macro   0x000000000000ba09      0x127 Drivers/STM32F1xx_HAL_Driver/Src/stm32f1xx_ll_adc.o
 .debug_macro   0x000000000000bb30       0xf7 Drivers/STM32F1xx_HAL_Driver/Src/stm32f1xx_ll_gpio.o
 .debug_macro   0x000000000000bc27      0x224 Drivers/STM32F1xx_HAL_Driver/Src/stm32f1xx_ll_gpio.o
 .debug_macro   0x000000000000be4b       0xd6 Drivers/STM32F1xx_HAL_Driver/Src/stm32f1xx_ll_rcc.o
 .debug_macro   0x000000000000bf21      0x130 Drivers/STM32F1xx_HAL_Driver/Src/stm32f1xx_ll_usart.o
 .debug_macro   0x000000000000c051      0x1b5 Drivers/STM32F1xx_HAL_Driver/Src/stm32f1xx_ll_usart.o
 .debug_macro   0x000000000000c206      0x126 Drivers/STM32F1xx_HAL_Driver/Src/stm32f1xx_ll_utils.o

.debug_line     0x0000000000000000     0x6939
 .debug_line    0x0000000000000000      0x980 Core/Src/Eeprom.o
 .debug_line    0x0000000000000980      0x7c8 Core/Src/General.o
 .debug_line    0x0000000000001148      0x7a3 Core/Src/Lib.o
 .debug_line    0x00000000000018eb      0x182 Core/Src/MicroMenu2_1.o
 .debug_line    0x0000000000001a6d      0x7ad Core/Src/hd44780_driver.o
 .debug_line    0x000000000000221a     0x169a Core/Src/main.o
 .debug_line    0x00000000000038b4      0x650 Core/Src/stm32f1xx_it.o
 .debug_line    0x0000000000003f04      0x486 Core/Src/system_stm32f1xx.o
 .debug_line    0x000000000000438a      0x6dd Core/Src/usart.o
 .debug_line    0x0000000000004a67       0x84 Core/Startup/startup_stm32f100c8tx.o
 .debug_line    0x0000000000004aeb      0x62e Drivers/STM32F1xx_HAL_Driver/Src/stm32f1xx_ll_adc.o
 .debug_line    0x0000000000005119      0x5cb Drivers/STM32F1xx_HAL_Driver/Src/stm32f1xx_ll_gpio.o
 .debug_line    0x00000000000056e4      0x636 Drivers/STM32F1xx_HAL_Driver/Src/stm32f1xx_ll_rcc.o
 .debug_line    0x0000000000005d1a      0x5c4 Drivers/STM32F1xx_HAL_Driver/Src/stm32f1xx_ll_usart.o
 .debug_line    0x00000000000062de      0x65b Drivers/STM32F1xx_HAL_Driver/Src/stm32f1xx_ll_utils.o

.debug_str      0x0000000000000000    0x43df3
 .debug_str     0x0000000000000000    0x39328 Core/Src/Eeprom.o
                                      0x3963b (size before relaxing)
 .debug_str     0x0000000000039328      0x18c Core/Src/General.o
                                      0x393b1 (size before relaxing)
 .debug_str     0x00000000000394b4      0x214 Core/Src/Lib.o
                                      0x32bb4 (size before relaxing)
 .debug_str     0x00000000000396c8      0x5a8 Core/Src/MicroMenu2_1.o
                                       0x33c3 (size before relaxing)
 .debug_str     0x0000000000039c70      0x1d7 Core/Src/hd44780_driver.o
                                      0x39430 (size before relaxing)
 .debug_str     0x0000000000039e47     0x6fac Core/Src/main.o
                                      0x40c7c (size before relaxing)
 .debug_str     0x0000000000040df3       0xe8 Core/Src/stm32f1xx_it.o
                                      0x3eae9 (size before relaxing)
 .debug_str     0x0000000000040edb       0x4a Core/Src/system_stm32f1xx.o
                                      0x32a0f (size before relaxing)
 .debug_str     0x0000000000040f25       0xe6 Core/Src/usart.o
                                      0x3939f (size before relaxing)
 .debug_str     0x000000000004100b       0x70 Core/Startup/startup_stm32f100c8tx.o
 .debug_str     0x000000000004107b     0x1308 Drivers/STM32F1xx_HAL_Driver/Src/stm32f1xx_ll_adc.o
                                      0x39b26 (size before relaxing)
 .debug_str     0x0000000000042383      0x3a0 Drivers/STM32F1xx_HAL_Driver/Src/stm32f1xx_ll_gpio.o
                                      0x3442b (size before relaxing)
 .debug_str     0x0000000000042723      0x2bf Drivers/STM32F1xx_HAL_Driver/Src/stm32f1xx_ll_rcc.o
                                      0x3443b (size before relaxing)
 .debug_str     0x00000000000429e2      0x83d Drivers/STM32F1xx_HAL_Driver/Src/stm32f1xx_ll_usart.o
                                      0x35e9c (size before relaxing)
 .debug_str     0x000000000004321f      0xbd4 Drivers/STM32F1xx_HAL_Driver/Src/stm32f1xx_ll_utils.o
                                      0x352b1 (size before relaxing)

.comment        0x0000000000000000       0x7b
 .comment       0x0000000000000000       0x7b Core/Src/Eeprom.o
                                         0x7c (size before relaxing)
 .comment       0x000000000000007b       0x7c Core/Src/General.o
 .comment       0x000000000000007b       0x7c Core/Src/Lib.o
 .comment       0x000000000000007b       0x7c Core/Src/MicroMenu2_1.o
 .comment       0x000000000000007b       0x7c Core/Src/hd44780_driver.o
 .comment       0x000000000000007b       0x7c Core/Src/main.o
 .comment       0x000000000000007b       0x7c Core/Src/stm32f1xx_it.o
 .comment       0x000000000000007b       0x7c Core/Src/system_stm32f1xx.o
 .comment       0x000000000000007b       0x7c Core/Src/usart.o
 .comment       0x000000000000007b       0x7c Drivers/STM32F1xx_HAL_Driver/Src/stm32f1xx_ll_adc.o
 .comment       0x000000000000007b       0x7c Drivers/STM32F1xx_HAL_Driver/Src/stm32f1xx_ll_gpio.o
 .comment       0x000000000000007b       0x7c Drivers/STM32F1xx_HAL_Driver/Src/stm32f1xx_ll_rcc.o
 .comment       0x000000000000007b       0x7c Drivers/STM32F1xx_HAL_Driver/Src/stm32f1xx_ll_usart.o
 .comment       0x000000000000007b       0x7c Drivers/STM32F1xx_HAL_Driver/Src/stm32f1xx_ll_utils.o

.debug_frame    0x0000000000000000     0x164c
 .debug_frame   0x0000000000000000      0x2a0 Core/Src/Eeprom.o
 .debug_frame   0x00000000000002a0      0x110 Core/Src/General.o
 .debug_frame   0x00000000000003b0      0x214 Core/Src/Lib.o
 .debug_frame   0x00000000000005c4       0x60 Core/Src/MicroMenu2_1.o
 .debug_frame   0x0000000000000624      0x1f0 Core/Src/hd44780_driver.o
 .debug_frame   0x0000000000000814      0x8d4 Core/Src/main.o
 .debug_frame   0x00000000000010e8       0xc0 Core/Src/stm32f1xx_it.o
 .debug_frame   0x00000000000011a8       0x38 Core/Src/system_stm32f1xx.o
 .debug_frame   0x00000000000011e0      0x100 Core/Src/usart.o
 .debug_frame   0x00000000000012e0       0xc8 Drivers/STM32F1xx_HAL_Driver/Src/stm32f1xx_ll_adc.o
 .debug_frame   0x00000000000013a8       0x58 Drivers/STM32F1xx_HAL_Driver/Src/stm32f1xx_ll_gpio.o
 .debug_frame   0x0000000000001400       0xa0 Drivers/STM32F1xx_HAL_Driver/Src/stm32f1xx_ll_rcc.o
 .debug_frame   0x00000000000014a0       0x80 Drivers/STM32F1xx_HAL_Driver/Src/stm32f1xx_ll_usart.o
 .debug_frame   0x0000000000001520       0xb8 Drivers/STM32F1xx_HAL_Driver/Src/stm32f1xx_ll_utils.o
 .debug_frame   0x00000000000015d8       0x2c c:/st/stm32cubeide_1.4.0/stm32cubeide/plugins/com.st.stm32cube.ide.mcu.externaltools.gnu-tools-for-stm32.7-2018-q2-update.win32_1.5.0.202011040924/tools/bin/../lib/gcc/arm-none-eabi/7.3.1/../../../../arm-none-eabi/lib/thumb/v7-m\libc_nano.a(lib_a-init.o)
 .debug_frame   0x0000000000001604       0x28 c:/st/stm32cubeide_1.4.0/stm32cubeide/plugins/com.st.stm32cube.ide.mcu.externaltools.gnu-tools-for-stm32.7-2018-q2-update.win32_1.5.0.202011040924/tools/bin/../lib/gcc/arm-none-eabi/7.3.1/../../../../arm-none-eabi/lib/thumb/v7-m\libc_nano.a(lib_a-memcpy-stub.o)
 .debug_frame   0x000000000000162c       0x20 c:/st/stm32cubeide_1.4.0/stm32cubeide/plugins/com.st.stm32cube.ide.mcu.externaltools.gnu-tools-for-stm32.7-2018-q2-update.win32_1.5.0.202011040924/tools/bin/../lib/gcc/arm-none-eabi/7.3.1/../../../../arm-none-eabi/lib/thumb/v7-m\libc_nano.a(lib_a-memset.o)
